02-20 12:01:47.546 23357 23896 E BluetoothRemoteDevices: Remote class is UNCATEGORIZED
02-20 12:01:47.652 23357 23896 E BluetoothRemoteDevices: Remote class is UNCATEGORIZED
02-20 12:01:47.860 23357 23896 E BluetoothRemoteDevices: Remote class is UNCATEGORIZED
02-20 12:01:47.864 28816 28816 I flutter : BLE: POLITEKNIK DEVICE FOUND DName=TANIMSIZ NOKTA,rn=09587391
02-20 12:01:47.864 28816 28816 I flutter : MD5 : 6cdedec8adf32659ae0f857a90d95a8e
02-20 12:01:47.864 28816 28816 I flutter : Epoch Time= 1771578107864 seconds ago. = 1771578107864
02-20 12:01:47.864 28816 28816 I flutter : BLE: Bulundu - TEST (7C:DF:A1:B9:AD:56) RSSI: -58
02-20 12:01:47.869 23357 23896 I BluetoothRemoteDevices: getBatteryLevel : -1 from HFP
02-20 12:01:47.869 23357 23896 I BluetoothRemoteDevices: setBatteryLevelFromBatteryService : -1
02-20 12:01:47.869 23357 23896 I BluetoothRemoteDevices: getBatteryLevel : -1 from HFP
02-20 12:01:47.877 23357 23896 I ContainerConfigurationPolicy: Bluetooth And NFC caller permission check
02-20 12:01:47.883 22596 22947 I BluetoothDeviceBatteryManager: action: android.bluetooth.device.action.ACL_DISCONNECTED
02-20 12:01:47.884 22596 23675 D SLocation: BluetoothStatusMonitor - disconn, (7C:DF:A1:**:**:56/737), 2
02-20 12:01:47.885 23458 23600 W BluetoothEventManager: AclStateChangedHandler: activeDevice is null
02-20 12:01:47.891 22596 23675 D SLocation: BluetoothDeviceManager - handleDisconnected (7C:DF:A1:**:**:56/737) 2
02-20 12:01:47.891 28834 28834 I [+0300]oneconnect[1.8.41.23_01][CORE]: BluetoothHelper.handleActionConnectionStateChanged -  [action]android.bluetooth.device.action.ACL_DISCONNECTED [connState]0[address]TEST - ($)
02-20 12:01:47.894 22596 22947 I BluetoothDeviceBatteryManager: # Alias(TEST) / Address(7CDFA1_6)
02-20 12:01:47.896 23357 18545 I BluetoothRemoteDevices: getBatteryLevel : -1 from HFP
02-20 12:01:47.896 28834 28834 W [+0300]oneconnect[1.8.41.23_01][CORE]: BluetoothHelper.handleActionConnectionStateChanged - Skip exceptional case do not add device: BluetoothProfile.STATE_DISCONNECTED, BluetoothDevice.BOND_NONE name: ($)-T(4) mac: ($)7C:DF
02-20 12:01:47.896 22596 22947 I BluetoothDeviceBatteryManager: # BatteryLevel : -1
02-20 12:01:47.900 25469 25527 I D_FMM:[WearableManager     ]: LBA_Event : TEST - 7C:**:**:**:AD:56
02-20 12:01:47.914  8927  9040 D BluetoothAdapter: getBondedDevices() - package : com.google.android.gms, state : 12
02-20 12:01:47.916  8927  9040 D BluetoothAdapter: getBondedDevices() - package : com.google.android.gms, state : 12
02-20 12:01:47.947 22596 23675 D SLocation: BluetoothStatusMonitor - disconn, (7C:DF:A1:**:**:56/737), 2
02-20 12:01:47.947 22596 23675 D SLocation: BluetoothDeviceManager - handleDisconnected (7C:DF:A1:**:**:56/737) 2
02-20 12:01:47.949 23458 23600 W BluetoothEventManager: AclStateChangedHandler: activeDevice is null
02-20 12:01:48.304 31651 31669 I BluetoothAdapter: BluetoothAdapter() : com.google.android.googlequicksearchbox
02-20 12:01:48.315 31651 31695 D BluetoothAdapter: getBondedDevices() - package : com.google.android.googlequicksearchbox, state : 12
02-20 12:01:48.319 31651 31695 I BluetoothAdapter: BluetoothAdapter() : com.google.android.googlequicksearchbox
02-20 12:01:48.386 28816 28816 I flutter : Bağlantı durumu: DeviceConnectionState.connecting
02-20 12:01:48.387 28816 28892 D BluetoothGatt: connect() - device: XX:XX:XX:XX:AD:56, auto: true
02-20 12:01:48.388 28816 28892 D BluetoothGatt: registerApp()
02-20 12:01:48.388 28816 28892 D BluetoothGatt: registerApp() - UUID=c44ca05b-59f2-4060-826e-ac8371cc2c3b
02-20 12:01:48.402 28816 28825 D BluetoothGatt: onClientRegistered() - status=0 clientIf=115
02-20 12:01:48.435 23357 23856 W BluetoothMetrics: system/gd/os/android/metrics.cc:488 LogMetricBluetoothEvent: Failed BluetoothEvent Upload - Address is Empty
02-20 12:01:48.573 23357 23851 W bt_bta_gattc: system/bta/gatt/bta_gattc_cache.cc:192 GetRobustCachingSupport: Device LMP version 0x09 < Bluetooth 5.1. Ignore database cache read.
02-20 12:01:48.574 23357 23851 W bt_bta_gattc: system/bta/gatt/bta_gattc_cache.cc:192 GetRobustCachingSupport: Device LMP version 0x09 < Bluetooth 5.1. Ignore database cache read.
02-20 12:01:48.583 23357 23896 I ContainerConfigurationPolicy: Bluetooth And NFC caller permission check
02-20 12:01:48.584 22596 22947 I BluetoothDeviceBatteryManager: action: android.bluetooth.device.action.ACL_CONNECTED
02-20 12:01:48.585 22596 22596 D BluetoothPolicyService: onReceive android.bluetooth.device.action.ACL_CONNECTED
02-20 12:01:48.586 22596 22596 D BluetoothPolicyService: isDesktopConnectivityEnabled : true
02-20 12:01:48.588 23458 23600 W BluetoothEventManager: AclStateChangedHandler: activeDevice is null
02-20 12:01:48.596 22596 23675 D SLocation: BluetoothStatusMonitor - conn, (7C:DF:A1:**:**:56/737), state : 10, 2
02-20 12:01:48.598 31680 31680 I GH.WifiBluetoothRcvr: Connection action: android.bluetooth.device.action.ACL_CONNECTED, device XX:XX:XX:XX:AD:56
02-20 12:01:48.600 22596 22947 I BluetoothDeviceBatteryManager: # Alias(TEST) / Address(7CDFA1_6)
02-20 12:01:48.602 23357 27230 I BluetoothRemoteDevices: getBatteryLevel : -1 from HFP
02-20 12:01:48.602 22596 22947 I BluetoothDeviceBatteryManager: # BatteryLevel : -1
02-20 12:01:48.603 28816 28825 D BluetoothGatt: onClientConnectionState() - status=0 clientIf=115 connected=true device=XX:XX:XX:XX:AD:56
02-20 12:01:48.603 28834 28834 I [+0300]oneconnect[1.8.41.23_01][CORE]: BluetoothHelper.handleActionConnectionStateChanged -  [action]android.bluetooth.device.action.ACL_CONNECTED [connState]2[address]TEST - ($)
02-20 12:01:48.605 28816 28816 I flutter : Bağlantı durumu: DeviceConnectionState.connected
02-20 12:01:48.608 22596 23675 D SLocation: BluetoothStatusMonitor - conn, (7C:DF:A1:**:**:56/737), state : 10, 2
02-20 12:01:48.610 25469 25527 I D_FMM:[WearableManager     ]: LBA_Event : TEST - 7C:**:**:**:AD:56
02-20 12:01:48.611 23458 23600 W BluetoothEventManager: AclStateChangedHandler: activeDevice is null
02-20 12:01:48.619 28834 30673 I BluetoothHeadset: getConnectionState() in if statement
02-20 12:01:48.621  8927  9040 D BluetoothAdapter: getBondedDevices() - package : com.google.android.gms, state : 12
02-20 12:01:48.625 23357 10880 E BluetoothRemoteDevices: mSocketConnectedCount 0
02-20 12:01:48.625  8927  9040 D BluetoothAdapter: getBondedDevices() - package : com.google.android.gms, state : 12
02-20 12:01:48.625 28834 30673 I [+0300]oneconnect[1.8.41.23_01][CORE]: BluetoothHelper.getBtDevice - deviceBt ($)-T(4)
02-20 12:01:48.626 28834 30673 I [+0300]oneconnect[1.8.41.23_01][CORE]: BluetoothHelperUtil.getManufacturerData -  - ($)
02-20 12:01:48.626 28834 30673 I [+0300]oneconnect[1.8.41.23_01][CORE]: BluetoothHelper.getBtDevice - isConnected:false
02-20 12:01:48.629 31680 31680 I GH.WifiBluetoothRcvr: Wireless projection is available on this phone.
02-20 12:01:48.643 31680 31722 I BluetoothAdapter: BluetoothAdapter() : com.google.android.projection.gearhead
02-20 12:01:48.646 31709 31709 I BluetoothAdapter: BluetoothAdapter() : com.sec.android.CcInfo
02-20 12:01:48.647 28834 30673 I [+0300]oneconnect[1.8.41.23_01][CORE]: BluetoothHelper.setDeviceTypeAndIconForExceptedDevices - devicename: ($)-T(4)
02-20 12:01:49.020 28816 28825 D BluetoothGatt: onConnectionUpdated() - Device=XX:XX:XX:XX:AD:56 interval=6 latency=0 timeout=500 status=0
02-20 12:01:49.423 28816 28825 D BluetoothGatt: onConnectionUpdated() - Device=XX:XX:XX:XX:AD:56 interval=36 latency=0 timeout=500 status=0
02-20 12:01:51.228 21975 21975 I flutter : BLE: Tarama zaten durmuş durumda
02-20 12:01:51.318 21975 21975 I flutter : BLE: ------------------------------12:01:51 Fri 20 Feb.
02-20 12:01:51.319 21975 21975 I flutter : BLE: Tarama başlatılıyor... (nameFilter: null, manufacturerId: None)
02-20 12:01:51.324 21975 21975 I flutter : BLE: Tarama tamamlandı
02-20 12:01:51.329 21975 22264 D BluetoothAdapter: isLeEnabled(): ON
02-20 12:01:51.329 21975 22264 D BluetoothLeScanner: Stop Scan with callback
02-20 12:01:51.339 21975 22264 D BluetoothAdapter: isLeEnabled(): ON
02-20 12:01:51.342 21975 22264 D BluetoothLeScanner: Start Scan with callback
02-20 12:01:51.345 21975 22265 D BluetoothLeScanner: onScannerRegistered() - status=0 scannerId=9 mScannerId=0
02-20 12:01:51.369 21975 21975 I flutter : BLE: POLITEKNIK DEVICE FOUND DName=TANIMSIZ NOKTA,rn=97535306
02-20 12:01:51.370 21975 21975 I flutter : MD5 : 973fac5f958ab0467d0b3c9b6bf6c668
02-20 12:01:51.371 21975 21975 I flutter : Epoch Time= 1771578111370 seconds ago. = 1771578111371
02-20 12:01:51.371 21975 21975 I flutter : BLE: Bulundu - TEST (7C:DF:A1:B9:AD:56) RSSI: -46
02-20 12:01:51.377 28816 28816 I flutter : Servisler keşfediliyor...
02-20 12:01:51.380 28816 28892 D BluetoothGatt: discoverServices() - device: XX:XX:XX:XX:AD:56
02-20 12:01:51.384 28816 28825 D BluetoothGatt: onSearchComplete() = address=XX:XX:XX:XX:AD:56 status=0
02-20 12:01:51.387 28816 28816 I flutter : Servis bulundu: 00001800-0000-1000-8000-00805f9b34fb
02-20 12:01:51.387 28816 28816 I flutter : Characteristic bulundu: 00002a00-0000-1000-8000-00805f9b34fb
02-20 12:01:51.387 28816 28816 I flutter : Characteristic bulundu: 00002a01-0000-1000-8000-00805f9b34fb
02-20 12:01:51.387 28816 28816 I flutter : Servis bulundu: 00001801-0000-1000-8000-00805f9b34fb
02-20 12:01:51.387 28816 28816 I flutter : Characteristic bulundu: 00002a05-0000-1000-8000-00805f9b34fb
02-20 12:01:51.387 28816 28816 I flutter : Characteristic bulundu: 00002b3a-0000-1000-8000-00805f9b34fb
02-20 12:01:51.387 28816 28816 I flutter : Characteristic bulundu: 00002b29-0000-1000-8000-00805f9b34fb
02-20 12:01:51.387 28816 28816 I flutter : Servis bulundu: 12345678-1234-1234-1234-123456789abc
02-20 12:01:51.387 28816 28816 I flutter : Characteristic bulundu: 87654321-4321-4321-4321-abcdefabcdef
02-20 12:01:51.387 28816 28816 I flutter : Write characteristic bulundu: 87654321-4321-4321-4321-abcdefabcdef
02-20 12:01:51.387 28816 28816 I flutter : Read characteristic bulundu: 87654321-4321-4321-4321-abcdefabcdef
02-20 12:01:51.387 28816 28816 I flutter : ESP Tx karakteristiği notification dinleme başlatılıyor...
02-20 12:01:51.387 28816 28816 I flutter : ESP notification dinleme başlatıldı - READ işlemi yapılmıyor
02-20 12:01:51.387 28816 28816 I flutter : ESP characteristic özellikleri kontrol ediliyor...
02-20 12:01:51.387 28816 28816 I flutter : ESP INDICATE dinleme de başlatılıyor...
02-20 12:01:51.387 28816 28816 I flutter : ESP hem NOTIFY hem INDICATE dinleme başlatıldı
02-20 12:01:51.406 21975 21975 I flutter : BLE: POLITEKNIK DEVICE FOUND DName=TURNIKE2,rn=37600080
02-20 12:01:51.407 21975 21975 I flutter : MD5 : 797c15a0aa5bdc27c00490ce1af15787
02-20 12:01:51.407 21975 21975 I flutter : Epoch Time= 1771578111407 seconds ago. = 1771578111407
02-20 12:01:51.408 21975 21975 I flutter : BLE: Bulundu - TURNIKE2 (7C:DF:A1:B7:2F:D2) RSSI: -94
02-20 12:01:51.540 28816 31348 D BluetoothGatt: setCharacteristicNotification() - uuid: 87654321-4321-4321-4321-abcdefabcdef enable: true
02-20 12:01:51.845 22596 24177 W Binder  : 	at android.bluetooth.IBluetoothGatt$Stub$Proxy.getAdvertisingSetUids(IBluetoothGatt.java:1678)
02-20 12:01:51.845 22596 24177 W Binder  : 	at android.bluetooth.BluetoothAdapter.getAdvertisingSetUids(BluetoothAdapter.java:8476)
02-20 12:01:51.845 22596 24177 W Binder  : 	at android.bluetooth.BluetoothAdapter.getHWUsingApps(BluetoothAdapter.java:1342)
02-20 12:01:51.890 28816 28816 I flutter : === MESAJ GÖNDERİLİYOR ===
02-20 12:01:51.890 28816 28816 I flutter : 1. BYTE ARRAY (32 byte):
02-20 12:01:51.890 28816 28816 I flutter :    0x6C 0xDE 0xDE 0xC8 0xAD 0xF3 0x26 0x59 0xAE 0x0F 0x85 0x7A 0x90 0xD9 0x5A 0x8E 0xAE 0xE8 0x47 0x3C 0xEB 0xA2 0xA5 0x6C 0xD6 0xF8 0xB6 0x28 0x05 0x68 0x32 0x38
02-20 12:01:52.261 28816 28816 I flutter : ✓ Mesaj başarıyla gönderildi!
02-20 12:01:52.261 28816 28816 I flutter : ========================
02-20 12:01:52.930 23357 23896 E BluetoothRemoteDevices: Remote class is UNCATEGORIZED
02-20 12:01:53.002 23357 23896 E BluetoothRemoteDevices: Remote class is UNCATEGORIZED
02-20 12:01:55.644 28816 28816 I flutter : === ESP NOTIFICATION ALINDI ===
02-20 12:01:55.644 28816 28816 I flutter : TOPLAM: 16 byte
02-20 12:01:55.644 28816 28816 I flutter : 1. BYTE ARRAY:
02-20 12:01:55.644 28816 28816 I flutter :    0x0B 0x22 0x9D 0x07 0xC1 0x98 0xBC 0xDC 0x49 0x5A 0x2C 0x59 0xA6 0x05 0xC8 0xF8
02-20 12:01:55.644 28816 28816 I flutter : ==============================
02-20 12:01:55.644 28816 28816 I flutter : === ESP INDICATE ALINDI ===
02-20 12:01:55.644 28816 28816 I flutter : TOPLAM: 16 byte
02-20 12:01:55.644 28816 28816 I flutter : 1. BYTE ARRAY:
02-20 12:01:55.644 28816 28816 I flutter :    0x0B 0x22 0x9D 0x07 0xC1 0x98 0xBC 0xDC 0x49 0x5A 0x2C 0x59 0xA6 0x05 0xC8 0xF8
02-20 12:01:55.644 28816 28816 I flutter : ===========================
02-20 12:01:55.646 28816 28816 I flutter : === ESP NOTIFICATION ALINDI ===
02-20 12:01:55.646 28816 28816 I flutter : TOPLAM: 16 byte
02-20 12:01:55.646 28816 28816 I flutter : 1. BYTE ARRAY:
02-20 12:01:55.646 28816 28816 I flutter :    0x0B 0x22 0x9D 0x07 0xC1 0x98 0xBC 0xDC 0x49 0x5A 0x2C 0x59 0xA6 0x05 0xC8 0xF8
02-20 12:01:55.646 28816 28816 I flutter : ==============================
02-20 12:01:55.646 28816 28816 I flutter : === ESP INDICATE ALINDI ===
02-20 12:01:55.646 28816 28816 I flutter : TOPLAM: 16 byte
02-20 12:01:55.646 28816 28816 I flutter : 1. BYTE ARRAY:
02-20 12:01:55.646 28816 28816 I flutter :    0x0B 0x22 0x9D 0x07 0xC1 0x98 0xBC 0xDC 0x49 0x5A 0x2C 0x59 0xA6 0x05 0xC8 0xF8
02-20 12:01:55.646 28816 28816 I flutter : ===========================
02-20 12:01:55.659 28816 28892 D BluetoothGatt: cancelOpen() - device: XX:XX:XX:XX:AD:56
02-20 12:01:55.665 28816 29093 D BluetoothGatt: onClientConnectionState() - status=0 clientIf=115 connected=false device=XX:XX:XX:XX:AD:56
02-20 12:01:55.667 28816 29093 D BluetoothGatt: setCharacteristicNotification() - uuid: 87654321-4321-4321-4321-abcdefabcdef enable: false
02-20 12:01:55.671 28816 28892 D BluetoothGatt: close()
02-20 12:01:55.672 28816 28892 D BluetoothGatt: unregisterApp() - mClientIf=115
02-20 12:01:56.687 23357 23896 I BluetoothRemoteDevices: getBatteryLevel : -1 from HFP
02-20 12:01:56.687 23357 23896 I BluetoothRemoteDevices: setBatteryLevelFromBatteryService : -1
02-20 12:01:56.687 23357 23896 I BluetoothRemoteDevices: getBatteryLevel : -1 from HFP
02-20 12:01:56.697 23357 23896 I ContainerConfigurationPolicy: Bluetooth And NFC caller permission check
02-20 12:01:56.697 22596 22947 I BluetoothDeviceBatteryManager: action: android.bluetooth.device.action.ACL_DISCONNECTED
02-20 12:01:56.701 23458 23600 W BluetoothEventManager: AclStateChangedHandler: activeDevice is null
02-20 12:01:56.705 28834 28834 I [+0300]oneconnect[1.8.41.23_01][CORE]: BluetoothHelper.handleActionConnectionStateChanged -  [action]android.bluetooth.device.action.ACL_DISCONNECTED [connState]0[address]TEST - ($)
02-20 12:01:56.706 22596 22947 I BluetoothDeviceBatteryManager: # Alias(TEST) / Address(7CDFA1_6)
02-20 12:01:56.709 28834 28834 W [+0300]oneconnect[1.8.41.23_01][CORE]: BluetoothHelper.handleActionConnectionStateChanged - Skip exceptional case do not add device: BluetoothProfile.STATE_DISCONNECTED, BluetoothDevice.BOND_NONE name: ($)-T(4) mac: ($)7C:DF
02-20 12:01:56.711 23357 24092 I BluetoothRemoteDevices: getBatteryLevel : -1 from HFP
02-20 12:01:56.711 22596 22947 I BluetoothDeviceBatteryManager: # BatteryLevel : -1
02-20 12:01:56.713 22596 23675 D SLocation: BluetoothStatusMonitor - disconn, (7C:DF:A1:**:**:56/737), 2
02-20 12:01:56.713 22596 23675 D SLocation: BluetoothDeviceManager - handleDisconnected (7C:DF:A1:**:**:56/737) 2
02-20 12:01:56.722 25469 25527 I D_FMM:[WearableManager     ]: LBA_Event : TEST - 7C:**:**:**:AD:56
02-20 12:01:56.724  8927  9040 D BluetoothAdapter: getBondedDevices() - package : com.google.android.gms, state : 12
02-20 12:01:56.729  8927  9040 D BluetoothAdapter: getBondedDevices() - package : com.google.android.gms, state : 12
02-20 12:01:56.735 23458 23600 W BluetoothEventManager: AclStateChangedHandler: activeDevice is null
02-20 12:01:56.738 22596 23675 D SLocation: BluetoothStatusMonitor - disconn, (7C:DF:A1:**:**:56/737), 2
02-20 12:01:56.740 22596 23675 D SLocation: BluetoothDeviceManager - handleDisconnected (7C:DF:A1:**:**:56/737) 2
02-20 12:01:57.124 31749 31793 I BluetoothAdapter: BluetoothAdapter() : com.google.android.googlequicksearchbox
02-20 12:01:57.131 31749 31775 D BluetoothAdapter: getBondedDevices() - package : com.google.android.googlequicksearchbox, state : 12
02-20 12:01:57.135 31749 31775 I BluetoothAdapter: BluetoothAdapter() : com.google.android.googlequicksearchbox
02-20 12:02:01.251 21975 21975 I flutter : BLE: Tarama zaten durmuş durumda
02-20 12:02:01.321 21975 21975 I flutter : BLE: ------------------------------12:02:01 Fri 20 Feb.
02-20 12:02:01.322 21975 21975 I flutter : BLE: Tarama başlatılıyor... (nameFilter: null, manufacturerId: None)
02-20 12:02:01.327 21975 21975 I flutter : BLE: Tarama tamamlandı
02-20 12:02:01.330 21975 22264 D BluetoothAdapter: isLeEnabled(): ON
02-20 12:02:01.330 21975 22264 D BluetoothLeScanner: Stop Scan with callback
02-20 12:02:01.346 21975 22264 D BluetoothAdapter: isLeEnabled(): ON
02-20 12:02:01.348 21975 22264 D BluetoothLeScanner: Start Scan with callback
02-20 12:02:01.351 21975 22265 D BluetoothLeScanner: onScannerRegistered() - status=0 scannerId=9 mScannerId=0
02-20 12:02:01.795 28816 28816 I flutter : BLE: Tarama durduruluyor...
02-20 12:02:01.798 28816 28816 I flutter : BLE: Tarama başarıyla durduruldu
02-20 12:02:01.799 28816 28892 D BluetoothAdapter: isLeEnabled(): ON
02-20 12:02:01.799 28816 28892 D BluetoothLeScanner: Stop Scan with callback
02-20 12:02:01.898 28816 28816 I flutter : BLE: ------------------------------12:02:01 Fri 20 Feb.
02-20 12:02:01.899 28816 28816 I flutter : BLE: Tarama başlatılıyor... (nameFilter: null, manufacturerId: None)
02-20 12:02:01.901 28816 28892 D BluetoothAdapter: isLeEnabled(): ON
02-20 12:02:01.903 28816 28892 D BluetoothLeScanner: Start Scan with callback
02-20 12:02:01.907 28816 28825 D BluetoothLeScanner: onScannerRegistered() - status=0 scannerId=10 mScannerId=0
02-20 12:02:02.021 28816 28816 I flutter : BLE: POLITEKNIK DEVICE FOUND DName=TANIMSIZ NOKTA,rn=80799407
02-20 12:02:02.021 28816 28816 I flutter : MD5 : fb112501d9713b41cb40158780ebe714
02-20 12:02:02.021 28816 28816 I flutter : Epoch Time= 1771578122021 seconds ago. = 1771578122021
02-20 12:02:02.021 28816 28816 I flutter : BLE: Bulundu - TEST (7C:DF:A1:B9:AD:56) RSSI: -52
02-20 12:02:02.075 23357 23896 E BluetoothRemoteDevices: Remote class is UNCATEGORIZED
02-20 12:02:02.092 23357 23896 E BluetoothRemoteDevices: Remote class is UNCATEGORIZED
02-20 12:02:02.284 28816 28816 I flutter : BLE: POLITEKNIK DEVICE FOUND DName=TURNIKE2,rn=40909937
02-20 12:02:02.284 28816 28816 I flutter : MD5 : a81ac45df1ebf7c6f33e269bd4710047
02-20 12:02:02.284 28816 28816 I flutter : Epoch Time= 1771578122284 seconds ago. = 1771578122284
02-20 12:02:02.284 28816 28816 I flutter : BLE: Bulundu - TURNIKE2 (7C:DF:A1:B7:2F:D2) RSSI: -81
02-20 12:02:02.323 23357 23896 E BluetoothRemoteDevices: Remote class is UNCATEGORIZED
02-20 12:02:05.905 23357 23896 E BluetoothRemoteDevices: Remote class is UNCATEGORIZED
02-20 12:02:09.617 23357 23896 E BluetoothRemoteDevices: Remote class is UNCATEGORIZED
02-20 12:02:09.622 28816 28816 I flutter : Find Device
02-20 12:02:09.622 28816 28816 I flutter : Find Card
02-20 12:02:10.546 28816 28816 I flutter : Confirmed
02-20 12:02:10.546 28816 28816 I flutter : Connect Device
02-20 12:02:10.552 28816 28892 D BluetoothGatt: connect() - device: XX:XX:XX:XX:AD:56, auto: true
02-20 12:02:10.552 28816 28892 D BluetoothGatt: registerApp()
02-20 12:02:10.552 28816 28816 I flutter : Bağlantı durumu: DeviceConnectionState.connecting
02-20 12:02:10.552 28816 28892 D BluetoothGatt: registerApp() - UUID=07076926-4c18-41aa-a308-0d6643e9420f
02-20 12:02:10.557 28816 28923 D BluetoothGatt: onClientRegistered() - status=0 clientIf=116
02-20 12:02:10.580 23357 23856 W BluetoothMetrics: system/gd/os/android/metrics.cc:488 LogMetricBluetoothEvent: Failed BluetoothEvent Upload - Address is Empty
02-20 12:02:10.759 23357 23851 W bt_bta_gattc: system/bta/gatt/bta_gattc_cache.cc:192 GetRobustCachingSupport: Device LMP version 0x09 < Bluetooth 5.1. Ignore database cache read.
02-20 12:02:10.759 23357 23851 W bt_bta_gattc: system/bta/gatt/bta_gattc_cache.cc:192 GetRobustCachingSupport: Device LMP version 0x09 < Bluetooth 5.1. Ignore database cache read.
02-20 12:02:10.776 23357 23896 I ContainerConfigurationPolicy: Bluetooth And NFC caller permission check
02-20 12:02:10.776 22596 22947 I BluetoothDeviceBatteryManager: action: android.bluetooth.device.action.ACL_CONNECTED
02-20 12:02:10.777 22596 22596 D BluetoothPolicyService: onReceive android.bluetooth.device.action.ACL_CONNECTED
02-20 12:02:10.777 22596 22596 D BluetoothPolicyService: isDesktopConnectivityEnabled : true
02-20 12:02:10.779 22596 23675 D SLocation: BluetoothStatusMonitor - conn, (7C:DF:A1:**:**:56/737), state : 10, 2
02-20 12:02:10.781 23458 23600 W BluetoothEventManager: AclStateChangedHandler: activeDevice is null
02-20 12:02:10.783 22596 22947 I BluetoothDeviceBatteryManager: # Alias(TEST) / Address(7CDFA1_6)
02-20 12:02:10.785 23357 24092 I BluetoothRemoteDevices: getBatteryLevel : -1 from HFP
02-20 12:02:10.785 22596 22947 I BluetoothDeviceBatteryManager: # BatteryLevel : -1
02-20 12:02:10.797 23458 23600 W BluetoothEventManager: AclStateChangedHandler: activeDevice is null
02-20 12:02:10.799 28816 29093 D BluetoothGatt: onClientConnectionState() - status=0 clientIf=116 connected=true device=XX:XX:XX:XX:AD:56
02-20 12:02:10.802 22596 23675 D SLocation: BluetoothStatusMonitor - conn, (7C:DF:A1:**:**:56/737), state : 10, 2
02-20 12:02:10.807 25469 25527 I D_FMM:[WearableManager     ]: LBA_Event : TEST - 7C:**:**:**:AD:56
02-20 12:02:10.810 28816 28816 I flutter : Bağlantı durumu: DeviceConnectionState.connected
02-20 12:02:10.817 22596 22631 I ActivityManager: Start proc 32065:com.google.android.projection.gearhead:shared/u0a224 for broadcast {com.google.android.projection.gearhead/com.google.android.apps.auto.wireless.bluetooth.WifiBluetoothReceiver}
02-20 12:02:10.822 28834 28834 I [+0300]oneconnect[1.8.41.23_01][CORE]: BluetoothHelper.handleActionConnectionStateChanged -  [action]android.bluetooth.device.action.ACL_CONNECTED [connState]2[address]TEST - ($)
02-20 12:02:10.827  8927  9040 D BluetoothAdapter: getBondedDevices() - package : com.google.android.gms, state : 12
02-20 12:02:10.830  8927  9040 D BluetoothAdapter: getBondedDevices() - package : com.google.android.gms, state : 12
02-20 12:02:10.832 28834 30673 I BluetoothHeadset: getConnectionState() in if statement
02-20 12:02:10.842 23357 24092 E BluetoothRemoteDevices: mSocketConnectedCount 0
02-20 12:02:10.843 28834 30673 I [+0300]oneconnect[1.8.41.23_01][CORE]: BluetoothHelper.getBtDevice - deviceBt ($)-T(4)
02-20 12:02:10.846 28834 30673 I [+0300]oneconnect[1.8.41.23_01][CORE]: BluetoothHelperUtil.getManufacturerData -  - ($)
02-20 12:02:10.846 28834 30673 I [+0300]oneconnect[1.8.41.23_01][CORE]: BluetoothHelper.getBtDevice - isConnected:false
02-20 12:02:10.862 28834 30673 I [+0300]oneconnect[1.8.41.23_01][CORE]: BluetoothHelper.setDeviceTypeAndIconForExceptedDevices - devicename: ($)-T(4)
02-20 12:02:10.984 32065 32065 I GH.WifiBluetoothRcvr: Connection action: android.bluetooth.device.action.ACL_CONNECTED, device XX:XX:XX:XX:AD:56
02-20 12:02:11.003 32065 32065 I GH.WifiBluetoothRcvr: Wireless projection is available on this phone.
02-20 12:02:11.016 32065 32090 I BluetoothAdapter: BluetoothAdapter() : com.google.android.projection.gearhead
02-20 12:02:11.154 22596 22631 I ActivityManager: Start proc 32124:com.google.android.projection.gearhead:car/u0a224 for broadcast {com.google.android.projection.gearhead/com.google.android.apps.auto.carservice.gmscorecompat.CarBluetoothReceiver}
02-20 12:02:11.159 28816 29093 D BluetoothGatt: onConnectionUpdated() - Device=XX:XX:XX:XX:AD:56 interval=6 latency=0 timeout=500 status=0
02-20 12:02:11.222 21975 21975 I flutter : BLE: Tarama zaten durmuş durumda
02-20 12:02:11.323 32092 32139 I BluetoothAdapter: BluetoothAdapter() : com.google.android.googlequicksearchbox
02-20 12:02:11.324 21975 21975 I flutter : BLE: ------------------------------12:02:11 Fri 20 Feb.
02-20 12:02:11.324 21975 21975 I flutter : BLE: Tarama başlatılıyor... (nameFilter: null, manufacturerId: None)
02-20 12:02:11.330 21975 21975 I flutter : BLE: Tarama tamamlandı
02-20 12:02:11.351 32124 32124 I BluetoothAdapter: BluetoothAdapter() : com.google.android.projection.gearhead
02-20 12:02:11.357 21975 22264 D BluetoothAdapter: isLeEnabled(): ON
02-20 12:02:11.357 21975 22264 D BluetoothLeScanner: Stop Scan with callback
02-20 12:02:11.370 21975 22264 D BluetoothAdapter: isLeEnabled(): ON
02-20 12:02:11.371 21975 22264 D BluetoothLeScanner: Start Scan with callback
02-20 12:02:11.376 21975 22265 D BluetoothLeScanner: onScannerRegistered() - status=0 scannerId=9 mScannerId=0
02-20 12:02:11.396 32092 32139 I BluetoothAdapter: BluetoothAdapter() : com.google.android.googlequicksearchbox
02-20 12:02:11.465 32148 32148 I BluetoothAdapter: BluetoothAdapter() : com.sec.android.CcInfo
02-20 12:02:11.466 22596 22631 I ActivityManager: Start proc 32164:com.google.android.projection.gearhead:car/u150a224 for broadcast {com.google.android.projection.gearhead/com.google.android.apps.auto.carservice.gmscorecompat.CarBluetoothReceiver}
02-20 12:02:11.521 28816 29093 D BluetoothGatt: onConnectionUpdated() - Device=XX:XX:XX:XX:AD:56 interval=36 latency=0 timeout=500 status=0
02-20 12:02:11.731 32164 32164 I BluetoothAdapter: BluetoothAdapter() : com.google.android.projection.gearhead
02-20 12:02:11.897 32183 32183 I BluetoothAdapter: BluetoothAdapter() : com.sec.android.CcInfo
02-20 12:02:13.547 28816 28816 I flutter : Servisler keşfediliyor...
02-20 12:02:13.549 28816 28892 D BluetoothGatt: discoverServices() - device: XX:XX:XX:XX:AD:56
02-20 12:02:13.552 28816 29093 D BluetoothGatt: onSearchComplete() = address=XX:XX:XX:XX:AD:56 status=0
02-20 12:02:13.556 28816 28816 I flutter : Servis bulundu: 00001800-0000-1000-8000-00805f9b34fb
02-20 12:02:13.556 28816 28816 I flutter : Characteristic bulundu: 00002a00-0000-1000-8000-00805f9b34fb
02-20 12:02:13.556 28816 28816 I flutter : Characteristic bulundu: 00002a01-0000-1000-8000-00805f9b34fb
02-20 12:02:13.557 28816 28816 I flutter : Servis bulundu: 00001801-0000-1000-8000-00805f9b34fb
02-20 12:02:13.557 28816 28816 I flutter : Characteristic bulundu: 00002a05-0000-1000-8000-00805f9b34fb
02-20 12:02:13.557 28816 28816 I flutter : Characteristic bulundu: 00002b3a-0000-1000-8000-00805f9b34fb
02-20 12:02:13.557 28816 28816 I flutter : Characteristic bulundu: 00002b29-0000-1000-8000-00805f9b34fb
02-20 12:02:13.557 28816 28816 I flutter : Servis bulundu: 12345678-1234-1234-1234-123456789abc
02-20 12:02:13.557 28816 28816 I flutter : Characteristic bulundu: 87654321-4321-4321-4321-abcdefabcdef
02-20 12:02:13.557 28816 28816 I flutter : Write characteristic bulundu: 87654321-4321-4321-4321-abcdefabcdef
02-20 12:02:13.557 28816 28816 I flutter : Read characteristic bulundu: 87654321-4321-4321-4321-abcdefabcdef
02-20 12:02:13.557 28816 28816 I flutter : ESP Tx karakteristiği notification dinleme başlatılıyor...
02-20 12:02:13.557 28816 28816 I flutter : ESP notification dinleme başlatıldı - READ işlemi yapılmıyor
02-20 12:02:13.557 28816 28816 I flutter : ESP characteristic özellikleri kontrol ediliyor...
02-20 12:02:13.557 28816 28816 I flutter : ESP INDICATE dinleme de başlatılıyor...
02-20 12:02:13.557 28816 28816 I flutter : ESP hem NOTIFY hem INDICATE dinleme başlatıldı
02-20 12:02:13.557 28816 28816 I flutter : Connect Device delay
02-20 12:02:13.679 28816 31348 D BluetoothGatt: setCharacteristicNotification() - uuid: 87654321-4321-4321-4321-abcdefabcdef enable: true
02-20 12:02:13.758 28816 28816 I flutter : Connect Device delay done
02-20 12:02:13.758 28816 28816 I flutter : Send Message
02-20 12:02:13.758 28816 28816 I flutter : === MESAJ GÖNDERİLİYOR ===
02-20 12:02:13.758 28816 28816 I flutter : 1. BYTE ARRAY (41 byte):
02-20 12:02:13.758 28816 28816 I flutter :    0xA8 0x1A 0xC4 0x5D 0xF1 0xEB 0xF7 0xC6 0xF3 0x3E 0x26 0x9B 0xD4 0x71 0x00 0x47 0x0B 0x22 0x9D 0x07 0xC1 0x98 0xBC 0xDC 0x49 0x5A 0x2C 0x59 0xA6 0x05 0xC8 0xF8 0x00 0x38 0x30 0x37 0x39 0x39 0x34 0x30 0x37
02-20 12:02:14.309 28816 28816 I flutter : ✓ Mesaj başarıyla gönderildi!
02-20 12:02:14.309 28816 28816 I flutter : ========================
02-20 12:02:14.309 28816 28816 I flutter : Send Message Done
02-20 12:02:14.314 28816 28892 D BluetoothGatt: cancelOpen() - device: XX:XX:XX:XX:AD:56
02-20 12:02:14.322 28816 29093 D BluetoothGatt: onClientConnectionState() - status=0 clientIf=116 connected=false device=XX:XX:XX:XX:AD:56
02-20 12:02:14.324 28816 29093 D BluetoothGatt: setCharacteristicNotification() - uuid: 87654321-4321-4321-4321-abcdefabcdef enable: false
02-20 12:02:14.330 28816 28892 D BluetoothGatt: close()
02-20 12:02:14.332 28816 28892 D BluetoothGatt: unregisterApp() - mClientIf=116
02-20 12:02:15.404 23357 23896 I BluetoothRemoteDevices: getBatteryLevel : -1 from HFP
02-20 12:02:15.404 23357 23896 I BluetoothRemoteDevices: setBatteryLevelFromBatteryService : -1
02-20 12:02:15.404 23357 23896 I BluetoothRemoteDevices: getBatteryLevel : -1 from HFP
02-20 12:02:15.416 23357 23896 I ContainerConfigurationPolicy: Bluetooth And NFC caller permission check
02-20 12:02:15.420 22596 23675 D SLocation: BluetoothStatusMonitor - disconn, (7C:DF:A1:**:**:56/737), 2
02-20 12:02:15.420 22596 23675 D SLocation: BluetoothDeviceManager - handleDisconnected (7C:DF:A1:**:**:56/737) 2
02-20 12:02:15.421 22596 22947 I BluetoothDeviceBatteryManager: action: android.bluetooth.device.action.ACL_DISCONNECTED
02-20 12:02:15.424 23458 23600 W BluetoothEventManager: AclStateChangedHandler: activeDevice is null
02-20 12:02:15.425 22596 22947 I BluetoothDeviceBatteryManager: # Alias(TEST) / Address(7CDFA1_6)
02-20 12:02:15.430 22596 23675 D SLocation: BluetoothStatusMonitor - disconn, (7C:DF:A1:**:**:56/737), 2
02-20 12:02:15.431 23357 24092 I BluetoothRemoteDevices: getBatteryLevel : -1 from HFP
02-20 12:02:15.433 23458 23600 W BluetoothEventManager: AclStateChangedHandler: activeDevice is null
02-20 12:02:15.431 22596 23675 D SLocation: BluetoothDeviceManager - handleDisconnected (7C:DF:A1:**:**:56/737) 2
02-20 12:02:15.434 22596 22947 I BluetoothDeviceBatteryManager: # BatteryLevel : -1
02-20 12:02:15.441 28834 28834 I [+0300]oneconnect[1.8.41.23_01][CORE]: BluetoothHelper.handleActionConnectionStateChanged -  [action]android.bluetooth.device.action.ACL_DISCONNECTED [connState]0[address]TEST - ($)
02-20 12:02:15.443 25469 25527 I D_FMM:[WearableManager     ]: LBA_Event : TEST - 7C:**:**:**:AD:56
02-20 12:02:15.453 28834 28834 W [+0300]oneconnect[1.8.41.23_01][CORE]: BluetoothHelper.handleActionConnectionStateChanged - Skip exceptional case do not add device: BluetoothProfile.STATE_DISCONNECTED, BluetoothDevice.BOND_NONE name: ($)-T(4) mac: ($)7C:DF
02-20 12:02:15.460  8927  9040 D BluetoothAdapter: getBondedDevices() - package : com.google.android.gms, state : 12
02-20 12:02:15.460 32092 32116 D BluetoothAdapter: getBondedDevices() - package : com.google.android.googlequicksearchbox, state : 12
02-20 12:02:15.463  8927  9040 D BluetoothAdapter: getBondedDevices() - package : com.google.android.gms, state : 12
02-20 12:02:15.918 22596 24177 W Binder  : 	at android.bluetooth.IBluetoothGatt$Stub$Proxy.getAdvertisingSetUids(IBluetoothGatt.java:1678)
02-20 12:02:15.918 22596 24177 W Binder  : 	at android.bluetooth.BluetoothAdapter.getAdvertisingSetUids(BluetoothAdapter.java:8476)
02-20 12:02:15.918 22596 24177 W Binder  : 	at android.bluetooth.BluetoothAdapter.getHWUsingApps(BluetoothAdapter.java:1342)
02-20 12:02:16.795 28816 28816 I flutter : BLE: Tarama durduruluyor...
02-20 12:02:16.797 28816 28816 I flutter : BLE: Tarama başarıyla durduruldu
02-20 12:02:16.798 28816 28892 D BluetoothAdapter: isLeEnabled(): ON
02-20 12:02:16.798 28816 28892 D BluetoothLeScanner: Stop Scan with callback
02-20 12:02:16.897 28816 28816 I flutter : BLE: ------------------------------12:02:16 Fri 20 Feb.
02-20 12:02:16.897 28816 28816 I flutter : BLE: Tarama başlatılıyor... (nameFilter: null, manufacturerId: None)
02-20 12:02:16.899 28816 28892 D BluetoothAdapter: isLeEnabled(): ON
02-20 12:02:16.901 28816 28892 D BluetoothLeScanner: Start Scan with callback
02-20 12:02:16.905 28816 28923 D BluetoothLeScanner: onScannerRegistered() - status=0 scannerId=10 mScannerId=0
02-20 12:02:16.964 28816 28816 I flutter : BLE: POLITEKNIK DEVICE FOUND DName=TURNIKE2,rn=29183072
02-20 12:02:16.965 28816 28816 I flutter : MD5 : c7aae050c39c9c85fd9c104fbf91fc8e
02-20 12:02:16.965 28816 28816 I flutter : Epoch Time= 1771578136965 seconds ago. = 1771578136965
02-20 12:02:16.965 28816 28816 I flutter : BLE: Bulundu - TURNIKE2 (7C:DF:A1:B7:2F:D2) RSSI: -90
02-20 12:02:16.969 28816 28816 I flutter : BLE: POLITEKNIK DEVICE FOUND DName=TANIMSIZ NOKTA,rn=90693044
02-20 12:02:16.970 28816 28816 I flutter : MD5 : 14cc0b8ce7ecc6b9da1af0f84074c0a7
02-20 12:02:16.970 28816 28816 I flutter : Epoch Time= 1771578136970 seconds ago. = 1771578136970
02-20 12:02:16.970 28816 28816 I flutter : BLE: Bulundu - TEST (7C:DF:A1:B9:AD:56) RSSI: -46
02-20 12:02:17.026 23357 23896 E BluetoothRemoteDevices: Remote class is UNCATEGORIZED
02-20 12:02:17.190 23357 23896 E BluetoothRemoteDevices: Remote class is UNCATEGORIZED
02-20 12:02:17.241 23357 23896 E BluetoothRemoteDevices: Remote class is UNCATEGORIZED
02-20 12:02:18.673 23357 23896 E BluetoothRemoteDevices: Remote class is UNCATEGORIZED
02-20 12:02:19.910 23357 23896 E BluetoothRemoteDevices: Remote class is UNCATEGORIZED
02-20 12:02:21.238 21975 21975 I flutter : BLE: Tarama zaten durmuş durumda
02-20 12:02:21.317 21975 21975 I flutter : BLE: ------------------------------12:02:21 Fri 20 Feb.
02-20 12:02:21.318 21975 21975 I flutter : BLE: Tarama başlatılıyor... (nameFilter: null, manufacturerId: None)
02-20 12:02:21.323 21975 21975 I flutter : BLE: Tarama tamamlandı
02-20 12:02:21.327 21975 22264 D BluetoothAdapter: isLeEnabled(): ON
02-20 12:02:21.327 21975 22264 D BluetoothLeScanner: Stop Scan with callback
02-20 12:02:21.337 21975 22264 D BluetoothAdapter: isLeEnabled(): ON
02-20 12:02:21.339 21975 22264 D BluetoothLeScanner: Start Scan with callback
02-20 12:02:21.342 21975 22265 D BluetoothLeScanner: onScannerRegistered() - status=0 scannerId=9 mScannerId=0
02-20 12:02:23.478 28816 28816 I flutter : Find Device
02-20 12:02:23.479 28816 28816 I flutter : Find Card
02-20 12:02:24.965 28816 28816 I flutter : Confirmed
02-20 12:02:24.965 28816 28816 I flutter : Connect Device
02-20 12:02:24.971 28816 28816 I flutter : Bağlantı durumu: DeviceConnectionState.connecting
02-20 12:02:24.971 28816 28892 D BluetoothGatt: connect() - device: XX:XX:XX:XX:AD:56, auto: true
02-20 12:02:24.971 28816 28892 D BluetoothGatt: registerApp()
02-20 12:02:24.972 28816 28892 D BluetoothGatt: registerApp() - UUID=be3913dc-22b6-4bf6-8af0-6acdb06a91ae
02-20 12:02:24.975 28816 29093 D BluetoothGatt: onClientRegistered() - status=0 clientIf=117
02-20 12:02:25.000 23357 23856 W BluetoothMetrics: system/gd/os/android/metrics.cc:488 LogMetricBluetoothEvent: Failed BluetoothEvent Upload - Address is Empty
02-20 12:02:25.294 23357 23851 W bt_bta_gattc: system/bta/gatt/bta_gattc_cache.cc:192 GetRobustCachingSupport: Device LMP version 0x09 < Bluetooth 5.1. Ignore database cache read.
02-20 12:02:25.294 23357 23851 W bt_bta_gattc: system/bta/gatt/bta_gattc_cache.cc:192 GetRobustCachingSupport: Device LMP version 0x09 < Bluetooth 5.1. Ignore database cache read.
02-20 12:02:25.312 23357 23896 I ContainerConfigurationPolicy: Bluetooth And NFC caller permission check
02-20 12:02:25.313 22596 22947 I BluetoothDeviceBatteryManager: action: android.bluetooth.device.action.ACL_CONNECTED
02-20 12:02:25.313 22596 22596 D BluetoothPolicyService: onReceive android.bluetooth.device.action.ACL_CONNECTED
02-20 12:02:25.314 22596 22596 D BluetoothPolicyService: isDesktopConnectivityEnabled : true
02-20 12:02:25.317 22596 22947 I BluetoothDeviceBatteryManager: # Alias(TEST) / Address(7CDFA1_6)
02-20 12:02:25.317 23458 23600 W BluetoothEventManager: AclStateChangedHandler: activeDevice is null
02-20 12:02:25.318 22596 23675 D SLocation: BluetoothStatusMonitor - conn, (7C:DF:A1:**:**:56/737), state : 10, 2
02-20 12:02:25.319 23357 27230 I BluetoothRemoteDevices: getBatteryLevel : -1 from HFP
02-20 12:02:25.320 22596 22947 I BluetoothDeviceBatteryManager: # BatteryLevel : -1
02-20 12:02:25.338 25469 25527 I D_FMM:[WearableManager     ]: LBA_Event : TEST - 7C:**:**:**:AD:56
02-20 12:02:25.353 28816 29093 D BluetoothGatt: onClientConnectionState() - status=0 clientIf=117 connected=true device=XX:XX:XX:XX:AD:56
02-20 12:02:25.356 28816 28816 I flutter : Bağlantı durumu: DeviceConnectionState.connected
02-20 12:02:25.357 23458 23600 W BluetoothEventManager: AclStateChangedHandler: activeDevice is null
02-20 12:02:25.357 28834 28834 I [+0300]oneconnect[1.8.41.23_01][CORE]: BluetoothHelper.handleActionConnectionStateChanged -  [action]android.bluetooth.device.action.ACL_CONNECTED [connState]2[address]TEST - ($)
02-20 12:02:25.358 22596 23675 D SLocation: BluetoothStatusMonitor - conn, (7C:DF:A1:**:**:56/737), state : 10, 2
02-20 12:02:25.363 22596 22631 I ActivityManager: Start proc 32232:com.google.android.projection.gearhead:shared/u0a224 for broadcast {com.google.android.projection.gearhead/com.google.android.apps.auto.wireless.bluetooth.WifiBluetoothReceiver}
02-20 12:02:25.364 28834 30673 I BluetoothHeadset: getConnectionState() in if statement
02-20 12:02:25.376 23357 27230 E BluetoothRemoteDevices: mSocketConnectedCount 0
02-20 12:02:25.377 28834 30673 I [+0300]oneconnect[1.8.41.23_01][CORE]: BluetoothHelper.getBtDevice - deviceBt ($)-T(4)
02-20 12:02:25.379  8927  9040 D BluetoothAdapter: getBondedDevices() - package : com.google.android.gms, state : 12
02-20 12:02:25.382  8927  9040 D BluetoothAdapter: getBondedDevices() - package : com.google.android.gms, state : 12
02-20 12:02:25.385 28834 30673 I [+0300]oneconnect[1.8.41.23_01][CORE]: BluetoothHelperUtil.getManufacturerData -  - ($)
02-20 12:02:25.385 28834 30673 I [+0300]oneconnect[1.8.41.23_01][CORE]: BluetoothHelper.getBtDevice - isConnected:false
02-20 12:02:25.412 28834 30673 I [+0300]oneconnect[1.8.41.23_01][CORE]: BluetoothHelper.setDeviceTypeAndIconForExceptedDevices - devicename: ($)-T(4)
02-20 12:02:25.543 32232 32232 I GH.WifiBluetoothRcvr: Connection action: android.bluetooth.device.action.ACL_CONNECTED, device XX:XX:XX:XX:AD:56
02-20 12:02:25.563 32232 32232 I GH.WifiBluetoothRcvr: Wireless projection is available on this phone.
02-20 12:02:25.579 32232 32260 I BluetoothAdapter: BluetoothAdapter() : com.google.android.projection.gearhead
02-20 12:02:25.737 28816 29093 D BluetoothGatt: onConnectionUpdated() - Device=XX:XX:XX:XX:AD:56 interval=6 latency=0 timeout=500 status=0
02-20 12:02:25.881 32259 32296 I BluetoothAdapter: BluetoothAdapter() : com.google.android.googlequicksearchbox
02-20 12:02:25.938 32259 32299 I BluetoothAdapter: BluetoothAdapter() : com.google.android.googlequicksearchbox
02-20 12:02:26.097 28816 29093 D BluetoothGatt: onConnectionUpdated() - Device=XX:XX:XX:XX:AD:56 interval=36 latency=0 timeout=500 status=0
02-20 12:02:27.966 28816 28816 I flutter : Servisler keşfediliyor...
02-20 12:02:27.967 28816 28892 D BluetoothGatt: discoverServices() - device: XX:XX:XX:XX:AD:56
02-20 12:02:27.971 28816 28923 D BluetoothGatt: onSearchComplete() = address=XX:XX:XX:XX:AD:56 status=0
02-20 12:02:27.973 28816 28816 I flutter : Servis bulundu: 00001800-0000-1000-8000-00805f9b34fb
02-20 12:02:27.973 28816 28816 I flutter : Characteristic bulundu: 00002a00-0000-1000-8000-00805f9b34fb
02-20 12:02:27.974 28816 28816 I flutter : Characteristic bulundu: 00002a01-0000-1000-8000-00805f9b34fb
02-20 12:02:27.974 28816 28816 I flutter : Servis bulundu: 00001801-0000-1000-8000-00805f9b34fb
02-20 12:02:27.974 28816 28816 I flutter : Characteristic bulundu: 00002a05-0000-1000-8000-00805f9b34fb
02-20 12:02:27.974 28816 28816 I flutter : Characteristic bulundu: 00002b3a-0000-1000-8000-00805f9b34fb
02-20 12:02:27.974 28816 28816 I flutter : Characteristic bulundu: 00002b29-0000-1000-8000-00805f9b34fb
02-20 12:02:27.974 28816 28816 I flutter : Servis bulundu: 12345678-1234-1234-1234-123456789abc
02-20 12:02:27.974 28816 28816 I flutter : Characteristic bulundu: 87654321-4321-4321-4321-abcdefabcdef
02-20 12:02:27.974 28816 28816 I flutter : Write characteristic bulundu: 87654321-4321-4321-4321-abcdefabcdef
02-20 12:02:27.974 28816 28816 I flutter : Read characteristic bulundu: 87654321-4321-4321-4321-abcdefabcdef
02-20 12:02:27.974 28816 28816 I flutter : ESP Tx karakteristiği notification dinleme başlatılıyor...
02-20 12:02:27.974 28816 28816 I flutter : ESP notification dinleme başlatıldı - READ işlemi yapılmıyor
02-20 12:02:27.974 28816 28816 I flutter : ESP characteristic özellikleri kontrol ediliyor...
02-20 12:02:27.974 28816 28816 I flutter : ESP INDICATE dinleme de başlatılıyor...
02-20 12:02:27.974 28816 28816 I flutter : ESP hem NOTIFY hem INDICATE dinleme başlatıldı
02-20 12:02:27.974 28816 28816 I flutter : Connect Device delay
02-20 12:02:28.034 28816 31348 D BluetoothGatt: setCharacteristicNotification() - uuid: 87654321-4321-4321-4321-abcdefabcdef enable: true
02-20 12:02:28.175 28816 28816 I flutter : Connect Device delay done
02-20 12:02:28.175 28816 28816 I flutter : Send Message
02-20 12:02:28.175 28816 28816 I flutter : === MESAJ GÖNDERİLİYOR ===
02-20 12:02:28.175 28816 28816 I flutter : 1. BYTE ARRAY (41 byte):
02-20 12:02:28.175 28816 28816 I flutter :    0x14 0xCC 0x0B 0x8C 0xE7 0xEC 0xC6 0xB9 0xDA 0x1A 0xF0 0xF8 0x40 0x74 0xC0 0xA7 0x0B 0x22 0x9D 0x07 0xC1 0x98 0xBC 0xDC 0x49 0x5A 0x2C 0x59 0xA6 0x05 0xC8 0xF8 0x00 0x39 0x30 0x36 0x39 0x33 0x30 0x34 0x34
02-20 12:02:28.755 28816 28816 I flutter : ✓ Mesaj başarıyla gönderildi!
02-20 12:02:28.755 28816 28816 I flutter : ========================
02-20 12:02:28.755 28816 28816 I flutter : Send Message Done
02-20 12:02:28.762 28816 28892 D BluetoothGatt: cancelOpen() - device: XX:XX:XX:XX:AD:56
02-20 12:02:28.773 28816 29093 D BluetoothGatt: onClientConnectionState() - status=0 clientIf=117 connected=false device=XX:XX:XX:XX:AD:56
02-20 12:02:28.776 28816 29093 D BluetoothGatt: setCharacteristicNotification() - uuid: 87654321-4321-4321-4321-abcdefabcdef enable: false
02-20 12:02:28.782 28816 28892 D BluetoothGatt: close()
02-20 12:02:28.783 28816 28892 D BluetoothGatt: unregisterApp() - mClientIf=117
02-20 12:02:29.853 23357 23896 I BluetoothRemoteDevices: getBatteryLevel : -1 from HFP
02-20 12:02:29.853 23357 23896 I BluetoothRemoteDevices: setBatteryLevelFromBatteryService : -1
02-20 12:02:29.853 23357 23896 I BluetoothRemoteDevices: getBatteryLevel : -1 from HFP
02-20 12:02:29.870 23357 23896 I ContainerConfigurationPolicy: Bluetooth And NFC caller permission check
02-20 12:02:29.870 22596 22947 I BluetoothDeviceBatteryManager: action: android.bluetooth.device.action.ACL_DISCONNECTED
02-20 12:02:29.873 22596 23675 D SLocation: BluetoothStatusMonitor - disconn, (7C:DF:A1:**:**:56/737), 2
02-20 12:02:29.874 23458 23600 W BluetoothEventManager: AclStateChangedHandler: activeDevice is null
02-20 12:02:29.874 22596 23675 D SLocation: BluetoothDeviceManager - handleDisconnected (7C:DF:A1:**:**:56/737) 2
02-20 12:02:29.876 22596 22947 I BluetoothDeviceBatteryManager: # Alias(TEST) / Address(7CDFA1_6)
02-20 12:02:29.878 23357 23374 I BluetoothRemoteDevices: getBatteryLevel : -1 from HFP
02-20 12:02:29.878 22596 22947 I BluetoothDeviceBatteryManager: # BatteryLevel : -1
02-20 12:02:29.886 28834 28834 I [+0300]oneconnect[1.8.41.23_01][CORE]: BluetoothHelper.handleActionConnectionStateChanged -  [action]android.bluetooth.device.action.ACL_DISCONNECTED [connState]0[address]TEST - ($)
02-20 12:02:29.894 25469 25527 I D_FMM:[WearableManager     ]: LBA_Event : TEST - 7C:**:**:**:AD:56
02-20 12:02:29.897 28834 28834 W [+0300]oneconnect[1.8.41.23_01][CORE]: BluetoothHelper.handleActionConnectionStateChanged - Skip exceptional case do not add device: BluetoothProfile.STATE_DISCONNECTED, BluetoothDevice.BOND_NONE name: ($)-T(4) mac: ($)7C:DF
02-20 12:02:29.905  8927  9040 D BluetoothAdapter: getBondedDevices() - package : com.google.android.gms, state : 12
02-20 12:02:29.906 32259 32281 D BluetoothAdapter: getBondedDevices() - package : com.google.android.googlequicksearchbox, state : 12
02-20 12:02:29.909  8927  9040 D BluetoothAdapter: getBondedDevices() - package : com.google.android.gms, state : 12
02-20 12:02:29.911 22596 23675 D SLocation: BluetoothStatusMonitor - disconn, (7C:DF:A1:**:**:56/737), 2
02-20 12:02:29.912 22596 23675 D SLocation: BluetoothDeviceManager - handleDisconnected (7C:DF:A1:**:**:56/737) 2
02-20 12:02:29.915 23458 23600 W BluetoothEventManager: AclStateChangedHandler: activeDevice is null
02-20 12:02:29.936 22596 22631 I ActivityManager: Start proc 32304:com.google.android.projection.gearhead:car/u0a224 for broadcast {com.google.android.projection.gearhead/com.google.android.apps.auto.carservice.gmscorecompat.CarBluetoothReceiver}
02-20 12:02:31.224 21975 21975 I flutter : BLE: Tarama zaten durmuş durumda
02-20 12:02:31.316 21975 21975 I flutter : BLE: ------------------------------12:02:31 Fri 20 Feb.
02-20 12:02:31.316 21975 21975 I flutter : BLE: Tarama başlatılıyor... (nameFilter: null, manufacturerId: None)
02-20 12:02:31.320 21975 21975 I flutter : BLE: Tarama tamamlandı
02-20 12:02:31.325 21975 22264 D BluetoothAdapter: isLeEnabled(): ON
02-20 12:02:31.325 21975 22264 D BluetoothLeScanner: Stop Scan with callback
02-20 12:02:31.334 21975 22264 D BluetoothAdapter: isLeEnabled(): ON
02-20 12:02:31.336 21975 22264 D BluetoothLeScanner: Start Scan with callback
02-20 12:02:31.341 21975 24481 D BluetoothLeScanner: onScannerRegistered() - status=0 scannerId=9 mScannerId=0
02-20 12:02:31.402 21975 21975 I flutter : BLE: POLITEKNIK DEVICE FOUND DName=TANIMSIZ NOKTA,rn=37141751
02-20 12:02:31.403 21975 21975 I flutter : MD5 : a0c17e0509cc240b604dac70823f63be
02-20 12:02:31.403 21975 21975 I flutter : Epoch Time= 1771578151403 seconds ago. = 1771578151403
02-20 12:02:31.404 21975 21975 I flutter : BLE: Bulundu - TEST (7C:DF:A1:B9:AD:56) RSSI: -53
02-20 12:02:31.449 21975 21975 I flutter : BLE: POLITEKNIK DEVICE FOUND DName=TURNIKE2,rn=27407587
02-20 12:02:31.450 21975 21975 I flutter : MD5 : b7d7b8454f3f28c3ea37440404373fbf
02-20 12:02:31.451 21975 21975 I flutter : Epoch Time= 1771578151450 seconds ago. = 1771578151450
02-20 12:02:31.451 21975 21975 I flutter : BLE: Bulundu - TURNIKE2 (7C:DF:A1:B7:2F:D2) RSSI: -82
02-20 12:02:31.795 28816 28816 I flutter : BLE: Tarama durduruluyor...
02-20 12:02:31.797 28816 28816 I flutter : BLE: Tarama başarıyla durduruldu
02-20 12:02:31.798 28816 28892 D BluetoothAdapter: isLeEnabled(): ON
02-20 12:02:31.798 28816 28892 D BluetoothLeScanner: Stop Scan with callback
02-20 12:02:31.832 23357 23896 E BluetoothRemoteDevices: Remote class is UNCATEGORIZED
02-20 12:02:31.898 28816 28816 I flutter : BLE: ------------------------------12:02:31 Fri 20 Feb.
02-20 12:02:31.898 28816 28816 I flutter : BLE: Tarama başlatılıyor... (nameFilter: null, manufacturerId: None)
02-20 12:02:31.900 28816 28892 D BluetoothAdapter: isLeEnabled(): ON
02-20 12:02:31.902 28816 28892 D BluetoothLeScanner: Start Scan with callback
02-20 12:02:31.907 28816 29093 D BluetoothLeScanner: onScannerRegistered() - status=0 scannerId=10 mScannerId=0
02-20 12:02:31.957 28816 28816 I flutter : BLE: POLITEKNIK DEVICE FOUND DName=TURNIKE2,rn=27407587
02-20 12:02:31.958 28816 28816 I flutter : MD5 : b7d7b8454f3f28c3ea37440404373fbf
02-20 12:02:31.958 28816 28816 I flutter : Epoch Time= 1771578151958 seconds ago. = 1771578151958
02-20 12:02:31.958 28816 28816 I flutter : BLE: Bulundu - TURNIKE2 (7C:DF:A1:B7:2F:D2) RSSI: -80
02-20 12:02:31.978 28816 28816 I flutter : BLE: POLITEKNIK DEVICE FOUND DName=TANIMSIZ NOKTA,rn=37141751
02-20 12:02:31.978 28816 28816 I flutter : MD5 : a0c17e0509cc240b604dac70823f63be
02-20 12:02:31.978 28816 28816 I flutter : Epoch Time= 1771578151978 seconds ago. = 1771578151978
02-20 12:02:31.978 28816 28816 I flutter : BLE: Bulundu - TEST (7C:DF:A1:B9:AD:56) RSSI: -49
02-20 12:02:32.017 23357 23896 E BluetoothRemoteDevices: Remote class is UNCATEGORIZED
02-20 12:02:32.360 23357 23896 E BluetoothRemoteDevices: Remote class is UNCATEGORIZED
02-20 12:02:33.203 23357 23896 E BluetoothRemoteDevices: Remote class is UNCATEGORIZED
02-20 12:02:33.436 23357 23896 E BluetoothRemoteDevices: Remote class is UNCATEGORIZED
02-20 12:02:35.747 28816 28816 I flutter : Find Device
02-20 12:02:35.747 28816 28816 I flutter : Find Card
02-20 12:02:39.247 23357 23896 E BluetoothRemoteDevices: Remote class is UNCATEGORIZED
02-20 12:02:39.699 28816 28816 I flutter : Confirmed
02-20 12:02:39.700 28816 28816 I flutter : Connect Device
02-20 12:02:39.704 28816 28816 I flutter : Bağlantı durumu: DeviceConnectionState.connecting
02-20 12:02:39.705 28816 28892 D BluetoothGatt: connect() - device: XX:XX:XX:XX:AD:56, auto: true
02-20 12:02:39.706 28816 28892 D BluetoothGatt: registerApp()
02-20 12:02:39.706 28816 28892 D BluetoothGatt: registerApp() - UUID=94a7c5d8-0734-4ef6-b84d-8c1226af8805
02-20 12:02:39.710 28816 28923 D BluetoothGatt: onClientRegistered() - status=0 clientIf=118
02-20 12:02:39.725 23357 23856 W BluetoothMetrics: system/gd/os/android/metrics.cc:488 LogMetricBluetoothEvent: Failed BluetoothEvent Upload - Address is Empty
