02-20 12:02:39.874 23357 23851 W bt_bta_gattc: system/bta/gatt/bta_gattc_cache.cc:192 GetRobustCachingSupport: Device LMP version 0x09 < Bluetooth 5.1. Ignore database cache read.
02-20 12:02:39.875 23357 23851 W bt_bta_gattc: system/bta/gatt/bta_gattc_cache.cc:192 GetRobustCachingSupport: Device LMP version 0x09 < Bluetooth 5.1. Ignore database cache read.
02-20 12:02:39.887 22596 22947 I BluetoothDeviceBatteryManager: action: android.bluetooth.device.action.ACL_CONNECTED
02-20 12:02:39.887 23357 23896 I ContainerConfigurationPolicy: Bluetooth And NFC caller permission check
02-20 12:02:39.887 22596 22596 D BluetoothPolicyService: onReceive android.bluetooth.device.action.ACL_CONNECTED
02-20 12:02:39.888 22596 22596 D BluetoothPolicyService: isDesktopConnectivityEnabled : true
02-20 12:02:39.890 22596 23675 D SLocation: BluetoothStatusMonitor - conn, (7C:DF:A1:**:**:56/737), state : 10, 2
02-20 12:02:39.891 22596 22947 I BluetoothDeviceBatteryManager: # Alias(TEST) / Address(7CDFA1_6)
02-20 12:02:39.893 23357 10880 I BluetoothRemoteDevices: getBatteryLevel : -1 from HFP
02-20 12:02:39.893 22596 22947 I BluetoothDeviceBatteryManager: # BatteryLevel : -1
02-20 12:02:39.893 23458 23600 W BluetoothEventManager: AclStateChangedHandler: activeDevice is null
02-20 12:02:39.897 32232 32232 I GH.WifiBluetoothRcvr: Connection action: android.bluetooth.device.action.ACL_CONNECTED, device XX:XX:XX:XX:AD:56
02-20 12:02:39.898 32232 32232 I GH.WifiBluetoothRcvr: Wireless projection is available on this phone.
02-20 12:02:39.910 25469 25527 I D_FMM:[WearableManager     ]: LBA_Event : TEST - 7C:**:**:**:AD:56
02-20 12:02:39.924 28816 28923 D BluetoothGatt: onClientConnectionState() - status=0 clientIf=118 connected=true device=XX:XX:XX:XX:AD:56
02-20 12:02:39.928 28816 28816 I flutter : Bağlantı durumu: DeviceConnectionState.connected
02-20 12:02:39.934 22596 23675 D SLocation: BluetoothStatusMonitor - conn, (7C:DF:A1:**:**:56/737), state : 10, 2
02-20 12:02:39.935  8927  9040 D BluetoothAdapter: getBondedDevices() - package : com.google.android.gms, state : 12
02-20 12:02:39.937  8927  9040 D BluetoothAdapter: getBondedDevices() - package : com.google.android.gms, state : 12
02-20 12:02:39.939 23458 23600 W BluetoothEventManager: AclStateChangedHandler: activeDevice is null
02-20 12:02:39.947 32304 32304 I BluetoothAdapter: BluetoothAdapter() : com.google.android.projection.gearhead
02-20 12:02:39.958 28834 28834 I [+0300]oneconnect[1.8.41.23_01][CORE]: BluetoothHelper.handleActionConnectionStateChanged -  [action]android.bluetooth.device.action.ACL_CONNECTED [connState]2[address]TEST - ($)
02-20 12:02:39.964 28834 30673 I BluetoothHeadset: getConnectionState() in if statement
02-20 12:02:39.978 23357 27230 E BluetoothRemoteDevices: mSocketConnectedCount 0
02-20 12:02:39.979 28834 30673 I [+0300]oneconnect[1.8.41.23_01][CORE]: BluetoothHelper.getBtDevice - deviceBt ($)-T(4)
02-20 12:02:39.985 28834 30673 I [+0300]oneconnect[1.8.41.23_01][CORE]: BluetoothHelperUtil.getManufacturerData -  - ($)
02-20 12:02:39.985 28834 30673 I [+0300]oneconnect[1.8.41.23_01][CORE]: BluetoothHelper.getBtDevice - isConnected:false
02-20 12:02:40.010 28834 30673 I [+0300]oneconnect[1.8.41.23_01][CORE]: BluetoothHelper.setDeviceTypeAndIconForExceptedDevices - devicename: ($)-T(4)
02-20 12:02:40.274 28816 28923 D BluetoothGatt: onConnectionUpdated() - Device=XX:XX:XX:XX:AD:56 interval=6 latency=0 timeout=500 status=0
02-20 12:02:40.678 28816 28923 D BluetoothGatt: onConnectionUpdated() - Device=XX:XX:XX:XX:AD:56 interval=36 latency=0 timeout=500 status=0
02-20 12:02:41.236 21975 21975 I flutter : BLE: Tarama zaten durmuş durumda
02-20 12:02:41.319 21975 21975 I flutter : BLE: ------------------------------12:02:41 Fri 20 Feb.
02-20 12:02:41.320 21975 21975 I flutter : BLE: Tarama başlatılıyor... (nameFilter: null, manufacturerId: None)
02-20 12:02:41.325 21975 21975 I flutter : BLE: Tarama tamamlandı
02-20 12:02:41.336 21975 22264 D BluetoothAdapter: isLeEnabled(): ON
02-20 12:02:41.337 21975 22264 D BluetoothLeScanner: Stop Scan with callback
02-20 12:02:41.343 21975 22264 D BluetoothAdapter: isLeEnabled(): ON
02-20 12:02:41.345 21975 22264 D BluetoothLeScanner: Start Scan with callback
02-20 12:02:41.348 21975 22265 D BluetoothLeScanner: onScannerRegistered() - status=0 scannerId=9 mScannerId=0
02-20 12:02:42.702 28816 28816 I flutter : Servisler keşfediliyor...
02-20 12:02:42.703 28816 28892 D BluetoothGatt: discoverServices() - device: XX:XX:XX:XX:AD:56
02-20 12:02:42.709 28816 28923 D BluetoothGatt: onSearchComplete() = address=XX:XX:XX:XX:AD:56 status=0
02-20 12:02:42.714 28816 28816 I flutter : Servis bulundu: 00001800-0000-1000-8000-00805f9b34fb
02-20 12:02:42.714 28816 28816 I flutter : Characteristic bulundu: 00002a00-0000-1000-8000-00805f9b34fb
02-20 12:02:42.714 28816 28816 I flutter : Characteristic bulundu: 00002a01-0000-1000-8000-00805f9b34fb
02-20 12:02:42.714 28816 28816 I flutter : Servis bulundu: 00001801-0000-1000-8000-00805f9b34fb
02-20 12:02:42.714 28816 28816 I flutter : Characteristic bulundu: 00002a05-0000-1000-8000-00805f9b34fb
02-20 12:02:42.714 28816 28816 I flutter : Characteristic bulundu: 00002b3a-0000-1000-8000-00805f9b34fb
02-20 12:02:42.714 28816 28816 I flutter : Characteristic bulundu: 00002b29-0000-1000-8000-00805f9b34fb
02-20 12:02:42.714 28816 28816 I flutter : Servis bulundu: 12345678-1234-1234-1234-123456789abc
02-20 12:02:42.714 28816 28816 I flutter : Characteristic bulundu: 87654321-4321-4321-4321-abcdefabcdef
02-20 12:02:42.714 28816 28816 I flutter : Write characteristic bulundu: 87654321-4321-4321-4321-abcdefabcdef
02-20 12:02:42.714 28816 28816 I flutter : Read characteristic bulundu: 87654321-4321-4321-4321-abcdefabcdef
02-20 12:02:42.714 28816 28816 I flutter : ESP Tx karakteristiği notification dinleme başlatılıyor...
02-20 12:02:42.714 28816 28816 I flutter : ESP notification dinleme başlatıldı - READ işlemi yapılmıyor
02-20 12:02:42.714 28816 28816 I flutter : ESP characteristic özellikleri kontrol ediliyor...
02-20 12:02:42.714 28816 28816 I flutter : ESP INDICATE dinleme de başlatılıyor...
02-20 12:02:42.714 28816 28816 I flutter : ESP hem NOTIFY hem INDICATE dinleme başlatıldı
02-20 12:02:42.714 28816 28816 I flutter : Connect Device delay
02-20 12:02:42.841 28816 31348 D BluetoothGatt: setCharacteristicNotification() - uuid: 87654321-4321-4321-4321-abcdefabcdef enable: true
02-20 12:02:42.915 28816 28816 I flutter : Connect Device delay done
02-20 12:02:42.915 28816 28816 I flutter : Send Message
02-20 12:02:42.916 28816 28816 I flutter : === MESAJ GÖNDERİLİYOR ===
02-20 12:02:42.916 28816 28816 I flutter : 1. BYTE ARRAY (41 byte):
02-20 12:02:42.916 28816 28816 I flutter :    0xA0 0xC1 0x7E 0x05 0x09 0xCC 0x24 0x0B 0x60 0x4D 0xAC 0x70 0x82 0x3F 0x63 0xBE 0x0B 0x22 0x9D 0x07 0xC1 0x98 0xBC 0xDC 0x49 0x5A 0x2C 0x59 0xA6 0x05 0xC8 0xF8 0x00 0x33 0x37 0x31 0x34 0x31 0x37 0x35 0x31
02-20 12:02:43.561 28816 28816 I flutter : ✓ Mesaj başarıyla gönderildi!
02-20 12:02:43.561 28816 28816 I flutter : ========================
02-20 12:02:43.561 28816 28816 I flutter : Send Message Done
02-20 12:02:43.568 28816 28892 D BluetoothGatt: cancelOpen() - device: XX:XX:XX:XX:AD:56
02-20 12:02:43.576 28816 28923 D BluetoothGatt: onClientConnectionState() - status=0 clientIf=118 connected=false device=XX:XX:XX:XX:AD:56
02-20 12:02:43.578 28816 28923 D BluetoothGatt: setCharacteristicNotification() - uuid: 87654321-4321-4321-4321-abcdefabcdef enable: false
02-20 12:02:43.582 28816 28892 D BluetoothGatt: close()
02-20 12:02:43.583 28816 28892 D BluetoothGatt: unregisterApp() - mClientIf=118
02-20 12:02:44.612 23357 23896 I BluetoothRemoteDevices: getBatteryLevel : -1 from HFP
02-20 12:02:44.612 23357 23896 I BluetoothRemoteDevices: setBatteryLevelFromBatteryService : -1
02-20 12:02:44.612 23357 23896 I BluetoothRemoteDevices: getBatteryLevel : -1 from HFP
02-20 12:02:44.625 23357 23896 I ContainerConfigurationPolicy: Bluetooth And NFC caller permission check
02-20 12:02:44.626 22596 22947 I BluetoothDeviceBatteryManager: action: android.bluetooth.device.action.ACL_DISCONNECTED
02-20 12:02:44.628 22596 23675 D SLocation: BluetoothStatusMonitor - disconn, (7C:DF:A1:**:**:56/737), 2
02-20 12:02:44.630 23458 23600 W BluetoothEventManager: AclStateChangedHandler: activeDevice is null
02-20 12:02:44.630 22596 23675 D SLocation: BluetoothDeviceManager - handleDisconnected (7C:DF:A1:**:**:56/737) 2
02-20 12:02:44.633 22596 22947 I BluetoothDeviceBatteryManager: # Alias(TEST) / Address(7CDFA1_6)
02-20 12:02:44.636 23357 24092 I BluetoothRemoteDevices: getBatteryLevel : -1 from HFP
02-20 12:02:44.636 22596 22947 I BluetoothDeviceBatteryManager: # BatteryLevel : -1
02-20 12:02:44.638 28834 28834 I [+0300]oneconnect[1.8.41.23_01][CORE]: BluetoothHelper.handleActionConnectionStateChanged -  [action]android.bluetooth.device.action.ACL_DISCONNECTED [connState]0[address]TEST - ($)
02-20 12:02:44.646 28834 28834 W [+0300]oneconnect[1.8.41.23_01][CORE]: BluetoothHelper.handleActionConnectionStateChanged - Skip exceptional case do not add device: BluetoothProfile.STATE_DISCONNECTED, BluetoothDevice.BOND_NONE name: ($)-T(4) mac: ($)7C:DF
02-20 12:02:44.650 25469 25527 I D_FMM:[WearableManager     ]: LBA_Event : TEST - 7C:**:**:**:AD:56
02-20 12:02:44.658  8927  9040 D BluetoothAdapter: getBondedDevices() - package : com.google.android.gms, state : 12
02-20 12:02:44.659 32259 32296 D BluetoothAdapter: getBondedDevices() - package : com.google.android.googlequicksearchbox, state : 12
02-20 12:02:44.662  8927  9040 D BluetoothAdapter: getBondedDevices() - package : com.google.android.gms, state : 12
02-20 12:02:44.692 22596 23675 D SLocation: BluetoothStatusMonitor - disconn, (7C:DF:A1:**:**:56/737), 2
02-20 12:02:44.693 23458 23600 W BluetoothEventManager: AclStateChangedHandler: activeDevice is null
02-20 12:02:44.695 22596 23675 D SLocation: BluetoothDeviceManager - handleDisconnected (7C:DF:A1:**:**:56/737) 2
02-20 12:02:45.324 22596 22620 D ScreenCapture: [Capture_TEST] : setIsScreenShotBySystem false
02-20 12:02:46.394 21975 21975 I SV[161403044 MainActivity]: onWindowVisibilityChanged(0) false io.flutter.embedding.android.FlutterSurfaceView{99ed0a4 V.E...... ......ID 0,0-1080,2340} of VRI[MainActivity]@377eb79
02-20 12:02:46.421 21975 21975 I SV[161403044 MainActivity]: windowStopped(false) true io.flutter.embedding.android.FlutterSurfaceView{99ed0a4 V.E...... ......ID 0,0-1080,2340} of VRI[MainActivity]@377eb79
02-20 12:02:46.425 21975 21975 I SV[161403044 MainActivity]: surfaceCreated 1 #1 io.flutter.embedding.android.FlutterSurfaceView{99ed0a4 V.E...... ......ID 0,0-1080,2340}
02-20 12:02:46.434 23357 23896 E BluetoothRemoteDevices: Remote class is UNCATEGORIZED
02-20 12:02:46.447 21975 21975 I SV[161403044 MainActivity]: surfaceChanged (1080,2340) 1 #1 io.flutter.embedding.android.FlutterSurfaceView{99ed0a4 V.E...... ......ID 0,0-1080,2340}
02-20 12:02:46.795 28816 28816 I flutter : BLE: Tarama durduruluyor...
02-20 12:02:46.805 28816 28816 I flutter : BLE: Tarama başarıyla durduruldu
02-20 12:02:46.806 28816 28892 D BluetoothAdapter: isLeEnabled(): ON
02-20 12:02:46.806 28816 28892 D BluetoothLeScanner: Stop Scan with callback
02-20 12:02:46.887 23357 23896 E BluetoothRemoteDevices: Remote class is UNCATEGORIZED
02-20 12:02:46.899 28816 28816 I flutter : BLE: ------------------------------12:02:46 Fri 20 Feb.
02-20 12:02:46.899 28816 28816 I flutter : BLE: Tarama başlatılıyor... (nameFilter: null, manufacturerId: None)
02-20 12:02:46.904 28816 28892 D BluetoothAdapter: isLeEnabled(): ON
02-20 12:02:46.912 28816 28892 D BluetoothLeScanner: Start Scan with callback
02-20 12:02:46.924 28816 28923 D BluetoothLeScanner: onScannerRegistered() - status=0 scannerId=10 mScannerId=0
02-20 12:02:47.061 28816 28816 I flutter : BLE: POLITEKNIK DEVICE FOUND DName=TANIMSIZ NOKTA,rn=14351900
02-20 12:02:47.061 28816 28816 I flutter : MD5 : 5da614ed35080c318a8ba8e4190baf39
02-20 12:02:47.061 28816 28816 I flutter : Epoch Time= 1771578167061 seconds ago. = 1771578167061
02-20 12:02:47.061 28816 28816 I flutter : BLE: Bulundu - TEST (7C:DF:A1:B9:AD:56) RSSI: -52
02-20 12:02:47.086 23357 23896 E BluetoothRemoteDevices: Remote class is UNCATEGORIZED
02-20 12:02:47.109 28816 28816 I flutter : BLE: POLITEKNIK DEVICE FOUND DName=TURNIKE2,rn=17313977
02-20 12:02:47.109 28816 28816 I flutter : MD5 : 4bb6b0958a25068f566c3a9142465d5e
02-20 12:02:47.110 28816 28816 I flutter : Epoch Time= 1771578167110 seconds ago. = 1771578167110
02-20 12:02:47.110 28816 28816 I flutter : BLE: Bulundu - TURNIKE2 (7C:DF:A1:B7:2F:D2) RSSI: -85
02-20 12:02:47.979 21975 21975 I flutter : BLE: Tarama zaten durmuş durumda
02-20 12:02:48.036 21975 21975 I flutter : BLE: ------------------------------12:02:48 Fri 20 Feb.
02-20 12:02:48.036 21975 21975 I flutter : BLE: Tarama başlatılıyor... (nameFilter: null, manufacturerId: None)
02-20 12:02:48.038 21975 21975 I flutter : BLE: Tarama tamamlandı
02-20 12:02:48.039 21975 22264 D BluetoothAdapter: isLeEnabled(): ON
02-20 12:02:48.039 21975 22264 D BluetoothLeScanner: Stop Scan with callback
02-20 12:02:48.069 21975 22264 D BluetoothAdapter: isLeEnabled(): ON
02-20 12:02:48.070 21975 22264 D BluetoothLeScanner: Start Scan with callback
02-20 12:02:48.072 21975 24481 D BluetoothLeScanner: onScannerRegistered() - status=0 scannerId=9 mScannerId=0
02-20 12:02:48.278 23357 23896 E BluetoothRemoteDevices: Remote class is UNCATEGORIZED
02-20 12:02:48.964 23357 23896 E BluetoothRemoteDevices: Remote class is UNCATEGORIZED
02-20 12:02:51.169 21975 21975 I flutter : DEBUG: KART TANIMLA BUTONUNA BASILDI! Device: 7C:DF:A1:B9:AD:56
02-20 12:02:51.169 21975 21975 I flutter : DEBUG: Baglanti kurulmaya çalisiliyor...
02-20 12:02:51.183 21975 21975 I flutter : Bağlantı durumu: DeviceConnectionState.connecting
02-20 12:02:51.183 21975 22264 D BluetoothGatt: connect() - device: XX:XX:XX:XX:AD:56, auto: true
02-20 12:02:51.183 21975 22264 D BluetoothGatt: registerApp()
02-20 12:02:51.184 21975 22264 D BluetoothGatt: registerApp() - UUID=0ba66988-8bf5-4fc6-b3a5-29487cd36056
02-20 12:02:51.190 21975 22265 D BluetoothGatt: onClientRegistered() - status=0 clientIf=119
02-20 12:02:51.216 21975 21975 I flutter : BLE: Tarama zaten durmuş durumda
02-20 12:02:51.224 23357 23856 W BluetoothMetrics: system/gd/os/android/metrics.cc:488 LogMetricBluetoothEvent: Failed BluetoothEvent Upload - Address is Empty
02-20 12:02:51.316 21975 21975 I flutter : BLE: ------------------------------12:02:51 Fri 20 Feb.
02-20 12:02:51.316 21975 21975 I flutter : BLE: Tarama başlatılıyor... (nameFilter: null, manufacturerId: None)
02-20 12:02:51.318 21975 21975 I flutter : BLE: Tarama tamamlandı
02-20 12:02:51.320 21975 22264 D BluetoothAdapter: isLeEnabled(): ON
02-20 12:02:51.320 21975 22264 D BluetoothLeScanner: Stop Scan with callback
02-20 12:02:51.328 21975 22264 D BluetoothAdapter: isLeEnabled(): ON
02-20 12:02:51.330 21975 22264 D BluetoothLeScanner: Start Scan with callback
02-20 12:02:51.335 21975 30548 D BluetoothLeScanner: onScannerRegistered() - status=0 scannerId=9 mScannerId=0
02-20 12:02:51.485 23357 23851 W bt_bta_gattc: system/bta/gatt/bta_gattc_cache.cc:192 GetRobustCachingSupport: Device LMP version 0x09 < Bluetooth 5.1. Ignore database cache read.
02-20 12:02:51.485 23357 23851 W bt_bta_gattc: system/bta/gatt/bta_gattc_cache.cc:192 GetRobustCachingSupport: Device LMP version 0x09 < Bluetooth 5.1. Ignore database cache read.
02-20 12:02:51.499 23357 23896 I ContainerConfigurationPolicy: Bluetooth And NFC caller permission check
02-20 12:02:51.499 22596 22947 I BluetoothDeviceBatteryManager: action: android.bluetooth.device.action.ACL_CONNECTED
02-20 12:02:51.499 22596 22596 D BluetoothPolicyService: onReceive android.bluetooth.device.action.ACL_CONNECTED
02-20 12:02:51.500 22596 22596 D BluetoothPolicyService: isDesktopConnectivityEnabled : true
02-20 12:02:51.501 22596 23675 D SLocation: BluetoothStatusMonitor - conn, (7C:DF:A1:**:**:56/737), state : 10, 2
02-20 12:02:51.502 22596 22947 I BluetoothDeviceBatteryManager: # Alias(TEST) / Address(7CDFA1_6)
02-20 12:02:51.504 23357 23374 I BluetoothRemoteDevices: getBatteryLevel : -1 from HFP
02-20 12:02:51.504 22596 22947 I BluetoothDeviceBatteryManager: # BatteryLevel : -1
02-20 12:02:51.505 23458 23600 W BluetoothEventManager: AclStateChangedHandler: activeDevice is null
02-20 12:02:51.521 23458 23600 W BluetoothEventManager: AclStateChangedHandler: activeDevice is null
02-20 12:02:51.522 25469 25527 I D_FMM:[WearableManager     ]: LBA_Event : TEST - 7C:**:**:**:AD:56
02-20 12:02:51.524 21975 24481 D BluetoothGatt: onClientConnectionState() - status=0 clientIf=119 connected=true device=XX:XX:XX:XX:AD:56
02-20 12:02:51.524 22596 23675 D SLocation: BluetoothStatusMonitor - conn, (7C:DF:A1:**:**:56/737), state : 10, 2
02-20 12:02:51.530 21975 21975 I flutter : Bağlantı durumu: DeviceConnectionState.connected
02-20 12:02:51.530 21975 21975 I flutter : Servisler keşfediliyor...
02-20 12:02:51.533 22596 22631 I ActivityManager: Start proc 32457:com.google.android.projection.gearhead:shared/u0a224 for broadcast {com.google.android.projection.gearhead/com.google.android.apps.auto.wireless.bluetooth.WifiBluetoothReceiver}
02-20 12:02:51.541 28834 28834 I [+0300]oneconnect[1.8.41.23_01][CORE]: BluetoothHelper.handleActionConnectionStateChanged -  [action]android.bluetooth.device.action.ACL_CONNECTED [connState]2[address]TEST - ($)
02-20 12:02:51.549  8927  9040 D BluetoothAdapter: getBondedDevices() - package : com.google.android.gms, state : 12
02-20 12:02:51.551 28834 30673 I BluetoothHeadset: getConnectionState() in if statement
02-20 12:02:51.557  8927  9040 D BluetoothAdapter: getBondedDevices() - package : com.google.android.gms, state : 12
02-20 12:02:51.562 23357 27230 E BluetoothRemoteDevices: mSocketConnectedCount 0
02-20 12:02:51.563 28834 30673 I [+0300]oneconnect[1.8.41.23_01][CORE]: BluetoothHelper.getBtDevice - deviceBt ($)-T(4)
02-20 12:02:51.564 28834 30673 I [+0300]oneconnect[1.8.41.23_01][CORE]: BluetoothHelperUtil.getManufacturerData -  - ($)
02-20 12:02:51.564 28834 30673 I [+0300]oneconnect[1.8.41.23_01][CORE]: BluetoothHelper.getBtDevice - isConnected:false
02-20 12:02:51.565 21975 22264 D BluetoothGatt: discoverServices() - device: XX:XX:XX:XX:AD:56
02-20 12:02:51.585 28834 30673 I [+0300]oneconnect[1.8.41.23_01][CORE]: BluetoothHelper.setDeviceTypeAndIconForExceptedDevices - devicename: ($)-T(4)
02-20 12:02:51.687 32457 32457 I GH.WifiBluetoothRcvr: Connection action: android.bluetooth.device.action.ACL_CONNECTED, device XX:XX:XX:XX:AD:56
02-20 12:02:51.707 32457 32457 I GH.WifiBluetoothRcvr: Wireless projection is available on this phone.
02-20 12:02:51.720 32457 32483 I BluetoothAdapter: BluetoothAdapter() : com.google.android.projection.gearhead
02-20 12:02:51.875 22596 22631 I ActivityManager: Start proc 32525:com.google.android.projection.gearhead:car/u0a224 for broadcast {com.google.android.projection.gearhead/com.google.android.apps.auto.carservice.gmscorecompat.CarBluetoothReceiver}
02-20 12:02:51.876 23357 23896 E BluetoothRemoteDevices: Remote class is UNCATEGORIZED
02-20 12:02:51.884 21975 30548 D BluetoothGatt: onConnectionUpdated() - Device=XX:XX:XX:XX:AD:56 interval=6 latency=0 timeout=500 status=0
02-20 12:02:51.965 22596 24177 W Binder  : 	at android.bluetooth.IBluetoothGatt$Stub$Proxy.getAdvertisingSetUids(IBluetoothGatt.java:1678)
02-20 12:02:51.965 22596 24177 W Binder  : 	at android.bluetooth.BluetoothAdapter.getAdvertisingSetUids(BluetoothAdapter.java:8476)
02-20 12:02:51.965 22596 24177 W Binder  : 	at android.bluetooth.BluetoothAdapter.getHWUsingApps(BluetoothAdapter.java:1342)
02-20 12:02:52.025 23357 23896 E BluetoothRemoteDevices: Remote class is UNCATEGORIZED
02-20 12:02:52.027 32485 32510 I BluetoothAdapter: BluetoothAdapter() : com.google.android.googlequicksearchbox
02-20 12:02:52.070 32525 32525 I BluetoothAdapter: BluetoothAdapter() : com.google.android.projection.gearhead
02-20 12:02:52.087 32485 32543 I BluetoothAdapter: BluetoothAdapter() : com.google.android.googlequicksearchbox
02-20 12:02:52.144 32554 32554 I BluetoothAdapter: BluetoothAdapter() : com.sec.android.CcInfo
02-20 12:02:52.150 22596 22631 I ActivityManager: Start proc 32569:com.google.android.projection.gearhead:car/u150a224 for broadcast {com.google.android.projection.gearhead/com.google.android.apps.auto.carservice.gmscorecompat.CarBluetoothReceiver}
02-20 12:02:52.178 21975 24481 D BluetoothGatt: onSearchComplete() = address=XX:XX:XX:XX:AD:56 status=0
02-20 12:02:52.188 21975 21975 I flutter : Servis bulundu: 00001800-0000-1000-8000-00805f9b34fb
02-20 12:02:52.188 21975 21975 I flutter : Characteristic bulundu: 00002a00-0000-1000-8000-00805f9b34fb
02-20 12:02:52.188 21975 21975 I flutter : Characteristic bulundu: 00002a01-0000-1000-8000-00805f9b34fb
02-20 12:02:52.189 21975 21975 I flutter : Servis bulundu: 00001801-0000-1000-8000-00805f9b34fb
02-20 12:02:52.189 21975 21975 I flutter : Characteristic bulundu: 00002a05-0000-1000-8000-00805f9b34fb
02-20 12:02:52.189 21975 21975 I flutter : Characteristic bulundu: 00002b3a-0000-1000-8000-00805f9b34fb
02-20 12:02:52.189 21975 21975 I flutter : Characteristic bulundu: 00002b29-0000-1000-8000-00805f9b34fb
02-20 12:02:52.189 21975 21975 I flutter : Servis bulundu: 12345678-1234-1234-1234-123456789abc
02-20 12:02:52.189 21975 21975 I flutter : Characteristic bulundu: 87654321-4321-4321-4321-abcdefabcdef
02-20 12:02:52.189 21975 21975 I flutter : Write characteristic bulundu: 87654321-4321-4321-4321-abcdefabcdef
02-20 12:02:52.189 21975 21975 I flutter : Read characteristic bulundu: 87654321-4321-4321-4321-abcdefabcdef
02-20 12:02:52.190 21975 21975 I flutter : ESP Tx karakteristiği notification dinleme başlatılıyor...
02-20 12:02:52.190 21975 21975 I flutter : ESP notification dinleme başlatıldı - READ işlemi yapılmıyor
02-20 12:02:52.190 21975 21975 I flutter : ESP characteristic özellikleri kontrol ediliyor...
02-20 12:02:52.190 21975 21975 I flutter : ESP INDICATE dinleme de başlatılıyor...
02-20 12:02:52.190 21975 21975 I flutter : ESP hem NOTIFY hem INDICATE dinleme başlatıldı
02-20 12:02:52.192 21975 21975 I flutter : DEBUG: Baglanti asamasi gecildi. Delay bekleniyor...
02-20 12:02:52.229 21975 26120 D BluetoothGatt: setCharacteristicNotification() - uuid: 87654321-4321-4321-4321-abcdefabcdef enable: true
02-20 12:02:52.244 21975 24481 D BluetoothGatt: onConnectionUpdated() - Device=XX:XX:XX:XX:AD:56 interval=36 latency=0 timeout=500 status=0
02-20 12:02:52.328 32569 32569 I BluetoothAdapter: BluetoothAdapter() : com.google.android.projection.gearhead
02-20 12:02:52.393 32588 32588 I BluetoothAdapter: BluetoothAdapter() : com.sec.android.CcInfo
02-20 12:02:52.642 23357 23896 E BluetoothRemoteDevices: Remote class is UNCATEGORIZED
02-20 12:02:52.693 21975 21975 I flutter : DEBUG: SnackBar gosterilecek...
02-20 12:02:52.694 21975 21975 I flutter : DEBUG: sendConfigMessage cagiriliyor...
02-20 12:02:52.694 21975 21975 I flutter : === MESAJ GÖNDERİLİYOR ===
02-20 12:02:52.694 21975 21975 I flutter : 1. BYTE ARRAY (32 byte):
02-20 12:02:52.694 21975 21975 I flutter :    0xB7 0xD7 0xB8 0x45 0x4F 0x3F 0x28 0xC3 0xEA 0x37 0x44 0x04 0x04 0x37 0x3F 0xBF 0xAE 0xE8 0x47 0x3C 0xEB 0xA2 0xA5 0x6C 0xD6 0xF8 0xB6 0x28 0x05 0x68 0x32 0x38
02-20 12:02:52.887 23357 23896 I ContainerConfigurationPolicy: Bluetooth And NFC caller permission check
02-20 12:02:52.891 23357 23896 E BluetoothRemoteDevices: Remote class is UNCATEGORIZED
02-20 12:02:53.191 21975 21975 I flutter : ✓ Mesaj başarıyla gönderildi!
02-20 12:02:53.191 21975 21975 I flutter : ========================
02-20 12:02:53.191 21975 21975 I flutter : DEBUG: sendConfigMessage basarili.
02-20 12:02:53.191 21975 21975 I flutter : DEBUG: startListening cagiriliyor...
02-20 12:02:53.191 21975 21975 I flutter : DEBUG: startListening basarili.
02-20 12:02:59.340 23357 23896 E BluetoothRemoteDevices: Remote class is UNCATEGORIZED
02-20 12:03:01.216 21975 21975 I flutter : BLE: Tarama zaten durmuş durumda
02-20 12:03:01.316 21975 21975 I flutter : BLE: ------------------------------12:03:01 Fri 20 Feb.
02-20 12:03:01.316 21975 21975 I flutter : BLE: Tarama başlatılıyor... (nameFilter: null, manufacturerId: None)
02-20 12:03:01.317 21975 21975 I flutter : BLE: Tarama tamamlandı
02-20 12:03:01.319 21975 22264 D BluetoothAdapter: isLeEnabled(): ON
02-20 12:03:01.320 21975 22264 D BluetoothLeScanner: Stop Scan with callback
02-20 12:03:01.349 21975 22264 D BluetoothAdapter: isLeEnabled(): ON
02-20 12:03:01.350 21975 22264 D BluetoothLeScanner: Start Scan with callback
02-20 12:03:01.352 21975 25698 D BluetoothLeScanner: onScannerRegistered() - status=0 scannerId=9 mScannerId=0
02-20 12:03:01.417 23357 23896 E BluetoothRemoteDevices: Remote class is UNCATEGORIZED
02-20 12:03:01.683 23357 23896 E BluetoothRemoteDevices: Remote class is UNCATEGORIZED
02-20 12:03:01.795 28816 28816 I flutter : BLE: Tarama durduruluyor...
02-20 12:03:01.807 28816 28816 I flutter : BLE: Tarama başarıyla durduruldu
02-20 12:03:01.807 28816 28892 D BluetoothAdapter: isLeEnabled(): ON
02-20 12:03:01.807 28816 28892 D BluetoothLeScanner: Stop Scan with callback
02-20 12:03:01.897 28816 28816 I flutter : BLE: ------------------------------12:03:01 Fri 20 Feb.
02-20 12:03:01.897 28816 28816 I flutter : BLE: Tarama başlatılıyor... (nameFilter: null, manufacturerId: None)
02-20 12:03:01.901 28816 28892 D BluetoothAdapter: isLeEnabled(): ON
02-20 12:03:01.902 28816 28892 D BluetoothLeScanner: Start Scan with callback
02-20 12:03:01.904 28816 28923 D BluetoothLeScanner: onScannerRegistered() - status=0 scannerId=10 mScannerId=0
02-20 12:03:01.963 28816 28816 I flutter : BLE: POLITEKNIK DEVICE FOUND DName=TANIMSIZ NOKTA,rn=05512961
02-20 12:03:01.963 28816 28816 I flutter : MD5 : d0af34c99d821d11ae5ae8ac38457ad7
02-20 12:03:01.963 28816 28816 I flutter : Epoch Time= 1771578181963 seconds ago. = 1771578181963
02-20 12:03:01.963 28816 28816 I flutter : BLE: Bulundu - TEST (7C:DF:A1:B9:AD:56) RSSI: -52
02-20 12:03:02.081 28816 28816 I flutter : BLE: POLITEKNIK DEVICE FOUND DName=TURNIKE2,rn=37676229
02-20 12:03:02.081 28816 28816 I flutter : MD5 : 975fb044aa83c5d50e930cd6a200761d
02-20 12:03:02.082 28816 28816 I flutter : Epoch Time= 1771578182081 seconds ago. = 1771578182082
02-20 12:03:02.082 28816 28816 I flutter : BLE: Bulundu - TURNIKE2 (7C:DF:A1:B7:2F:D2) RSSI: -88
02-20 12:03:02.752 23357 23896 E BluetoothRemoteDevices: Remote class is UNCATEGORIZED
02-20 12:03:03.195 21975 21975 I flutter : DEBUG: KART OKUMA HATASI: Kart okutma zaman aşımı
02-20 12:03:03.209 21975 22264 D BluetoothGatt: cancelOpen() - device: XX:XX:XX:XX:AD:56
02-20 12:03:03.229 21975 25698 D BluetoothGatt: onClientConnectionState() - status=0 clientIf=119 connected=false device=XX:XX:XX:XX:AD:56
02-20 12:03:03.232 21975 25698 D BluetoothGatt: setCharacteristicNotification() - uuid: 87654321-4321-4321-4321-abcdefabcdef enable: false
02-20 12:03:03.238 21975 22264 D BluetoothGatt: close()
02-20 12:03:03.239 21975 22264 D BluetoothGatt: unregisterApp() - mClientIf=119
02-20 12:03:03.307 23357 23896 E BluetoothRemoteDevices: Remote class is UNCATEGORIZED
02-20 12:03:04.006 22596 24177 W Binder  : 	at android.bluetooth.IBluetoothGatt$Stub$Proxy.getAdvertisingSetUids(IBluetoothGatt.java:1678)
02-20 12:03:04.006 22596 24177 W Binder  : 	at android.bluetooth.BluetoothAdapter.getAdvertisingSetUids(BluetoothAdapter.java:8476)
02-20 12:03:04.006 22596 24177 W Binder  : 	at android.bluetooth.BluetoothAdapter.getHWUsingApps(BluetoothAdapter.java:1342)
02-20 12:03:04.274 23357 23896 I BluetoothRemoteDevices: getBatteryLevel : -1 from HFP
02-20 12:03:04.274 23357 23896 I BluetoothRemoteDevices: setBatteryLevelFromBatteryService : -1
02-20 12:03:04.274 23357 23896 I BluetoothRemoteDevices: getBatteryLevel : -1 from HFP
02-20 12:03:04.288 23357 23896 I ContainerConfigurationPolicy: Bluetooth And NFC caller permission check
02-20 12:03:04.289 22596 22947 I BluetoothDeviceBatteryManager: action: android.bluetooth.device.action.ACL_DISCONNECTED
02-20 12:03:04.292 22596 23675 D SLocation: BluetoothStatusMonitor - disconn, (7C:DF:A1:**:**:56/737), 2
02-20 12:03:04.293 22596 22947 I BluetoothDeviceBatteryManager: # Alias(TEST) / Address(7CDFA1_6)
02-20 12:03:04.293 22596 23675 D SLocation: BluetoothDeviceManager - handleDisconnected (7C:DF:A1:**:**:56/737) 2
02-20 12:03:04.294 23458 23600 W BluetoothEventManager: AclStateChangedHandler: activeDevice is null
02-20 12:03:04.296 23357 24092 I BluetoothRemoteDevices: getBatteryLevel : -1 from HFP
02-20 12:03:04.296 22596 22947 I BluetoothDeviceBatteryManager: # BatteryLevel : -1
02-20 12:03:04.303 23458 23600 W BluetoothEventManager: AclStateChangedHandler: activeDevice is null
02-20 12:03:04.309 22596 23675 D SLocation: BluetoothStatusMonitor - disconn, (7C:DF:A1:**:**:56/737), 2
02-20 12:03:04.311 22596 23675 D SLocation: BluetoothDeviceManager - handleDisconnected (7C:DF:A1:**:**:56/737) 2
02-20 12:03:04.312 28834 28834 I [+0300]oneconnect[1.8.41.23_01][CORE]: BluetoothHelper.handleActionConnectionStateChanged -  [action]android.bluetooth.device.action.ACL_DISCONNECTED [connState]0[address]TEST - ($)
02-20 12:03:04.313 25469 25527 I D_FMM:[WearableManager     ]: LBA_Event : TEST - 7C:**:**:**:AD:56
02-20 12:03:04.321 28834 28834 W [+0300]oneconnect[1.8.41.23_01][CORE]: BluetoothHelper.handleActionConnectionStateChanged - Skip exceptional case do not add device: BluetoothProfile.STATE_DISCONNECTED, BluetoothDevice.BOND_NONE name: ($)-T(4) mac: ($)7C:DF
02-20 12:03:04.323  8927  9040 D BluetoothAdapter: getBondedDevices() - package : com.google.android.gms, state : 12
02-20 12:03:04.324  8927  9040 D BluetoothAdapter: getBondedDevices() - package : com.google.android.gms, state : 12
02-20 12:03:04.329 32485 32510 D BluetoothAdapter: getBondedDevices() - package : com.google.android.googlequicksearchbox, state : 12
02-20 12:03:08.483 23357 23896 E BluetoothRemoteDevices: Remote class is UNCATEGORIZED
02-20 12:03:11.217 21975 21975 I flutter : BLE: Tarama zaten durmuş durumda
02-20 12:03:11.315 21975 21975 I flutter : BLE: ------------------------------12:03:11 Fri 20 Feb.
02-20 12:03:11.316 21975 21975 I flutter : BLE: Tarama başlatılıyor... (nameFilter: null, manufacturerId: None)
02-20 12:03:11.317 21975 21975 I flutter : BLE: Tarama tamamlandı
02-20 12:03:11.318 21975 22264 D BluetoothAdapter: isLeEnabled(): ON
02-20 12:03:11.318 21975 22264 D BluetoothLeScanner: Stop Scan with callback
02-20 12:03:11.327 21975 22264 D BluetoothAdapter: isLeEnabled(): ON
02-20 12:03:11.329 21975 22264 D BluetoothLeScanner: Start Scan with callback
02-20 12:03:11.334 21975 22265 D BluetoothLeScanner: onScannerRegistered() - status=0 scannerId=9 mScannerId=0
02-20 12:03:11.362 23357 23896 E BluetoothRemoteDevices: Remote class is UNCATEGORIZED
02-20 12:03:11.398 21975 21975 I flutter : BLE: POLITEKNIK DEVICE FOUND DName=TANIMSIZ NOKTA,rn=40910551
02-20 12:03:11.398 21975 21975 I flutter : MD5 : 3fb5e89d056e5a19dd9f875234525fc8
02-20 12:03:11.398 21975 21975 I flutter : Epoch Time= 1771578191398 seconds ago. = 1771578191398
02-20 12:03:11.398 21975 21975 I flutter : BLE: Bulundu - TEST (7C:DF:A1:B9:AD:56) RSSI: -56
02-20 12:03:11.550 23357 23896 E BluetoothRemoteDevices: Remote class is UNCATEGORIZED
02-20 12:03:11.586 21975 21975 I flutter : BLE: POLITEKNIK DEVICE FOUND DName=TURNIKE2,rn=18931988
02-20 12:03:11.587 21975 21975 I flutter : MD5 : 98581d72cc01b47628c3673d6b277587
02-20 12:03:11.587 21975 21975 I flutter : Epoch Time= 1771578191587 seconds ago. = 1771578191587
02-20 12:03:11.587 21975 21975 I flutter : BLE: Bulundu - TURNIKE2 (7C:DF:A1:B7:2F:D2) RSSI: -94
02-20 12:03:12.631 23357 23896 E BluetoothRemoteDevices: Remote class is UNCATEGORIZED
02-20 12:03:16.795 28816 28816 I flutter : BLE: Tarama durduruluyor...
02-20 12:03:16.798 28816 28816 I flutter : BLE: Tarama başarıyla durduruldu
02-20 12:03:16.799 28816 28892 D BluetoothAdapter: isLeEnabled(): ON
02-20 12:03:16.799 28816 28892 D BluetoothLeScanner: Stop Scan with callback
02-20 12:03:16.897 28816 28816 I flutter : BLE: ------------------------------12:03:16 Fri 20 Feb.
02-20 12:03:16.897 28816 28816 I flutter : BLE: Tarama başlatılıyor... (nameFilter: null, manufacturerId: None)
02-20 12:03:16.900 28816 28892 D BluetoothAdapter: isLeEnabled(): ON
02-20 12:03:16.901 28816 28892 D BluetoothLeScanner: Start Scan with callback
02-20 12:03:16.904 28816 28923 D BluetoothLeScanner: onScannerRegistered() - status=0 scannerId=10 mScannerId=0
02-20 12:03:16.939 28816 28816 I flutter : BLE: POLITEKNIK DEVICE FOUND DName=TANIMSIZ NOKTA,rn=40910551
02-20 12:03:16.939 28816 28816 I flutter : MD5 : 3fb5e89d056e5a19dd9f875234525fc8
02-20 12:03:16.939 28816 28816 I flutter : Epoch Time= 1771578196939 seconds ago. = 1771578196939
02-20 12:03:16.940 28816 28816 I flutter : BLE: Bulundu - TEST (7C:DF:A1:B9:AD:56) RSSI: -60
02-20 12:03:17.136 28816 28816 I flutter : BLE: POLITEKNIK DEVICE FOUND DName=TURNIKE2,rn=58626709
02-20 12:03:17.137 28816 28816 I flutter : MD5 : 06fb4363df0165d3b573ef1cef3c22a5
02-20 12:03:17.137 28816 28816 I flutter : Epoch Time= 1771578197137 seconds ago. = 1771578197137
02-20 12:03:17.137 28816 28816 I flutter : BLE: Bulundu - TURNIKE2 (7C:DF:A1:B7:2F:D2) RSSI: -84
02-20 12:03:18.017 23357 23896 E BluetoothRemoteDevices: Remote class is UNCATEGORIZED
02-20 12:03:21.217 21975 21975 I flutter : BLE: Tarama zaten durmuş durumda
02-20 12:03:21.315 21975 21975 I flutter : BLE: ------------------------------12:03:21 Fri 20 Feb.
02-20 12:03:21.315 21975 21975 I flutter : BLE: Tarama başlatılıyor... (nameFilter: null, manufacturerId: None)
02-20 12:03:21.317 21975 21975 I flutter : BLE: Tarama tamamlandı
02-20 12:03:21.318 21975 22264 D BluetoothAdapter: isLeEnabled(): ON
02-20 12:03:21.318 21975 22264 D BluetoothLeScanner: Stop Scan with callback
02-20 12:03:21.330 21975 22264 D BluetoothAdapter: isLeEnabled(): ON
02-20 12:03:21.332 21975 22264 D BluetoothLeScanner: Start Scan with callback
02-20 12:03:21.336 21975 22265 D BluetoothLeScanner: onScannerRegistered() - status=0 scannerId=9 mScannerId=0
02-20 12:03:21.498 23357 23896 E BluetoothRemoteDevices: Remote class is UNCATEGORIZED
02-20 12:03:22.171 23357 23896 E BluetoothRemoteDevices: Remote class is UNCATEGORIZED
02-20 12:03:23.355 23357 23896 E BluetoothRemoteDevices: Remote class is UNCATEGORIZED
02-20 12:03:25.087 23357 23896 E BluetoothRemoteDevices: Remote class is UNCATEGORIZED
02-20 12:03:25.101 21975 21975 I flutter : DEBUG: KART TANIMLA BUTONUNA BASILDI! Device: 7C:DF:A1:B9:AD:56
02-20 12:03:25.101 21975 21975 I flutter : DEBUG: Baglanti kurulmaya çalisiliyor...
02-20 12:03:25.106 21975 21975 I flutter : Bağlantı durumu: DeviceConnectionState.connecting
02-20 12:03:25.109 21975 22264 D BluetoothGatt: connect() - device: XX:XX:XX:XX:AD:56, auto: true
02-20 12:03:25.109 21975 22264 D BluetoothGatt: registerApp()
02-20 12:03:25.110 21975 22264 D BluetoothGatt: registerApp() - UUID=a53f594a-356b-43a9-b8ea-cf09813e2f44
02-20 12:03:25.119 21975 30548 D BluetoothGatt: onClientRegistered() - status=0 clientIf=120
02-20 12:03:25.147 23357 23856 W BluetoothMetrics: system/gd/os/android/metrics.cc:488 LogMetricBluetoothEvent: Failed BluetoothEvent Upload - Address is Empty
02-20 12:03:25.278 23357 23851 W bt_bta_gattc: system/bta/gatt/bta_gattc_cache.cc:192 GetRobustCachingSupport: Device LMP version 0x09 < Bluetooth 5.1. Ignore database cache read.
02-20 12:03:25.278 23357 23851 W bt_bta_gattc: system/bta/gatt/bta_gattc_cache.cc:192 GetRobustCachingSupport: Device LMP version 0x09 < Bluetooth 5.1. Ignore database cache read.
02-20 12:03:25.290 23357 23896 I ContainerConfigurationPolicy: Bluetooth And NFC caller permission check
02-20 12:03:25.290 22596 22947 I BluetoothDeviceBatteryManager: action: android.bluetooth.device.action.ACL_CONNECTED
02-20 12:03:25.293 23458 23600 W BluetoothEventManager: AclStateChangedHandler: activeDevice is null
02-20 12:03:25.294 22596 22947 I BluetoothDeviceBatteryManager: # Alias(TEST) / Address(7CDFA1_6)
02-20 12:03:25.296 23357 18545 I BluetoothRemoteDevices: getBatteryLevel : -1 from HFP
02-20 12:03:25.297 22596 22947 I BluetoothDeviceBatteryManager: # BatteryLevel : -1
02-20 12:03:25.299 32457 32457 I GH.WifiBluetoothRcvr: Connection action: android.bluetooth.device.action.ACL_CONNECTED, device XX:XX:XX:XX:AD:56
02-20 12:03:25.299 32457 32457 I GH.WifiBluetoothRcvr: Wireless projection is available on this phone.
02-20 12:03:25.307 21975 30548 D BluetoothGatt: onClientConnectionState() - status=0 clientIf=120 connected=true device=XX:XX:XX:XX:AD:56
02-20 12:03:25.310 23458 23600 W BluetoothEventManager: AclStateChangedHandler: activeDevice is null
02-20 12:03:25.310 25469 25527 I D_FMM:[WearableManager     ]: LBA_Event : TEST - 7C:**:**:**:AD:56
02-20 12:03:25.312 21975 21975 I flutter : Bağlantı durumu: DeviceConnectionState.connected
02-20 12:03:25.313 21975 21975 I flutter : Servisler keşfediliyor...
02-20 12:03:25.337  8927  9040 D BluetoothAdapter: getBondedDevices() - package : com.google.android.gms, state : 12
02-20 12:03:25.341  8927  9040 D BluetoothAdapter: getBondedDevices() - package : com.google.android.gms, state : 12
02-20 12:03:25.349 21975 22264 D BluetoothGatt: discoverServices() - device: XX:XX:XX:XX:AD:56
02-20 12:03:25.353 22596 22596 D BluetoothPolicyService: onReceive android.bluetooth.device.action.ACL_CONNECTED
02-20 12:03:25.354 28834 28834 I [+0300]oneconnect[1.8.41.23_01][CORE]: BluetoothHelper.handleActionConnectionStateChanged -  [action]android.bluetooth.device.action.ACL_CONNECTED [connState]2[address]TEST - ($)
02-20 12:03:25.354 22596 22596 D BluetoothPolicyService: isDesktopConnectivityEnabled : true
02-20 12:03:25.361 22596 23675 D SLocation: BluetoothStatusMonitor - conn, (7C:DF:A1:**:**:56/737), state : 10, 2
02-20 12:03:25.363 28834 30673 I BluetoothHeadset: getConnectionState() in if statement
02-20 12:03:25.374 22596 23675 D SLocation: BluetoothStatusMonitor - conn, (7C:DF:A1:**:**:56/737), state : 10, 2
02-20 12:03:25.375 23357 18545 E BluetoothRemoteDevices: mSocketConnectedCount 0
02-20 12:03:25.375 28834 30673 I [+0300]oneconnect[1.8.41.23_01][CORE]: BluetoothHelper.getBtDevice - deviceBt ($)-T(4)
02-20 12:03:25.377 28834 30673 I [+0300]oneconnect[1.8.41.23_01][CORE]: BluetoothHelperUtil.getManufacturerData -  - ($)
02-20 12:03:25.377 28834 30673 I [+0300]oneconnect[1.8.41.23_01][CORE]: BluetoothHelper.getBtDevice - isConnected:false
02-20 12:03:25.398 28834 30673 I [+0300]oneconnect[1.8.41.23_01][CORE]: BluetoothHelper.setDeviceTypeAndIconForExceptedDevices - devicename: ($)-T(4)
02-20 12:03:25.677 21975 21997 D BluetoothGatt: onConnectionUpdated() - Device=XX:XX:XX:XX:AD:56 interval=6 latency=0 timeout=500 status=0
02-20 12:03:25.978 21975 21997 D BluetoothGatt: onSearchComplete() = address=XX:XX:XX:XX:AD:56 status=0
02-20 12:03:25.995 21975 21975 I flutter : Servis bulundu: 00001800-0000-1000-8000-00805f9b34fb
02-20 12:03:25.995 21975 21975 I flutter : Characteristic bulundu: 00002a00-0000-1000-8000-00805f9b34fb
02-20 12:03:25.995 21975 21975 I flutter : Characteristic bulundu: 00002a01-0000-1000-8000-00805f9b34fb
02-20 12:03:25.995 21975 21975 I flutter : Servis bulundu: 00001801-0000-1000-8000-00805f9b34fb
02-20 12:03:25.995 21975 21975 I flutter : Characteristic bulundu: 00002a05-0000-1000-8000-00805f9b34fb
02-20 12:03:25.996 21975 21975 I flutter : Characteristic bulundu: 00002b3a-0000-1000-8000-00805f9b34fb
02-20 12:03:25.996 21975 21975 I flutter : Characteristic bulundu: 00002b29-0000-1000-8000-00805f9b34fb
02-20 12:03:25.996 21975 21975 I flutter : Servis bulundu: 12345678-1234-1234-1234-123456789abc
02-20 12:03:25.996 21975 21975 I flutter : Characteristic bulundu: 87654321-4321-4321-4321-abcdefabcdef
02-20 12:03:25.996 21975 21975 I flutter : Write characteristic bulundu: 87654321-4321-4321-4321-abcdefabcdef
02-20 12:03:25.996 21975 21975 I flutter : Read characteristic bulundu: 87654321-4321-4321-4321-abcdefabcdef
02-20 12:03:25.996 21975 21975 I flutter : ESP Tx karakteristiği notification dinleme başlatılıyor...
02-20 12:03:25.996 21975 21975 I flutter : ESP notification dinleme başlatıldı - READ işlemi yapılmıyor
02-20 12:03:25.996 21975 21975 I flutter : ESP characteristic özellikleri kontrol ediliyor...
02-20 12:03:25.996 21975 21975 I flutter : ESP INDICATE dinleme de başlatılıyor...
02-20 12:03:25.996 21975 21975 I flutter : ESP hem NOTIFY hem INDICATE dinleme başlatıldı
02-20 12:03:25.997 21975 21975 I flutter : DEBUG: Baglanti asamasi gecildi. Delay bekleniyor...
02-20 12:03:26.033 21975 26120 D BluetoothGatt: setCharacteristicNotification() - uuid: 87654321-4321-4321-4321-abcdefabcdef enable: true
02-20 12:03:26.040 21975 21997 D BluetoothGatt: onConnectionUpdated() - Device=XX:XX:XX:XX:AD:56 interval=36 latency=0 timeout=500 status=0
02-20 12:03:26.499 21975 21975 I flutter : DEBUG: SnackBar gosterilecek...
02-20 12:03:26.499 21975 21975 I flutter : DEBUG: sendConfigMessage cagiriliyor...
02-20 12:03:26.499 21975 21975 I flutter : === MESAJ GÖNDERİLİYOR ===
02-20 12:03:26.499 21975 21975 I flutter : 1. BYTE ARRAY (32 byte):
02-20 12:03:26.500 21975 21975 I flutter :    0x98 0x58 0x1D 0x72 0xCC 0x01 0xB4 0x76 0x28 0xC3 0x67 0x3D 0x6B 0x27 0x75 0x87 0xAE 0xE8 0x47 0x3C 0xEB 0xA2 0xA5 0x6C 0xD6 0xF8 0xB6 0x28 0x05 0x68 0x32 0x38
02-20 12:03:26.985 21975 21975 I flutter : ✓ Mesaj başarıyla gönderildi!
02-20 12:03:26.985 21975 21975 I flutter : ========================
02-20 12:03:26.985 21975 21975 I flutter : DEBUG: sendConfigMessage basarili.
02-20 12:03:26.985 21975 21975 I flutter : DEBUG: startListening cagiriliyor...
02-20 12:03:26.985 21975 21975 I flutter : DEBUG: startListening basarili.
02-20 12:03:27.568 23357 23896 E BluetoothRemoteDevices: Remote class is UNCATEGORIZED
02-20 12:03:28.081 22596 24177 W Binder  : 	at android.bluetooth.IBluetoothGatt$Stub$Proxy.getAdvertisingSetUids(IBluetoothGatt.java:1678)
02-20 12:03:28.081 22596 24177 W Binder  : 	at android.bluetooth.BluetoothAdapter.getAdvertisingSetUids(BluetoothAdapter.java:8476)
02-20 12:03:28.081 22596 24177 W Binder  : 	at android.bluetooth.BluetoothAdapter.getHWUsingApps(BluetoothAdapter.java:1342)
02-20 12:03:31.217 21975 21975 I flutter : BLE: Tarama zaten durmuş durumda
02-20 12:03:31.315 21975 21975 I flutter : BLE: ------------------------------12:03:31 Fri 20 Feb.
02-20 12:03:31.315 21975 21975 I flutter : BLE: Tarama başlatılıyor... (nameFilter: null, manufacturerId: None)
02-20 12:03:31.317 21975 21975 I flutter : BLE: Tarama tamamlandı
02-20 12:03:31.319 21975 22264 D BluetoothAdapter: isLeEnabled(): ON
02-20 12:03:31.319 21975 22264 D BluetoothLeScanner: Stop Scan with callback
02-20 12:03:31.327 21975 22264 D BluetoothAdapter: isLeEnabled(): ON
02-20 12:03:31.329 21975 22264 D BluetoothLeScanner: Start Scan with callback
02-20 12:03:31.333 21975 21997 D BluetoothLeScanner: onScannerRegistered() - status=0 scannerId=9 mScannerId=0
02-20 12:03:31.374 23357 23896 E BluetoothRemoteDevices: Remote class is UNCATEGORIZED
02-20 12:03:31.537 23357 23896 E BluetoothRemoteDevices: Remote class is UNCATEGORIZED
02-20 12:03:31.795 28816 28816 I flutter : BLE: Tarama durduruluyor...
02-20 12:03:31.804 28816 28816 I flutter : BLE: Tarama başarıyla durduruldu
02-20 12:03:31.805 28816 28892 D BluetoothAdapter: isLeEnabled(): ON
02-20 12:03:31.805 28816 28892 D BluetoothLeScanner: Stop Scan with callback
02-20 12:03:31.896 28816 28816 I flutter : BLE: ------------------------------12:03:31 Fri 20 Feb.
02-20 12:03:31.896 28816 28816 I flutter : BLE: Tarama başlatılıyor... (nameFilter: null, manufacturerId: None)
02-20 12:03:31.900 28816 28892 D BluetoothAdapter: isLeEnabled(): ON
02-20 12:03:31.902 28816 28892 D BluetoothLeScanner: Start Scan with callback
02-20 12:03:31.904 28816 28923 D BluetoothLeScanner: onScannerRegistered() - status=0 scannerId=10 mScannerId=0
02-20 12:03:31.960 28816 28816 I flutter : BLE: POLITEKNIK DEVICE FOUND DName=TURNIKE2,rn=07418464
02-20 12:03:31.960 28816 28816 I flutter : MD5 : 83aac6165b21feee93a6df5ac666a58a
02-20 12:03:31.961 28816 28816 I flutter : Epoch Time= 1771578211961 seconds ago. = 1771578211961
02-20 12:03:31.961 28816 28816 I flutter : BLE: Bulundu - TURNIKE2 (7C:DF:A1:B7:2F:D2) RSSI: -85
02-20 12:03:31.961 28816 28816 I flutter : BLE: POLITEKNIK DEVICE FOUND DName=TANIMSIZ NOKTA,rn=06045143
02-20 12:03:31.961 28816 28816 I flutter : MD5 : db8eb7564e885e581def5b17ba6190a6
02-20 12:03:31.961 28816 28816 I flutter : Epoch Time= 1771578211961 seconds ago. = 1771578211961
02-20 12:03:31.961 28816 28816 I flutter : BLE: Bulundu - TEST (7C:DF:A1:B9:AD:56) RSSI: -52
02-20 12:03:33.383 23357 23896 E BluetoothRemoteDevices: Remote class is UNCATEGORIZED
02-20 12:03:33.617 23357 23896 E BluetoothRemoteDevices: Remote class is UNCATEGORIZED
02-20 12:03:34.158 23357 23896 E BluetoothRemoteDevices: Remote class is UNCATEGORIZED
02-20 12:03:36.986 21975 21975 I flutter : DEBUG: KART OKUMA HATASI: Kart okutma zaman aşımı
02-20 12:03:36.998 21975 22264 D BluetoothGatt: cancelOpen() - device: XX:XX:XX:XX:AD:56
02-20 12:03:37.008 21975 21997 D BluetoothGatt: onClientConnectionState() - status=0 clientIf=120 connected=false device=XX:XX:XX:XX:AD:56
02-20 12:03:37.011 21975 21997 D BluetoothGatt: setCharacteristicNotification() - uuid: 87654321-4321-4321-4321-abcdefabcdef enable: false
02-20 12:03:37.017 21975 22264 D BluetoothGatt: close()
02-20 12:03:37.018 21975 22264 D BluetoothGatt: unregisterApp() - mClientIf=120
02-20 12:03:38.067 23357 23896 I BluetoothRemoteDevices: getBatteryLevel : -1 from HFP
02-20 12:03:38.067 23357 23896 I BluetoothRemoteDevices: setBatteryLevelFromBatteryService : -1
02-20 12:03:38.067 23357 23896 I BluetoothRemoteDevices: getBatteryLevel : -1 from HFP
02-20 12:03:38.073 23357 23896 I ContainerConfigurationPolicy: Bluetooth And NFC caller permission check
02-20 12:03:38.073 22596 22947 I BluetoothDeviceBatteryManager: action: android.bluetooth.device.action.ACL_DISCONNECTED
02-20 12:03:38.074 22596 23675 D SLocation: BluetoothStatusMonitor - disconn, (7C:DF:A1:**:**:56/737), 2
02-20 12:03:38.076 22596 22947 I BluetoothDeviceBatteryManager: # Alias(TEST) / Address(7CDFA1_6)
02-20 12:03:38.076 23357 27230 I BluetoothRemoteDevices: getBatteryLevel : -1 from HFP
02-20 12:03:38.076 22596 22947 I BluetoothDeviceBatteryManager: # BatteryLevel : -1
02-20 12:03:38.077 22596 23675 D SLocation: BluetoothDeviceManager - handleDisconnected (7C:DF:A1:**:**:56/737) 2
02-20 12:03:38.079 23458 23600 W BluetoothEventManager: AclStateChangedHandler: activeDevice is null
02-20 12:03:38.084 28834 28834 I [+0300]oneconnect[1.8.41.23_01][CORE]: BluetoothHelper.handleActionConnectionStateChanged -  [action]android.bluetooth.device.action.ACL_DISCONNECTED [connState]0[address]TEST - ($)
02-20 12:03:38.085 28834 28834 W [+0300]oneconnect[1.8.41.23_01][CORE]: BluetoothHelper.handleActionConnectionStateChanged - Skip exceptional case do not add device: BluetoothProfile.STATE_DISCONNECTED, BluetoothDevice.BOND_NONE name: ($)-T(4) mac: ($)7C:DF
02-20 12:03:38.099  8927  9040 D BluetoothAdapter: getBondedDevices() - package : com.google.android.gms, state : 12
02-20 12:03:38.101  8927  9040 D BluetoothAdapter: getBondedDevices() - package : com.google.android.gms, state : 12
02-20 12:03:38.103 25469 25527 I D_FMM:[WearableManager     ]: LBA_Event : TEST - 7C:**:**:**:AD:56
02-20 12:03:38.113 32485 32510 D BluetoothAdapter: getBondedDevices() - package : com.google.android.googlequicksearchbox, state : 12
02-20 12:03:38.128 22596 23675 D SLocation: BluetoothStatusMonitor - disconn, (7C:DF:A1:**:**:56/737), 2
02-20 12:03:38.128 22596 23675 D SLocation: BluetoothDeviceManager - handleDisconnected (7C:DF:A1:**:**:56/737) 2
02-20 12:03:38.131 23458 23600 W BluetoothEventManager: AclStateChangedHandler: activeDevice is null
02-20 12:03:38.776 23357 23896 E BluetoothRemoteDevices: Remote class is UNCATEGORIZED
02-20 12:03:41.215 21975 21975 I flutter : BLE: Tarama zaten durmuş durumda
02-20 12:03:41.315 21975 21975 I flutter : BLE: ------------------------------12:03:41 Fri 20 Feb.
02-20 12:03:41.315 21975 21975 I flutter : BLE: Tarama başlatılıyor... (nameFilter: null, manufacturerId: None)
02-20 12:03:41.320 21975 21975 I flutter : BLE: Tarama tamamlandı
02-20 12:03:41.321 21975 22264 D BluetoothAdapter: isLeEnabled(): ON
02-20 12:03:41.322 21975 22264 D BluetoothLeScanner: Stop Scan with callback
02-20 12:03:41.356 21975 22264 D BluetoothAdapter: isLeEnabled(): ON
02-20 12:03:41.358 21975 22264 D BluetoothLeScanner: Start Scan with callback
02-20 12:03:41.360 21975 22265 D BluetoothLeScanner: onScannerRegistered() - status=0 scannerId=9 mScannerId=0
02-20 12:03:41.681 23357 23896 E BluetoothRemoteDevices: Remote class is UNCATEGORIZED
02-20 12:03:41.758 23357 23896 E BluetoothRemoteDevices: Remote class is UNCATEGORIZED
02-20 12:03:42.924 23357 23896 E BluetoothRemoteDevices: Remote class is UNCATEGORIZED
02-20 12:03:43.234 23357 23896 E BluetoothRemoteDevices: Remote class is UNCATEGORIZED
02-20 12:03:43.403 23357 23896 E BluetoothRemoteDevices: Remote class is UNCATEGORIZED
02-20 12:03:46.795 28816 28816 I flutter : BLE: Tarama durduruluyor...
02-20 12:03:46.799 28816 28816 I flutter : BLE: Tarama başarıyla durduruldu
02-20 12:03:46.800 28816 28892 D BluetoothAdapter: isLeEnabled(): ON
02-20 12:03:46.800 28816 28892 D BluetoothLeScanner: Stop Scan with callback
02-20 12:03:46.896 28816 28816 I flutter : BLE: ------------------------------12:03:46 Fri 20 Feb.
02-20 12:03:46.896 28816 28816 I flutter : BLE: Tarama başlatılıyor... (nameFilter: null, manufacturerId: None)
02-20 12:03:46.899 28816 28892 D BluetoothAdapter: isLeEnabled(): ON
02-20 12:03:46.901 28816 28892 D BluetoothLeScanner: Start Scan with callback
02-20 12:03:46.904 28816 28923 D BluetoothLeScanner: onScannerRegistered() - status=0 scannerId=10 mScannerId=0
