02-20 11:57:46.798 28816 28892 D BluetoothLeScanner: Stop Scan with callback
02-20 11:57:46.805 23357 23896 E BluetoothRemoteDevices: Remote class is UNCATEGORIZED
02-20 11:57:46.897 28816 28816 I flutter : BLE: ------------------------------11:57:46 Fri 20 Feb.
02-20 11:57:46.897 28816 28816 I flutter : BLE: Tarama başlatılıyor... (nameFilter: null, manufacturerId: None)
02-20 11:57:46.899 28816 28892 D BluetoothAdapter: isLeEnabled(): ON
02-20 11:57:46.900 28816 28892 D BluetoothLeScanner: Start Scan with callback
02-20 11:57:46.903 28816 28925 D BluetoothLeScanner: onScannerRegistered() - status=0 scannerId=10 mScannerId=0
02-20 11:57:46.982 28816 28816 I flutter : BLE: POLITEKNIK DEVICE FOUND DName=TURNIKE2,rn=50381366
02-20 11:57:46.982 28816 28816 I flutter : MD5 : 6065fd8f440e00323311641ff59c82f1
02-20 11:57:46.982 28816 28816 I flutter : Epoch Time= 1771577866982 seconds ago. = 1771577866982
02-20 11:57:46.982 28816 28816 I flutter : BLE: Bulundu -  (7C:DF:A1:B7:2F:D2) RSSI: -80
02-20 11:57:47.268 23357 23896 E BluetoothRemoteDevices: Remote class is UNCATEGORIZED
02-20 11:57:47.317 23357 23896 E BluetoothRemoteDevices: Remote class is UNCATEGORIZED
02-20 11:57:48.042 23357 23896 E BluetoothRemoteDevices: Remote class is UNCATEGORIZED
02-20 11:57:48.873 23357 23896 E BluetoothRemoteDevices: Remote class is UNCATEGORIZED
02-20 11:57:49.807 23357 23896 E BluetoothRemoteDevices: Remote class is UNCATEGORIZED
02-20 11:57:51.213 21975 21975 I flutter : BLE: Tarama durduruluyor...
02-20 11:57:51.225 21975 21975 I flutter : BLE: Tarama başarıyla durduruldu
02-20 11:57:51.227 21975 22264 D BluetoothAdapter: isLeEnabled(): ON
02-20 11:57:51.227 21975 22264 D BluetoothLeScanner: Stop Scan with callback
02-20 11:57:51.317 21975 21975 I flutter : BLE: ------------------------------11:57:51 Fri 20 Feb.
02-20 11:57:51.317 21975 21975 I flutter : BLE: Tarama başlatılıyor... (nameFilter: null, manufacturerId: None)
02-20 11:57:51.324 21975 22264 D BluetoothAdapter: isLeEnabled(): ON
02-20 11:57:51.326 21975 22264 D BluetoothLeScanner: Start Scan with callback
02-20 11:57:51.330 21975 22265 D BluetoothLeScanner: onScannerRegistered() - status=0 scannerId=9 mScannerId=0
02-20 11:57:51.428 28816 28816 I flutter : BLE: POLITEKNIK DEVICE FOUND DName=TANIMSIZ NOKTA,rn=27052631
02-20 11:57:51.428 28816 28816 I flutter : MD5 : 46d710b5096abbedc234af7d234488a6
02-20 11:57:51.428 28816 28816 I flutter : Epoch Time= 1771577871428 seconds ago. = 1771577871428
02-20 11:57:51.428 28816 28816 I flutter : BLE: Bulundu - TEST (7C:DF:A1:B9:AD:56) RSSI: -55
02-20 11:57:53.097 22596 24661 D ScreenCapture: [Capture_TEST] : setIsScreenShotBySystem false
02-20 11:57:53.295 22596 22620 D ScreenCapture: [Capture_TEST] : setIsScreenShotBySystem false
02-20 11:57:54.304 21975 21975 I SV[161403044 MainActivity]: onWindowVisibilityChanged(0) false io.flutter.embedding.android.FlutterSurfaceView{99ed0a4 V.E...... ......ID 0,0-1080,2340} of VRI[MainActivity]@377eb79
02-20 11:57:54.323 23357 23896 E BluetoothRemoteDevices: Remote class is UNCATEGORIZED
02-20 11:57:54.325 21975 21975 I SV[161403044 MainActivity]: windowStopped(false) true io.flutter.embedding.android.FlutterSurfaceView{99ed0a4 V.E...... ......ID 0,0-1080,2340} of VRI[MainActivity]@377eb79
02-20 11:57:54.329 21975 21975 I SV[161403044 MainActivity]: surfaceCreated 1 #1 io.flutter.embedding.android.FlutterSurfaceView{99ed0a4 V.E...... ......ID 0,0-1080,2340}
02-20 11:57:54.347 21975 21975 I SV[161403044 MainActivity]: surfaceChanged (1080,2340) 1 #1 io.flutter.embedding.android.FlutterSurfaceView{99ed0a4 V.E...... ......ID 0,0-1080,2340}
02-20 11:57:54.469 23357 23896 E BluetoothRemoteDevices: Remote class is UNCATEGORIZED
02-20 11:57:54.857 23357 23896 E BluetoothRemoteDevices: Remote class is UNCATEGORIZED
02-20 11:57:55.290 23357 23896 E BluetoothRemoteDevices: Remote class is UNCATEGORIZED
02-20 11:57:55.756 22596 24177 W Binder  : 	at android.bluetooth.IBluetoothGatt$Stub$Proxy.getAdvertisingSetUids(IBluetoothGatt.java:1678)
02-20 11:57:55.756 22596 24177 W Binder  : 	at android.bluetooth.BluetoothAdapter.getAdvertisingSetUids(BluetoothAdapter.java:8476)
02-20 11:57:55.756 22596 24177 W Binder  : 	at android.bluetooth.BluetoothAdapter.getHWUsingApps(BluetoothAdapter.java:1342)
02-20 11:57:55.808 21975 21975 I flutter : BLE: Tarama durduruluyor...
02-20 11:57:55.816 21975 21975 I flutter : BLE: Tarama başarıyla durduruldu
02-20 11:57:55.817 21975 22264 D BluetoothAdapter: isLeEnabled(): ON
02-20 11:57:55.817 21975 22264 D BluetoothLeScanner: Stop Scan with callback
02-20 11:57:55.911 21975 21975 I flutter : BLE: ------------------------------11:57:55 Fri 20 Feb.
02-20 11:57:55.911 21975 21975 I flutter : BLE: Tarama başlatılıyor... (nameFilter: null, manufacturerId: None)
02-20 11:57:55.914 21975 22264 D BluetoothAdapter: isLeEnabled(): ON
02-20 11:57:55.916 21975 22264 D BluetoothLeScanner: Start Scan with callback
02-20 11:57:55.918 21975 21987 D BluetoothLeScanner: onScannerRegistered() - status=0 scannerId=9 mScannerId=0
02-20 11:57:56.074 21975 21975 I flutter : BLE: POLITEKNIK DEVICE FOUND DName=TANIMSIZ NOKTA,rn=27052631
02-20 11:57:56.074 21975 21975 I flutter : MD5 : 46d710b5096abbedc234af7d234488a6
02-20 11:57:56.075 21975 21975 I flutter : Epoch Time= 1771577876074 seconds ago. = 1771577876075
02-20 11:57:56.075 21975 21975 I flutter : BLE: Bulundu - TEST (7C:DF:A1:B9:AD:56) RSSI: -53
02-20 11:57:56.079 21975 21975 I flutter : BLE: POLITEKNIK DEVICE FOUND DName=TURNIKE2,rn=47929572
02-20 11:57:56.079 21975 21975 I flutter : MD5 : 97979c84beecc37a4df4339d7ec58cb6
02-20 11:57:56.079 21975 21975 I flutter : Epoch Time= 1771577876079 seconds ago. = 1771577876079
02-20 11:57:56.079 21975 21975 I flutter : BLE: Bulundu -  (7C:DF:A1:B7:2F:D2) RSSI: -87
02-20 11:57:56.131 23357 23896 E BluetoothRemoteDevices: Remote class is UNCATEGORIZED
02-20 11:57:56.348 23357 23896 E BluetoothRemoteDevices: Remote class is UNCATEGORIZED
02-20 11:57:57.904 23357 23896 E BluetoothRemoteDevices: Remote class is UNCATEGORIZED
02-20 11:57:58.535 22596 24768 D ScreenCapture: [Capture_TEST] : setIsScreenShotBySystem false
02-20 11:57:59.018 22596 24773 D ScreenCapture: [Capture_TEST] : setIsScreenShotBySystem false
02-20 11:57:59.123 21975 21975 I SV[161403044 MainActivity]: windowStopped(true) false io.flutter.embedding.android.FlutterSurfaceView{99ed0a4 V.E...... ........ 0,0-1080,2340} of VRI[MainActivity]@377eb79
02-20 11:57:59.126 21975 21975 I SV[161403044 MainActivity]: surfaceDestroyed callback.size 1 #1 io.flutter.embedding.android.FlutterSurfaceView{99ed0a4 V.E...... ........ 0,0-1080,2340}
02-20 11:57:59.177 21975 21975 I SV[161403044 MainActivity]: onWindowVisibilityChanged(4) false io.flutter.embedding.android.FlutterSurfaceView{99ed0a4 G.E...... ......I. 0,0-1080,2340} of VRI[MainActivity]@377eb79
02-20 11:57:59.460 23357 23896 E BluetoothRemoteDevices: Remote class is UNCATEGORIZED
02-20 11:58:00.009 23357 23896 E BluetoothRemoteDevices: Remote class is UNCATEGORIZED
02-20 11:58:00.429 23357 23896 E BluetoothRemoteDevices: Remote class is UNCATEGORIZED
02-20 11:58:00.496 23357 23896 E BluetoothRemoteDevices: Remote class is UNCATEGORIZED
02-20 11:58:01.215 21975 21975 I flutter : BLE: Tarama durduruluyor...
02-20 11:58:01.232 21975 21975 I flutter : BLE: Tarama başarıyla durduruldu
02-20 11:58:01.233 21975 22264 D BluetoothAdapter: isLeEnabled(): ON
02-20 11:58:01.233 21975 22264 D BluetoothLeScanner: Stop Scan with callback
02-20 11:58:01.318 21975 21975 I flutter : BLE: ------------------------------11:58:01 Fri 20 Feb.
02-20 11:58:01.318 21975 21975 I flutter : BLE: Tarama başlatılıyor... (nameFilter: null, manufacturerId: None)
02-20 11:58:01.326 21975 22264 D BluetoothAdapter: isLeEnabled(): ON
02-20 11:58:01.328 21975 22264 D BluetoothLeScanner: Start Scan with callback
02-20 11:58:01.331 21975 21986 D BluetoothLeScanner: onScannerRegistered() - status=0 scannerId=9 mScannerId=0
02-20 11:58:01.795 28816 28816 I flutter : BLE: Tarama durduruluyor...
02-20 11:58:01.797 28816 28816 I flutter : BLE: Tarama başarıyla durduruldu
02-20 11:58:01.798 28816 28892 D BluetoothAdapter: isLeEnabled(): ON
02-20 11:58:01.798 28816 28892 D BluetoothLeScanner: Stop Scan with callback
02-20 11:58:01.855 23357 23896 E BluetoothRemoteDevices: Remote class is UNCATEGORIZED
02-20 11:58:01.898 28816 28816 I flutter : BLE: ------------------------------11:58:01 Fri 20 Feb.
02-20 11:58:01.898 28816 28816 I flutter : BLE: Tarama başlatılıyor... (nameFilter: null, manufacturerId: None)
02-20 11:58:01.900 28816 28892 D BluetoothAdapter: isLeEnabled(): ON
02-20 11:58:01.901 28816 28892 D BluetoothLeScanner: Start Scan with callback
02-20 11:58:01.905 28816 29093 D BluetoothLeScanner: onScannerRegistered() - status=0 scannerId=10 mScannerId=0
02-20 11:58:02.040 23357 23896 E BluetoothRemoteDevices: Remote class is UNCATEGORIZED
02-20 11:58:02.064 28816 28816 I flutter : BLE: POLITEKNIK DEVICE FOUND DName=TANIMSIZ NOKTA,rn=14005822
02-20 11:58:02.064 28816 28816 I flutter : MD5 : afb4bb261aceae56d269d7e5d679393f
02-20 11:58:02.064 28816 28816 I flutter : Epoch Time= 1771577882064 seconds ago. = 1771577882064
02-20 11:58:02.064 28816 28816 I flutter : BLE: Bulundu - TEST (7C:DF:A1:B9:AD:56) RSSI: -72
02-20 11:58:02.075 28816 28816 I flutter : BLE: POLITEKNIK DEVICE FOUND DName=TURNIKE2,rn=47929572
02-20 11:58:02.075 28816 28816 I flutter : MD5 : 97979c84beecc37a4df4339d7ec58cb6
02-20 11:58:02.075 28816 28816 I flutter : Epoch Time= 1771577882075 seconds ago. = 1771577882075
02-20 11:58:02.075 28816 28816 I flutter : BLE: Bulundu -  (7C:DF:A1:B7:2F:D2) RSSI: -87
02-20 11:58:03.401 23357 23896 E BluetoothRemoteDevices: Remote class is UNCATEGORIZED
02-20 11:58:03.959 23357 23896 E BluetoothRemoteDevices: Remote class is UNCATEGORIZED
02-20 11:58:04.049 28816 28816 I flutter : BLE: Tarama durduruluyor...
02-20 11:58:04.052 28816 28816 I flutter : BLE: Tarama başarıyla durduruldu
02-20 11:58:04.053 28816 28892 D BluetoothAdapter: isLeEnabled(): ON
02-20 11:58:04.053 28816 28892 D BluetoothLeScanner: Stop Scan with callback
02-20 11:58:04.152 28816 28816 I flutter : BLE: ------------------------------11:58:04 Fri 20 Feb.
02-20 11:58:04.152 28816 28816 I flutter : BLE: Tarama başlatılıyor... (nameFilter: null, manufacturerId: None)
02-20 11:58:04.153 28816 28892 D BluetoothAdapter: isLeEnabled(): ON
02-20 11:58:04.155 28816 28892 D BluetoothLeScanner: Start Scan with callback
02-20 11:58:04.158 28816 29093 D BluetoothLeScanner: onScannerRegistered() - status=0 scannerId=10 mScannerId=0
02-20 11:58:04.292 28816 28816 I flutter : BLE: POLITEKNIK DEVICE FOUND DName=TANIMSIZ NOKTA,rn=14005822
02-20 11:58:04.292 28816 28816 I flutter : MD5 : afb4bb261aceae56d269d7e5d679393f
02-20 11:58:04.292 28816 28816 I flutter : Epoch Time= 1771577884292 seconds ago. = 1771577884292
02-20 11:58:04.293 28816 28816 I flutter : BLE: Bulundu - TEST (7C:DF:A1:B9:AD:56) RSSI: -70
02-20 11:58:04.467 23357 23896 E BluetoothRemoteDevices: Remote class is UNCATEGORIZED
02-20 11:58:04.478 28816 28816 I flutter : BLE: POLITEKNIK DEVICE FOUND DName=TURNIKE2,rn=47929572
02-20 11:58:04.479 28816 28816 I flutter : MD5 : 97979c84beecc37a4df4339d7ec58cb6
02-20 11:58:04.479 28816 28816 I flutter : Epoch Time= 1771577884479 seconds ago. = 1771577884479
02-20 11:58:04.479 28816 28816 I flutter : BLE: Bulundu -  (7C:DF:A1:B7:2F:D2) RSSI: -85
02-20 11:58:05.312 23357 23896 E BluetoothRemoteDevices: Remote class is UNCATEGORIZED
02-20 11:58:05.474 23357 23896 E BluetoothRemoteDevices: Remote class is UNCATEGORIZED
02-20 11:58:07.557 23357 23896 E BluetoothRemoteDevices: Remote class is UNCATEGORIZED
02-20 11:58:10.871 23357 23896 E BluetoothRemoteDevices: Remote class is UNCATEGORIZED
02-20 11:58:11.215 21975 21975 I flutter : BLE: Tarama durduruluyor...
02-20 11:58:11.246 21975 21975 I flutter : BLE: Tarama başarıyla durduruldu
02-20 11:58:11.247 21975 22264 D BluetoothAdapter: isLeEnabled(): ON
02-20 11:58:11.248 21975 22264 D BluetoothLeScanner: Stop Scan with callback
02-20 11:58:11.320 21975 21975 I flutter : BLE: ------------------------------11:58:11 Fri 20 Feb.
02-20 11:58:11.320 21975 21975 I flutter : BLE: Tarama başlatılıyor... (nameFilter: null, manufacturerId: None)
02-20 11:58:11.327 21975 22264 D BluetoothAdapter: isLeEnabled(): ON
02-20 11:58:11.329 21975 22264 D BluetoothLeScanner: Start Scan with callback
02-20 11:58:11.332 21975 21986 D BluetoothLeScanner: onScannerRegistered() - status=0 scannerId=9 mScannerId=0
02-20 11:58:13.293  8927 29174 D BluetoothLeAdvertiser: Stop AdvertingSet
02-20 11:58:13.297  8927 29174 D BluetoothLeAdvertiser: Stop AdvertingSet
02-20 11:58:13.301  8927 29174 D BluetoothAdapter: isLeEnabled(): ON
02-20 11:58:13.302  8927  8927 D BluetoothLeAdvertiser: onAdvertisingSetStopped(2)
02-20 11:58:13.303  8927  8927 D BluetoothLeAdvertiser: onAdvertisingSetStopped(1)
02-20 11:58:13.329  8927  8927 D BluetoothLeAdvertiser: onAdvertisingSetStarted(0, -10, 0)
02-20 11:58:13.331  8927 29174 D BluetoothServerSocket: BluetoothServerSocket:close() called. mChannel=-1
02-20 11:58:13.331  8927 29174 D BluetoothSocket: close() this: XX:XX:XX:XX:00:00, channel: 7, mSocketIS: android.net.LocalSocketImpl$SocketInputStream@62513e9, mSocketOS: android.net.LocalSocketImpl$SocketOutputStream@910a86e, mSocket: android.net.LocalSocket@27d6b0f impl:android.net.LocalSocketImpl@29f579c fd:java.io.FileDescriptor@93205a5, mSocketState: LISTENING
02-20 11:58:13.332  8927 29174 I NearbyMediums: Stopped accepting Bluetooth Classic connections for NearbySharing.
02-20 11:58:13.334  8927  3670 D BluetoothServerSocket: BluetoothServerSocket:close() called. mChannel=-1
02-20 11:58:13.334  8927  3670 D BluetoothSocket: close() this: XX:XX:XX:XX:00:00, channel: 7, mSocketIS: android.net.LocalSocketImpl$SocketInputStream@62513e9, mSocketOS: android.net.LocalSocketImpl$SocketOutputStream@910a86e, mSocket: null, mSocketState: CLOSED
02-20 11:58:13.476  8927 29174 D BluetoothSocket: bindListen(): mPort=-1, mType=1
02-20 11:58:13.479 23357  7004 I BluetoothSocketManagerBinder: createSocketChannel: type=1, serviceName=NearbySharing, uuid=a82efa21-ae5c-3dde-9bbc-f16da7b16c5a, port=-1, from uid/pid=10232/8927
02-20 11:58:13.483  8927 29174 I NearbyMediums: Started accepting Bluetooth Classic connections for NearbySharing.
02-20 11:58:13.484  8927  3670 D BluetoothSocket: accept(), timeout (ms):-1
02-20 11:58:13.495  8927 29174 D BluetoothAdapter: isLeEnabled(): ON
02-20 11:58:13.510  8927  8927 D BluetoothLeAdvertiser: onAdvertisingSetStarted(1, 1, 0)
02-20 11:58:13.511  8927 29174 D BluetoothAdapter: isLeEnabled(): ON
02-20 11:58:13.528  8927  8927 D BluetoothLeAdvertiser: onAdvertisingSetStarted(2, 1, 0)
02-20 11:58:13.802 22596 24177 W Binder  : 	at android.bluetooth.IBluetoothGatt$Stub$Proxy.getAdvertisingSetUids(IBluetoothGatt.java:1678)
02-20 11:58:13.802 22596 24177 W Binder  : 	at android.bluetooth.BluetoothAdapter.getAdvertisingSetUids(BluetoothAdapter.java:8476)
02-20 11:58:13.802 22596 24177 W Binder  : 	at android.bluetooth.BluetoothAdapter.getHWUsingApps(BluetoothAdapter.java:1342)
02-20 11:58:15.331  8927 29174 D BluetoothLeAdvertiser: Stop AdvertingSet
02-20 11:58:15.335  8927  8927 D BluetoothLeAdvertiser: onAdvertisingSetStopped(0)
02-20 11:58:16.795 28816 28816 I flutter : BLE: Tarama durduruluyor...
02-20 11:58:16.797 28816 28816 I flutter : BLE: Tarama başarıyla durduruldu
02-20 11:58:16.797 28816 28892 D BluetoothAdapter: isLeEnabled(): ON
02-20 11:58:16.798 28816 28892 D BluetoothLeScanner: Stop Scan with callback
02-20 11:58:16.896 28816 28816 I flutter : BLE: ------------------------------11:58:16 Fri 20 Feb.
02-20 11:58:16.896 28816 28816 I flutter : BLE: Tarama başlatılıyor... (nameFilter: null, manufacturerId: None)
02-20 11:58:16.897 28816 28892 D BluetoothAdapter: isLeEnabled(): ON
02-20 11:58:16.899 28816 28892 D BluetoothLeScanner: Start Scan with callback
02-20 11:58:16.901 28816 28923 D BluetoothLeScanner: onScannerRegistered() - status=0 scannerId=10 mScannerId=0
02-20 11:58:16.945 23357 23896 E BluetoothRemoteDevices: Remote class is UNCATEGORIZED
02-20 11:58:17.053 28816 28816 I flutter : BLE: POLITEKNIK DEVICE FOUND DName=TANIMSIZ NOKTA,rn=97490598
02-20 11:58:17.053 28816 28816 I flutter : MD5 : 1ac036b7642b31e81f5a507193f2e919
02-20 11:58:17.054 28816 28816 I flutter : Epoch Time= 1771577897054 seconds ago. = 1771577897054
02-20 11:58:17.054 28816 28816 I flutter : BLE: Bulundu - TEST (7C:DF:A1:B9:AD:56) RSSI: -72
02-20 11:58:17.064 28816 28816 I flutter : BLE: POLITEKNIK DEVICE FOUND DName=TURNIKE2,rn=39122877
02-20 11:58:17.064 28816 28816 I flutter : MD5 : 97a0597db23f14f4143e2c871533dbb5
02-20 11:58:17.064 28816 28816 I flutter : Epoch Time= 1771577897064 seconds ago. = 1771577897064
02-20 11:58:17.064 28816 28816 I flutter : BLE: Bulundu -  (7C:DF:A1:B7:2F:D2) RSSI: -83
02-20 11:58:18.618 23357 23896 E BluetoothRemoteDevices: Remote class is UNCATEGORIZED
02-20 11:58:19.174 23357 23896 E BluetoothRemoteDevices: Remote class is UNCATEGORIZED
02-20 11:58:19.350 23357 23896 E BluetoothRemoteDevices: Remote class is UNCATEGORIZED
02-20 11:58:20.011 23357 23896 E BluetoothRemoteDevices: Remote class is UNCATEGORIZED
02-20 11:58:20.785 28816 28816 I flutter : BLE: Tarama durduruluyor...
02-20 11:58:20.788 28816 28816 I flutter : BLE: Tarama başarıyla durduruldu
02-20 11:58:20.788 28816 28892 D BluetoothAdapter: isLeEnabled(): ON
02-20 11:58:20.789 28816 28892 D BluetoothLeScanner: Stop Scan with callback
02-20 11:58:20.870 23357 23896 E BluetoothRemoteDevices: Remote class is UNCATEGORIZED
02-20 11:58:20.887 28816 28816 I flutter : BLE: ------------------------------11:58:20 Fri 20 Feb.
02-20 11:58:20.887 28816 28816 I flutter : BLE: Tarama başlatılıyor... (nameFilter: null, manufacturerId: None)
02-20 11:58:20.888 28816 28892 D BluetoothAdapter: isLeEnabled(): ON
02-20 11:58:20.890 28816 28892 D BluetoothLeScanner: Start Scan with callback
02-20 11:58:20.892 28816 29093 D BluetoothLeScanner: onScannerRegistered() - status=0 scannerId=10 mScannerId=0
02-20 11:58:20.908 28816 28816 I flutter : BLE: POLITEKNIK DEVICE FOUND DName=TANIMSIZ NOKTA,rn=97490598
02-20 11:58:20.908 28816 28816 I flutter : MD5 : 1ac036b7642b31e81f5a507193f2e919
02-20 11:58:20.908 28816 28816 I flutter : Epoch Time= 1771577900908 seconds ago. = 1771577900908
02-20 11:58:20.908 28816 28816 I flutter : BLE: Bulundu - TEST (7C:DF:A1:B9:AD:56) RSSI: -74
02-20 11:58:20.979 28816 28816 I flutter : BLE: POLITEKNIK DEVICE FOUND DName=TURNIKE2,rn=39122877
02-20 11:58:20.979 28816 28816 I flutter : MD5 : 97a0597db23f14f4143e2c871533dbb5
02-20 11:58:20.979 28816 28816 I flutter : Epoch Time= 1771577900979 seconds ago. = 1771577900979
02-20 11:58:20.979 28816 28816 I flutter : BLE: Bulundu -  (7C:DF:A1:B7:2F:D2) RSSI: -89
02-20 11:58:21.057 23357 23896 E BluetoothRemoteDevices: Remote class is UNCATEGORIZED
02-20 11:58:21.216 21975 21975 I flutter : BLE: Tarama durduruluyor...
02-20 11:58:21.238 21975 21975 I flutter : BLE: Tarama başarıyla durduruldu
02-20 11:58:21.240 21975 22264 D BluetoothAdapter: isLeEnabled(): ON
02-20 11:58:21.240 21975 22264 D BluetoothLeScanner: Stop Scan with callback
02-20 11:58:21.245 23357 23896 E BluetoothRemoteDevices: Remote class is UNCATEGORIZED
02-20 11:58:21.319 21975 21975 I flutter : BLE: ------------------------------11:58:21 Fri 20 Feb.
02-20 11:58:21.320 21975 21975 I flutter : BLE: Tarama başlatılıyor... (nameFilter: null, manufacturerId: None)
02-20 11:58:21.327 21975 22264 D BluetoothAdapter: isLeEnabled(): ON
02-20 11:58:21.329 21975 22264 D BluetoothLeScanner: Start Scan with callback
02-20 11:58:21.332 21975 22265 D BluetoothLeScanner: onScannerRegistered() - status=0 scannerId=9 mScannerId=0
02-20 11:58:22.084 23357 23896 E BluetoothRemoteDevices: Remote class is UNCATEGORIZED
02-20 11:58:22.490 22596 24624 D ScreenCapture: [Capture_TEST] : setIsScreenShotBySystem false
02-20 11:58:22.920 22596 22620 D ScreenCapture: [Capture_TEST] : setIsScreenShotBySystem false
02-20 11:58:23.367 23357 23896 E BluetoothRemoteDevices: Remote class is UNCATEGORIZED
02-20 11:58:23.669 23357 23896 E BluetoothRemoteDevices: Remote class is UNCATEGORIZED
02-20 11:58:23.937 21975 21975 I SV[161403044 MainActivity]: onWindowVisibilityChanged(0) false io.flutter.embedding.android.FlutterSurfaceView{99ed0a4 V.E...... ......ID 0,0-1080,2340} of VRI[MainActivity]@377eb79
02-20 11:58:23.956 21975 21975 I SV[161403044 MainActivity]: windowStopped(false) true io.flutter.embedding.android.FlutterSurfaceView{99ed0a4 V.E...... ......ID 0,0-1080,2340} of VRI[MainActivity]@377eb79
02-20 11:58:23.962 21975 21975 I SV[161403044 MainActivity]: surfaceCreated 1 #1 io.flutter.embedding.android.FlutterSurfaceView{99ed0a4 V.E...... ......ID 0,0-1080,2340}
02-20 11:58:23.982 21975 21975 I SV[161403044 MainActivity]: surfaceChanged (1080,2340) 1 #1 io.flutter.embedding.android.FlutterSurfaceView{99ed0a4 V.E...... ......ID 0,0-1080,2340}
02-20 11:58:24.040 23357 23896 E BluetoothRemoteDevices: Remote class is UNCATEGORIZED
02-20 11:58:24.157 23357 23896 E BluetoothRemoteDevices: Remote class is UNCATEGORIZED
02-20 11:58:25.127 21975 21975 I flutter : BLE: Tarama durduruluyor...
02-20 11:58:25.144 21975 21975 I flutter : BLE: Tarama başarıyla durduruldu
02-20 11:58:25.145 21975 22264 D BluetoothAdapter: isLeEnabled(): ON
02-20 11:58:25.145 21975 22264 D BluetoothLeScanner: Stop Scan with callback
02-20 11:58:25.230 21975 21975 I flutter : BLE: ------------------------------11:58:25 Fri 20 Feb.
02-20 11:58:25.230 21975 21975 I flutter : BLE: Tarama başlatılıyor... (nameFilter: null, manufacturerId: None)
02-20 11:58:25.233 21975 22264 D BluetoothAdapter: isLeEnabled(): ON
02-20 11:58:25.235 21975 22264 D BluetoothLeScanner: Start Scan with callback
02-20 11:58:25.238 21975 21987 D BluetoothLeScanner: onScannerRegistered() - status=0 scannerId=9 mScannerId=0
02-20 11:58:25.401 23357 23896 E BluetoothRemoteDevices: Remote class is UNCATEGORIZED
02-20 11:58:25.757 23357 23896 E BluetoothRemoteDevices: Remote class is UNCATEGORIZED
02-20 11:58:25.825 22596 24177 W Binder  : 	at android.bluetooth.IBluetoothGatt$Stub$Proxy.getAdvertisingSetUids(IBluetoothGatt.java:1678)
02-20 11:58:25.825 22596 24177 W Binder  : 	at android.bluetooth.BluetoothAdapter.getAdvertisingSetUids(BluetoothAdapter.java:8476)
02-20 11:58:25.825 22596 24177 W Binder  : 	at android.bluetooth.BluetoothAdapter.getHWUsingApps(BluetoothAdapter.java:1342)
02-20 11:58:26.229 23357 23896 E BluetoothRemoteDevices: Remote class is UNCATEGORIZED
02-20 11:58:28.224 23357 23896 E BluetoothRemoteDevices: Remote class is UNCATEGORIZED
02-20 11:58:29.374 23357 23896 E BluetoothRemoteDevices: Remote class is UNCATEGORIZED
02-20 11:58:31.214 21975 21975 I flutter : BLE: Tarama durduruluyor...
02-20 11:58:31.221 21975 21975 I flutter : BLE: Tarama başarıyla durduruldu
02-20 11:58:31.222 21975 22264 D BluetoothAdapter: isLeEnabled(): ON
02-20 11:58:31.222 21975 22264 D BluetoothLeScanner: Stop Scan with callback
02-20 11:58:31.260 23357 23896 E BluetoothRemoteDevices: Remote class is UNCATEGORIZED
02-20 11:58:31.313 23357 23896 E BluetoothRemoteDevices: Remote class is UNCATEGORIZED
02-20 11:58:31.315 21975 21975 I flutter : BLE: ------------------------------11:58:31 Fri 20 Feb.
02-20 11:58:31.315 21975 21975 I flutter : BLE: Tarama başlatılıyor... (nameFilter: null, manufacturerId: None)
02-20 11:58:31.319 21975 22264 D BluetoothAdapter: isLeEnabled(): ON
02-20 11:58:31.320 21975 22264 D BluetoothLeScanner: Start Scan with callback
02-20 11:58:31.324 21975 21987 D BluetoothLeScanner: onScannerRegistered() - status=0 scannerId=9 mScannerId=0
02-20 11:58:31.499 23357 23896 E BluetoothRemoteDevices: Remote class is UNCATEGORIZED
02-20 11:58:31.538 21975 21975 I flutter : BLE: POLITEKNIK DEVICE FOUND DName=TANIMSIZ NOKTA,rn=54552542
02-20 11:58:31.539 21975 21975 I flutter : MD5 : c419e7379823259444d76d7d8634da86
02-20 11:58:31.539 21975 21975 I flutter : Epoch Time= 1771577911539 seconds ago. = 1771577911539
02-20 11:58:31.539 21975 21975 I flutter : BLE: Bulundu - TEST (7C:DF:A1:B9:AD:56) RSSI: -88
02-20 11:58:31.622 23357 23896 E BluetoothRemoteDevices: Remote class is UNCATEGORIZED
02-20 11:58:31.715 21975 21975 I flutter : BLE: POLITEKNIK DEVICE FOUND DName=TURNIKE2,rn=31377829
02-20 11:58:31.716 21975 21975 I flutter : MD5 : 9b1a86083dbad5dd45829af0c705f2ed
02-20 11:58:31.719 21975 21975 I flutter : Epoch Time= 1771577911719 seconds ago. = 1771577911719
02-20 11:58:31.720 21975 21975 I flutter : BLE: Bulundu -  (7C:DF:A1:B7:2F:D2) RSSI: -90
02-20 11:58:31.796 28816 28816 I flutter : BLE: Tarama durduruluyor...
02-20 11:58:31.803 28816 28816 I flutter : BLE: Tarama başarıyla durduruldu
02-20 11:58:31.805 28816 28892 D BluetoothAdapter: isLeEnabled(): ON
02-20 11:58:31.805 28816 28892 D BluetoothLeScanner: Stop Scan with callback
02-20 11:58:31.898 28816 28816 I flutter : BLE: ------------------------------11:58:31 Fri 20 Feb.
02-20 11:58:31.898 28816 28816 I flutter : BLE: Tarama başlatılıyor... (nameFilter: null, manufacturerId: None)
02-20 11:58:31.901 28816 28892 D BluetoothAdapter: isLeEnabled(): ON
02-20 11:58:31.903 28816 28892 D BluetoothLeScanner: Start Scan with callback
02-20 11:58:31.905 28816 28925 D BluetoothLeScanner: onScannerRegistered() - status=0 scannerId=10 mScannerId=0
02-20 11:58:31.923 28816 28816 I flutter : BLE: POLITEKNIK DEVICE FOUND DName=TANIMSIZ NOKTA,rn=54552542
02-20 11:58:31.923 28816 28816 I flutter : MD5 : c419e7379823259444d76d7d8634da86
02-20 11:58:31.923 28816 28816 I flutter : Epoch Time= 1771577911923 seconds ago. = 1771577911923
02-20 11:58:31.923 28816 28816 I flutter : BLE: Bulundu - TEST (7C:DF:A1:B9:AD:56) RSSI: -75
02-20 11:58:32.309 28816 28816 I flutter : BLE: POLITEKNIK DEVICE FOUND DName=TURNIKE2,rn=31377829
02-20 11:58:32.309 28816 28816 I flutter : MD5 : 9b1a86083dbad5dd45829af0c705f2ed
02-20 11:58:32.309 28816 28816 I flutter : Epoch Time= 1771577912309 seconds ago. = 1771577912309
02-20 11:58:32.309 28816 28816 I flutter : BLE: Bulundu -  (7C:DF:A1:B7:2F:D2) RSSI: -85
02-20 11:58:32.457 23357 23896 E BluetoothRemoteDevices: Remote class is UNCATEGORIZED
02-20 11:58:32.785 23357 23896 E BluetoothRemoteDevices: Remote class is UNCATEGORIZED
02-20 11:58:41.215 21975 21975 I flutter : BLE: Tarama durduruluyor...
02-20 11:58:41.218 21975 21975 I flutter : BLE: Tarama başarıyla durduruldu
02-20 11:58:41.219 21975 22264 D BluetoothAdapter: isLeEnabled(): ON
02-20 11:58:41.219 21975 22264 D BluetoothLeScanner: Stop Scan with callback
02-20 11:58:41.316 21975 21975 I flutter : BLE: ------------------------------11:58:41 Fri 20 Feb.
02-20 11:58:41.316 21975 21975 I flutter : BLE: Tarama başlatılıyor... (nameFilter: null, manufacturerId: None)
02-20 11:58:41.319 21975 22264 D BluetoothAdapter: isLeEnabled(): ON
02-20 11:58:41.321 21975 22264 D BluetoothLeScanner: Start Scan with callback
02-20 11:58:41.324 21975 22265 D BluetoothLeScanner: onScannerRegistered() - status=0 scannerId=9 mScannerId=0
02-20 11:58:41.402 23357 23896 E BluetoothRemoteDevices: Remote class is UNCATEGORIZED
02-20 11:58:41.495 23357 23896 E BluetoothRemoteDevices: Remote class is UNCATEGORIZED
02-20 11:58:44.917 23357 23896 E BluetoothRemoteDevices: Remote class is UNCATEGORIZED
02-20 11:58:45.047 21975 21975 I flutter : BLE: Tarama durduruluyor...
02-20 11:58:45.062 21975 21975 I flutter : BLE: Tarama başarıyla durduruldu
02-20 11:58:45.063 21975 22264 D BluetoothAdapter: isLeEnabled(): ON
02-20 11:58:45.063 21975 22264 D BluetoothLeScanner: Stop Scan with callback
02-20 11:58:45.150 21975 21975 I flutter : BLE: ------------------------------11:58:45 Fri 20 Feb.
02-20 11:58:45.150 21975 21975 I flutter : BLE: Tarama başlatılıyor... (nameFilter: null, manufacturerId: None)
02-20 11:58:45.153 21975 22264 D BluetoothAdapter: isLeEnabled(): ON
02-20 11:58:45.155 21975 22264 D BluetoothLeScanner: Start Scan with callback
02-20 11:58:45.158 21975 24481 D BluetoothLeScanner: onScannerRegistered() - status=0 scannerId=9 mScannerId=0
02-20 11:58:45.217 23357 23896 E BluetoothRemoteDevices: Remote class is UNCATEGORIZED
02-20 11:58:46.158 23357 23896 E BluetoothRemoteDevices: Remote class is UNCATEGORIZED
02-20 11:58:46.795 28816 28816 I flutter : BLE: Tarama durduruluyor...
02-20 11:58:46.799 28816 28816 I flutter : BLE: Tarama başarıyla durduruldu
02-20 11:58:46.801 28816 28892 D BluetoothAdapter: isLeEnabled(): ON
02-20 11:58:46.801 28816 28892 D BluetoothLeScanner: Stop Scan with callback
02-20 11:58:46.896 28816 28816 I flutter : BLE: ------------------------------11:58:46 Fri 20 Feb.
02-20 11:58:46.896 28816 28816 I flutter : BLE: Tarama başlatılıyor... (nameFilter: null, manufacturerId: None)
02-20 11:58:46.898 28816 28892 D BluetoothAdapter: isLeEnabled(): ON
02-20 11:58:46.899 28816 28892 D BluetoothLeScanner: Start Scan with callback
02-20 11:58:46.903 28816 29093 D BluetoothLeScanner: onScannerRegistered() - status=0 scannerId=10 mScannerId=0
02-20 11:58:46.929 28816 28816 I flutter : BLE: POLITEKNIK DEVICE FOUND DName=TANIMSIZ NOKTA,rn=38773236
02-20 11:58:46.929 28816 28816 I flutter : MD5 : 6c8751d971590d9e3783004fb1e3e756
02-20 11:58:46.929 28816 28816 I flutter : Epoch Time= 1771577926929 seconds ago. = 1771577926929
02-20 11:58:46.930 28816 28816 I flutter : BLE: Bulundu - TEST (7C:DF:A1:B9:AD:56) RSSI: -72
02-20 11:58:47.041 28816 28816 I flutter : BLE: POLITEKNIK DEVICE FOUND DName=TURNIKE2,rn=15420363
02-20 11:58:47.041 28816 28816 I flutter : MD5 : 4786d386aadf3c8621867436d60d81a0
02-20 11:58:47.041 28816 28816 I flutter : Epoch Time= 1771577927041 seconds ago. = 1771577927041
02-20 11:58:47.041 28816 28816 I flutter : BLE: Bulundu -  (7C:DF:A1:B7:2F:D2) RSSI: -84
02-20 11:58:47.071 23357 23896 E BluetoothRemoteDevices: Remote class is UNCATEGORIZED
02-20 11:58:47.959 23357 23896 E BluetoothRemoteDevices: Remote class is UNCATEGORIZED
02-20 11:58:49.872 22596 24177 W Binder  : 	at android.bluetooth.IBluetoothGatt$Stub$Proxy.getAdvertisingSetUids(IBluetoothGatt.java:1678)
02-20 11:58:49.872 22596 24177 W Binder  : 	at android.bluetooth.BluetoothAdapter.getAdvertisingSetUids(BluetoothAdapter.java:8476)
02-20 11:58:49.872 22596 24177 W Binder  : 	at android.bluetooth.BluetoothAdapter.getHWUsingApps(BluetoothAdapter.java:1342)
02-20 11:58:51.213 21975 21975 I flutter : BLE: Tarama durduruluyor...
02-20 11:58:51.216 21975 21975 I flutter : BLE: Tarama başarıyla durduruldu
02-20 11:58:51.217 21975 22264 D BluetoothAdapter: isLeEnabled(): ON
02-20 11:58:51.217 21975 22264 D BluetoothLeScanner: Stop Scan with callback
02-20 11:58:51.314 21975 21975 I flutter : BLE: ------------------------------11:58:51 Fri 20 Feb.
02-20 11:58:51.314 21975 21975 I flutter : BLE: Tarama başlatılıyor... (nameFilter: null, manufacturerId: None)
02-20 11:58:51.343 21975 21975 I flutter : BLE: Tarama hatası - Exception: GenericFailure<ScanFailure>(code: ScanFailure.unknown, message: "Undocumented scan throttle (code 2147483646), suggested retry date is Fri Feb 20 11:58:51 GMT+03:00 2026")
02-20 11:58:51.376 23357 23896 E BluetoothRemoteDevices: Remote class is UNCATEGORIZED
02-20 11:58:55.044 23357 23896 E BluetoothRemoteDevices: Remote class is UNCATEGORIZED
02-20 11:58:56.231 22596 22947 I BluetoothDeviceBatteryManager: action: com.samsung.bluetooth.device.action.META_DATA_CHANGED
02-20 11:58:56.235 22596 22947 I BluetoothDeviceBatteryManager: # Alias(Emir's Buds FE) / Address(B05476_B)
02-20 11:58:56.237 23357 23807 I BluetoothRemoteDevices: getBatteryLevel : 96 from HFP
02-20 11:58:56.237 22596 22947 I BluetoothDeviceBatteryManager: # BatteryLevel : 96
02-20 11:58:56.237 22596 22947 I BluetoothDeviceBatteryManager: # changeType: 1
02-20 11:58:56.240 22596 22947 I BluetoothDeviceBatteryManager: parsedData : -1
02-20 11:58:56.240 22596 22947 I BluetoothDeviceBatteryManager: # Left Level: -1
02-20 11:58:56.242 22596 22947 I BluetoothDeviceBatteryManager: parsedData : 96
02-20 11:58:56.242 22596 22947 I BluetoothDeviceBatteryManager: # Right Level: 96
02-20 11:58:56.244 22596 22947 I BluetoothDeviceBatteryManager: parsedData : -1
02-20 11:58:56.244 22596 22947 I BluetoothDeviceBatteryManager: # Cradle Level: -1
02-20 11:58:56.244 22596 22947 I BluetoothDeviceBatteryManager: sendBroadcast : false
02-20 11:58:56.244 22596 22947 I BluetoothDeviceBatteryManager: level : 96
02-20 11:58:56.812 22596 22947 I BluetoothDeviceBatteryManager: action: com.samsung.bluetooth.device.action.META_DATA_CHANGED
02-20 11:58:56.814 22596 22947 I BluetoothDeviceBatteryManager: # Alias(Emir's Buds FE) / Address(B05476_B)
02-20 11:58:56.816 23357 23807 I BluetoothRemoteDevices: getBatteryLevel : 96 from HFP
02-20 11:58:56.816 22596 22947 I BluetoothDeviceBatteryManager: # BatteryLevel : 96
02-20 11:58:56.816 22596 22947 I BluetoothDeviceBatteryManager: # changeType: 1
02-20 11:58:56.819 22596 22947 I BluetoothDeviceBatteryManager: parsedData : -1
02-20 11:58:56.819 22596 22947 I BluetoothDeviceBatteryManager: # Left Level: -1
02-20 11:58:56.821 22596 22947 I BluetoothDeviceBatteryManager: parsedData : 96
02-20 11:58:56.821 22596 22947 I BluetoothDeviceBatteryManager: # Right Level: 96
02-20 11:58:56.822 22596 22947 I BluetoothDeviceBatteryManager: parsedData : -1
02-20 11:58:56.823 22596 22947 I BluetoothDeviceBatteryManager: # Cradle Level: -1
02-20 11:58:56.823 22596 22947 I BluetoothDeviceBatteryManager: sendBroadcast : false
02-20 11:58:56.823 22596 22947 I BluetoothDeviceBatteryManager: level : 96
02-20 11:58:56.908 23447 23447 D MediaRouter: onRestoreRoute() : route=RouteInfo{ name=Emir's Buds FE, description=Bluetooth audio, status=null, category=RouteCategory{ name=System types=ROUTE_TYPE_LIVE_AUDIO ROUTE_TYPE_LIVE_VIDEO  groupable=false }, supportedTypes=ROUTE_TYPE_LIVE_AUDIO , presentationDisplay=null }
02-20 11:58:56.908 23447 23447 V MediaRouter: Selecting route: RouteInfo{ name=Emir's Buds FE, description=Bluetooth audio, status=null, category=RouteCategory{ name=System types=ROUTE_TYPE_LIVE_AUDIO ROUTE_TYPE_LIVE_VIDEO  groupable=false }, supportedTypes=ROUTE_TYPE_LIVE_AUDIO , presentationDisplay=null }
02-20 11:58:57.048 23357 23357 I A2dpServiceHelper: updateBluetoothDevice XX:XX:XX:XX:21:4B rate 44100 offload 1
02-20 11:58:57.048 23357 23357 I AudioManager: updateBluetoothDevice btOffload = 1
02-20 11:58:57.058 23357 23851 I BTAudioA2dpHIDL: system/audio_hal_interface/hidl/a2dp_encoding_hidl.cc:614 setup_codec: UpdateAudioConfig BluetoothAudio 2.1 called
02-20 11:58:57.061 23357 23357 I A2dpServiceHelper: updateBluetoothDevice XX:XX:XX:XX:21:4B rate 44100 offload 1
02-20 11:58:57.061 23357 23357 I AudioManager: updateBluetoothDevice btOffload = 1
02-20 11:58:57.070 23357 23851 E BTAudioA2dpHIDL: system/audio_hal_interface/hidl/a2dp_encoding_hidl.cc:666 start_session: start session BluetoothAudio 2.1 called
02-20 11:58:57.621 29590 29590 I UHQUpscalerManager: isUHQCompatibleBluetooth() : support is 0, mode is 1
02-20 11:58:57.622 29590 29590 I UHQUpscalerManager: isUHQCompatibleBluetooth() : support is 0, mode is 1
02-20 11:58:57.623 29590 29590 I UHQUpscalerManager: getBluetoothUHQState() : state is uhq off (0)
02-20 11:58:57.624 29590 29590 I UHQUpscalerManager: getBluetoothUHQState() : state is uhq off (0)
02-20 11:58:57.821 22596 22875 D MediaRouterService: restoreBluetoothA2dp(true)
02-20 11:58:57.831 22596 22840 I MediaRouterService: dispatchAudioRoutesChanged setForcePath =  mForceBluetoothA2dpOn = false
02-20 11:59:00.003 22596 22947 I BluetoothDeviceBatteryManager: action: com.samsung.bluetooth.device.action.META_DATA_CHANGED
02-20 11:59:00.006 22596 22947 I BluetoothDeviceBatteryManager: # Alias(Emir's Buds FE) / Address(B05476_B)
02-20 11:59:00.007 23357 23807 I BluetoothRemoteDevices: getBatteryLevel : 96 from HFP
02-20 11:59:00.008 22596 22947 I BluetoothDeviceBatteryManager: # BatteryLevel : 96
02-20 11:59:00.008 22596 22947 I BluetoothDeviceBatteryManager: # changeType: 1
02-20 11:59:00.010 22596 22947 I BluetoothDeviceBatteryManager: parsedData : -1
02-20 11:59:00.011 22596 22947 I BluetoothDeviceBatteryManager: # Left Level: -1
02-20 11:59:00.012 22596 22947 I BluetoothDeviceBatteryManager: parsedData : 96
02-20 11:59:00.012 22596 22947 I BluetoothDeviceBatteryManager: # Right Level: 96
02-20 11:59:00.013 22596 22947 I BluetoothDeviceBatteryManager: parsedData : -1
02-20 11:59:00.014 22596 22947 I BluetoothDeviceBatteryManager: # Cradle Level: -1
02-20 11:59:00.014 22596 22947 I BluetoothDeviceBatteryManager: sendBroadcast : false
02-20 11:59:00.014 22596 22947 I BluetoothDeviceBatteryManager: level : 96
02-20 11:59:00.388 23357 23357 I A2dpServiceHelper: updateBluetoothDevice XX:XX:XX:XX:21:4B rate 44100 offload 1
02-20 11:59:00.389 23357 23357 I AudioManager: updateBluetoothDevice btOffload = 1
02-20 11:59:00.564 22596 22947 I BluetoothDeviceBatteryManager: action: com.samsung.bluetooth.device.action.META_DATA_CHANGED
02-20 11:59:00.566 22596 22947 I BluetoothDeviceBatteryManager: # Alias(Emir's Buds FE) / Address(B05476_B)
02-20 11:59:00.568 23357 23807 I BluetoothRemoteDevices: getBatteryLevel : 96 from HFP
02-20 11:59:00.568 22596 22947 I BluetoothDeviceBatteryManager: # BatteryLevel : 96
02-20 11:59:00.568 22596 22947 I BluetoothDeviceBatteryManager: # changeType: 1
02-20 11:59:00.570 22596 22947 I BluetoothDeviceBatteryManager: parsedData : -1
02-20 11:59:00.570 22596 22947 I BluetoothDeviceBatteryManager: # Left Level: -1
02-20 11:59:00.572 22596 22947 I BluetoothDeviceBatteryManager: parsedData : 96
02-20 11:59:00.572 22596 22947 I BluetoothDeviceBatteryManager: # Right Level: 96
02-20 11:59:00.573 22596 22947 I BluetoothDeviceBatteryManager: parsedData : -1
02-20 11:59:00.573 22596 22947 I BluetoothDeviceBatteryManager: # Cradle Level: -1
02-20 11:59:00.573 22596 22947 I BluetoothDeviceBatteryManager: sendBroadcast : false
02-20 11:59:00.573 22596 22947 I BluetoothDeviceBatteryManager: level : 96
02-20 11:59:00.686 23357 23896 E BluetoothRemoteDevices: Remote class is UNCATEGORIZED
02-20 11:59:00.800 22596 22947 I BluetoothDeviceBatteryManager: action: com.samsung.bluetooth.device.action.META_DATA_CHANGED
02-20 11:59:00.803 22596 22947 I BluetoothDeviceBatteryManager: # Alias(Emir's Buds FE) / Address(B05476_B)
02-20 11:59:00.805 23357 23807 I BluetoothRemoteDevices: getBatteryLevel : 96 from HFP
02-20 11:59:00.806 22596 22947 I BluetoothDeviceBatteryManager: # BatteryLevel : 96
02-20 11:59:00.806 22596 22947 I BluetoothDeviceBatteryManager: # changeType: 0
02-20 11:59:01.216 21975 21975 I flutter : BLE: Tarama zaten durmuş durumda
02-20 11:59:01.315 21975 21975 I flutter : BLE: ------------------------------11:59:01 Fri 20 Feb.
02-20 11:59:01.315 21975 21975 I flutter : BLE: Tarama başlatılıyor... (nameFilter: null, manufacturerId: None)
02-20 11:59:01.316 21975 21975 I flutter : BLE: Tarama tamamlandı
02-20 11:59:01.322 21975 22264 D BluetoothAdapter: isLeEnabled(): ON
02-20 11:59:01.324 21975 22264 D BluetoothLeScanner: Start Scan with callback
02-20 11:59:01.329 21975 24481 D BluetoothLeScanner: onScannerRegistered() - status=0 scannerId=9 mScannerId=0
02-20 11:59:01.353 22596 22947 I BluetoothDeviceBatteryManager: action: com.samsung.bluetooth.device.action.META_DATA_CHANGED
02-20 11:59:01.357 22596 22947 I BluetoothDeviceBatteryManager: # Alias(Emir's Buds FE) / Address(B05476_B)
02-20 11:59:01.358 23357 10880 I BluetoothRemoteDevices: getBatteryLevel : 96 from HFP
02-20 11:59:01.359 22596 22947 I BluetoothDeviceBatteryManager: # BatteryLevel : 96
02-20 11:59:01.359 22596 22947 I BluetoothDeviceBatteryManager: # changeType: 0
02-20 11:59:01.511 23357 23896 E BluetoothRemoteDevices: Remote class is UNCATEGORIZED
02-20 11:59:01.627 23357 23896 E BluetoothRemoteDevices: Remote class is UNCATEGORIZED
02-20 11:59:01.795 28816 28816 I flutter : BLE: Tarama durduruluyor...
02-20 11:59:01.801 28816 28816 I flutter : BLE: Tarama başarıyla durduruldu
02-20 11:59:01.802 28816 28892 D BluetoothAdapter: isLeEnabled(): ON
02-20 11:59:01.802 28816 28892 D BluetoothLeScanner: Stop Scan with callback
02-20 11:59:01.897 28816 28816 I flutter : BLE: ------------------------------11:59:01 Fri 20 Feb.
02-20 11:59:01.897 28816 28816 I flutter : BLE: Tarama başlatılıyor... (nameFilter: null, manufacturerId: None)
02-20 11:59:01.900 22596 24177 W Binder  : 	at android.bluetooth.IBluetoothGatt$Stub$Proxy.getAdvertisingSetUids(IBluetoothGatt.java:1678)
02-20 11:59:01.900 22596 24177 W Binder  : 	at android.bluetooth.BluetoothAdapter.getAdvertisingSetUids(BluetoothAdapter.java:8476)
02-20 11:59:01.900 22596 24177 W Binder  : 	at android.bluetooth.BluetoothAdapter.getHWUsingApps(BluetoothAdapter.java:1342)
02-20 11:59:01.901 28816 28892 D BluetoothAdapter: isLeEnabled(): ON
02-20 11:59:01.901 28816 28892 D BluetoothLeScanner: Start Scan with callback
02-20 11:59:01.904 28816 28925 D BluetoothLeScanner: onScannerRegistered() - status=0 scannerId=10 mScannerId=0
02-20 11:59:02.155 28816 28816 I flutter : BLE: POLITEKNIK DEVICE FOUND DName=TURNIKE2,rn=41159437
02-20 11:59:02.155 28816 28816 I flutter : MD5 : 63e880b6d1962055576e5de6678de2a7
02-20 11:59:02.155 28816 28816 I flutter : Epoch Time= 1771577942155 seconds ago. = 1771577942155
02-20 11:59:02.156 28816 28816 I flutter : BLE: Bulundu -  (7C:DF:A1:B7:2F:D2) RSSI: -87
02-20 11:59:02.299 28816 28816 I flutter : BLE: POLITEKNIK DEVICE FOUND DName=TANIMSIZ NOKTA,rn=73235113
02-20 11:59:02.300 28816 28816 I flutter : MD5 : 4743ce426d9ed206c93bf26854c3e571
02-20 11:59:02.300 28816 28816 I flutter : Epoch Time= 1771577942300 seconds ago. = 1771577942300
02-20 11:59:02.300 28816 28816 I flutter : BLE: Bulundu - TEST (7C:DF:A1:B9:AD:56) RSSI: -66
02-20 11:59:03.131 23357 23896 E BluetoothRemoteDevices: Remote class is UNCATEGORIZED
02-20 11:59:06.912 23357 23896 E BluetoothRemoteDevices: Remote class is UNCATEGORIZED
02-20 11:59:11.218 21975 21975 I flutter : BLE: Tarama zaten durmuş durumda
02-20 11:59:11.317 21975 21975 I flutter : BLE: ------------------------------11:59:11 Fri 20 Feb.
02-20 11:59:11.317 21975 21975 I flutter : BLE: Tarama başlatılıyor... (nameFilter: null, manufacturerId: None)
02-20 11:59:11.319 21975 21975 I flutter : BLE: Tarama tamamlandı
02-20 11:59:11.320 21975 22264 D BluetoothAdapter: isLeEnabled(): ON
02-20 11:59:11.320 21975 22264 D BluetoothLeScanner: Stop Scan with callback
02-20 11:59:11.329 21975 22264 D BluetoothAdapter: isLeEnabled(): ON
02-20 11:59:11.332 21975 22264 D BluetoothLeScanner: Start Scan with callback
02-20 11:59:11.336 21975 21987 D BluetoothLeScanner: onScannerRegistered() - status=0 scannerId=9 mScannerId=0
02-20 11:59:11.387 21975 21975 I flutter : BLE: POLITEKNIK DEVICE FOUND DName=TANIMSIZ NOKTA,rn=39810032
02-20 11:59:11.387 21975 21975 I flutter : MD5 : 02090deaf49a97bb1c11869f8575a010
02-20 11:59:11.388 21975 21975 I flutter : Epoch Time= 1771577951388 seconds ago. = 1771577951388
02-20 11:59:11.388 21975 21975 I flutter : BLE: Bulundu - TEST (7C:DF:A1:B9:AD:56) RSSI: -68
02-20 11:59:11.584 21975 21975 I flutter : BLE: POLITEKNIK DEVICE FOUND DName=TURNIKE2,rn=19162044
02-20 11:59:11.585 21975 21975 I flutter : MD5 : 9121f7c799553c9f7ef5e1837fdc950c
02-20 11:59:11.585 21975 21975 I flutter : Epoch Time= 1771577951585 seconds ago. = 1771577951585
02-20 11:59:11.585 21975 21975 I flutter : BLE: Bulundu -  (7C:DF:A1:B7:2F:D2) RSSI: -81
02-20 11:59:11.677 23357 23896 E BluetoothRemoteDevices: Remote class is UNCATEGORIZED
02-20 11:59:11.743 23357 23896 E BluetoothRemoteDevices: Remote class is UNCATEGORIZED
02-20 11:59:11.885 23357 23896 E BluetoothRemoteDevices: Remote class is UNCATEGORIZED
02-20 11:59:12.719 21975 21975 I flutter : BLE: Tarama zaten durmuş durumda
02-20 11:59:12.796 21975 21975 I flutter : BLE: ------------------------------11:59:12 Fri 20 Feb.
02-20 11:59:12.796 21975 21975 I flutter : BLE: Tarama başlatılıyor... (nameFilter: null, manufacturerId: None)
02-20 11:59:12.797 21975 21975 I flutter : BLE: Tarama tamamlandı
02-20 11:59:12.798 21975 22264 D BluetoothAdapter: isLeEnabled(): ON
02-20 11:59:12.799 21975 22264 D BluetoothLeScanner: Stop Scan with callback
02-20 11:59:12.806 21975 22264 D BluetoothAdapter: isLeEnabled(): ON
02-20 11:59:12.808 21975 22264 D BluetoothLeScanner: Start Scan with callback
02-20 11:59:12.810 21975 24481 D BluetoothLeScanner: onScannerRegistered() - status=0 scannerId=9 mScannerId=0
02-20 11:59:13.257 23357 23896 E BluetoothRemoteDevices: Remote class is UNCATEGORIZED
02-20 11:59:13.349 23357 23896 E BluetoothRemoteDevices: Remote class is UNCATEGORIZED
02-20 11:59:16.035 23357 23896 E BluetoothRemoteDevices: Remote class is UNCATEGORIZED
02-20 11:59:16.795 28816 28816 I flutter : BLE: Tarama durduruluyor...
02-20 11:59:16.799 28816 28816 I flutter : BLE: Tarama başarıyla durduruldu
02-20 11:59:16.800 28816 28892 D BluetoothAdapter: isLeEnabled(): ON
02-20 11:59:16.800 28816 28892 D BluetoothLeScanner: Stop Scan with callback
02-20 11:59:16.897 28816 28816 I flutter : BLE: ------------------------------11:59:16 Fri 20 Feb.
02-20 11:59:16.897 28816 28816 I flutter : BLE: Tarama başlatılıyor... (nameFilter: null, manufacturerId: None)
02-20 11:59:16.900 28816 28892 D BluetoothAdapter: isLeEnabled(): ON
02-20 11:59:16.902 28816 28892 D BluetoothLeScanner: Start Scan with callback
02-20 11:59:16.906 28816 29093 D BluetoothLeScanner: onScannerRegistered() - status=0 scannerId=10 mScannerId=0
02-20 11:59:17.200 28816 28816 I flutter : BLE: POLITEKNIK DEVICE FOUND DName=TURNIKE2,rn=98788528
02-20 11:59:17.201 28816 28816 I flutter : MD5 : 96ab89c54d6a90780075b4f2b108ef4a
02-20 11:59:17.201 28816 28816 I flutter : Epoch Time= 1771577957201 seconds ago. = 1771577957201
02-20 11:59:17.201 28816 28816 I flutter : BLE: Bulundu -  (7C:DF:A1:B7:2F:D2) RSSI: -84
02-20 11:59:17.289 23357 23896 E BluetoothRemoteDevices: Remote class is UNCATEGORIZED
02-20 11:59:17.360 28816 28816 I flutter : BLE: POLITEKNIK DEVICE FOUND DName=TANIMSIZ NOKTA,rn=39810032
02-20 11:59:17.361 28816 28816 I flutter : MD5 : 02090deaf49a97bb1c11869f8575a010
02-20 11:59:17.361 28816 28816 I flutter : Epoch Time= 1771577957361 seconds ago. = 1771577957361
02-20 11:59:17.361 28816 28816 I flutter : BLE: Bulundu - TEST (7C:DF:A1:B9:AD:56) RSSI: -69
02-20 11:59:18.259 23357 23896 E BluetoothRemoteDevices: Remote class is UNCATEGORIZED
02-20 11:59:19.495 23357 23896 E BluetoothRemoteDevices: Remote class is UNCATEGORIZED
02-20 11:59:19.848  8927 29740 D BluetoothLeAdvertiser: Stop AdvertingSet
02-20 11:59:19.850  8927  8927 D BluetoothLeAdvertiser: onAdvertisingSetStopped(2)
02-20 11:59:19.851  8927 29740 D BluetoothLeAdvertiser: Stop AdvertingSet
02-20 11:59:19.852  8927 29740 D BluetoothAdapter: isLeEnabled(): ON
02-20 11:59:19.854  8927  8927 D BluetoothLeAdvertiser: onAdvertisingSetStopped(1)
02-20 11:59:19.876  8927  8927 D BluetoothLeAdvertiser: onAdvertisingSetStarted(0, -10, 0)
02-20 11:59:19.878  8927 29740 D BluetoothServerSocket: BluetoothServerSocket:close() called. mChannel=-1
02-20 11:59:19.878  8927 29740 D BluetoothSocket: close() this: XX:XX:XX:XX:00:00, channel: 7, mSocketIS: android.net.LocalSocketImpl$SocketInputStream@e2e8797, mSocketOS: android.net.LocalSocketImpl$SocketOutputStream@ce9ed84, mSocket: android.net.LocalSocket@e10896d impl:android.net.LocalSocketImpl@e37e9a2 fd:java.io.FileDescriptor@c4a0633, mSocketState: LISTENING
02-20 11:59:19.878  8927 29740 I NearbyMediums: Stopped accepting Bluetooth Classic connections for NearbySharing.
02-20 11:59:19.878  8927  3670 D BluetoothServerSocket: BluetoothServerSocket:close() called. mChannel=-1
02-20 11:59:19.878  8927  3670 D BluetoothSocket: close() this: XX:XX:XX:XX:00:00, channel: 7, mSocketIS: android.net.LocalSocketImpl$SocketInputStream@e2e8797, mSocketOS: android.net.LocalSocketImpl$SocketOutputStream@ce9ed84, mSocket: null, mSocketState: CLOSED
02-20 11:59:20.059  8927 17127 D BluetoothSocket: bindListen(): mPort=-1, mType=1
02-20 11:59:20.061 23357 23807 I BluetoothSocketManagerBinder: createSocketChannel: type=1, serviceName=NearbySharing, uuid=a82efa21-ae5c-3dde-9bbc-f16da7b16c5a, port=-1, from uid/pid=10232/8927
02-20 11:59:20.063  8927 17127 I NearbyMediums: Started accepting Bluetooth Classic connections for NearbySharing.
02-20 11:59:20.063  8927 29738 D BluetoothSocket: accept(), timeout (ms):-1
02-20 11:59:20.070  8927 17127 D BluetoothAdapter: isLeEnabled(): ON
02-20 11:59:20.085  8927  8927 D BluetoothLeAdvertiser: onAdvertisingSetStarted(1, 1, 0)
02-20 11:59:20.086  8927 17127 D BluetoothAdapter: isLeEnabled(): ON
02-20 11:59:20.098  8927  8927 D BluetoothLeAdvertiser: onAdvertisingSetStarted(2, 1, 0)
02-20 11:59:21.217 21975 21975 I flutter : BLE: Tarama zaten durmuş durumda
02-20 11:59:21.314 21975 21975 I flutter : BLE: ------------------------------11:59:21 Fri 20 Feb.
02-20 11:59:21.314 21975 21975 I flutter : BLE: Tarama başlatılıyor... (nameFilter: null, manufacturerId: None)
02-20 11:59:21.316 21975 21975 I flutter : BLE: Tarama tamamlandı
02-20 11:59:21.317 21975 22264 D BluetoothAdapter: isLeEnabled(): ON
02-20 11:59:21.317 21975 22264 D BluetoothLeScanner: Stop Scan with callback
02-20 11:59:21.330 21975 22264 D BluetoothAdapter: isLeEnabled(): ON
02-20 11:59:21.332 21975 22264 D BluetoothLeScanner: Start Scan with callback
02-20 11:59:21.336 21975 21987 D BluetoothLeScanner: onScannerRegistered() - status=0 scannerId=9 mScannerId=0
02-20 11:59:21.348 23357 23896 E BluetoothRemoteDevices: Remote class is UNCATEGORIZED
02-20 11:59:21.388 23357 23896 E BluetoothRemoteDevices: Remote class is UNCATEGORIZED
02-20 11:59:21.857 23357 23896 E BluetoothRemoteDevices: Remote class is UNCATEGORIZED
02-20 11:59:21.879  8927 17127 D BluetoothLeAdvertiser: Stop AdvertingSet
02-20 11:59:21.883  8927  8927 D BluetoothLeAdvertiser: onAdvertisingSetStopped(0)
02-20 11:59:23.507 23357 23896 E BluetoothRemoteDevices: Remote class is UNCATEGORIZED
02-20 11:59:26.416 23357 23896 E BluetoothRemoteDevices: Remote class is UNCATEGORIZED
