02-20 11:55:14.282 22596 22947 I BluetoothDeviceBatteryManager: # Alias(Emir's Buds FE) / Address(B05476_B)
02-20 11:55:14.284 23357 23374 I BluetoothRemoteDevices: getBatteryLevel : 96 from HFP
02-20 11:55:14.284 22596 22947 I BluetoothDeviceBatteryManager: # BatteryLevel : 96
02-20 11:55:14.285 22596 22947 I BluetoothDeviceBatteryManager: # changeType: 1
02-20 11:55:14.289 22596 22947 I BluetoothDeviceBatteryManager: parsedData : -1
02-20 11:55:14.289 22596 22947 I BluetoothDeviceBatteryManager: # Left Level: -1
02-20 11:55:14.292 22596 22947 I BluetoothDeviceBatteryManager: parsedData : 96
02-20 11:55:14.292 22596 22947 I BluetoothDeviceBatteryManager: # Right Level: 96
02-20 11:55:14.293 22596 22947 I BluetoothDeviceBatteryManager: parsedData : -1
02-20 11:55:14.294 22596 22947 I BluetoothDeviceBatteryManager: # Cradle Level: -1
02-20 11:55:14.294 22596 22947 I BluetoothDeviceBatteryManager: sendBroadcast : false
02-20 11:55:14.294 22596 22947 I BluetoothDeviceBatteryManager: level : 96
02-20 11:55:14.378 22596 22947 I BluetoothDeviceBatteryManager: action: com.samsung.bluetooth.device.action.META_DATA_CHANGED
02-20 11:55:14.381 22596 22947 I BluetoothDeviceBatteryManager: # Alias(Emir's Buds FE) / Address(B05476_B)
02-20 11:55:14.384 23357 23374 I BluetoothRemoteDevices: getBatteryLevel : 96 from HFP
02-20 11:55:14.385 22596 22947 I BluetoothDeviceBatteryManager: # BatteryLevel : 96
02-20 11:55:14.385 22596 22947 I BluetoothDeviceBatteryManager: # changeType: 0
02-20 11:55:15.019 22596 22947 I BluetoothDeviceBatteryManager: action: com.samsung.bluetooth.device.action.META_DATA_CHANGED
02-20 11:55:15.022 22596 22947 I BluetoothDeviceBatteryManager: # Alias(Emir's Buds FE) / Address(B05476_B)
02-20 11:55:15.024 23357 23374 I BluetoothRemoteDevices: getBatteryLevel : 96 from HFP
02-20 11:55:15.024 22596 22947 I BluetoothDeviceBatteryManager: # BatteryLevel : 96
02-20 11:55:15.024 22596 22947 I BluetoothDeviceBatteryManager: # changeType: 0
02-20 11:55:19.453 23357 23896 E BluetoothRemoteDevices: Remote class is UNCATEGORIZED
02-20 11:55:20.691 23357 23896 E BluetoothRemoteDevices: Remote class is UNCATEGORIZED
02-20 11:55:21.213 21975 21975 I flutter : BLE: Tarama durduruluyor...
02-20 11:55:21.217 21975 21975 I flutter : BLE: Tarama başarıyla durduruldu
02-20 11:55:21.219 21975 22264 D BluetoothAdapter: isLeEnabled(): ON
02-20 11:55:21.219 21975 22264 D BluetoothLeScanner: Stop Scan with callback
02-20 11:55:21.315 21975 21975 I flutter : BLE: ------------------------------11:55:21 Fri 20 Feb.
02-20 11:55:21.315 21975 21975 I flutter : BLE: Tarama başlatılıyor... (nameFilter: null, manufacturerId: None)
02-20 11:55:21.319 21975 22264 D BluetoothAdapter: isLeEnabled(): ON
02-20 11:55:21.323 21975 22264 D BluetoothLeScanner: Start Scan with callback
02-20 11:55:21.327 21975 22265 D BluetoothLeScanner: onScannerRegistered() - status=0 scannerId=9 mScannerId=0
02-20 11:55:21.356 21975 21975 I flutter : BLE: POLITEKNIK DEVICE FOUND DName=TURNIKE2,rn=32227945
02-20 11:55:21.357 21975 21975 I flutter : MD5 : 26d078ee9f1871c83b3518fcdc581d95
02-20 11:55:21.357 21975 21975 I flutter : Epoch Time= 1771577721357 seconds ago. = 1771577721357
02-20 11:55:21.357 21975 21975 I flutter : BLE: Bulundu -  (7C:DF:A1:B7:2F:D2) RSSI: -88
02-20 11:55:21.458 23357 23896 E BluetoothRemoteDevices: Remote class is UNCATEGORIZED
02-20 11:55:21.528 23357 23896 E BluetoothRemoteDevices: Remote class is UNCATEGORIZED
02-20 11:55:21.585 21975 21975 I flutter : BLE: POLITEKNIK DEVICE FOUND DName=TEST,rn=94923244
02-20 11:55:21.586 21975 21975 I flutter : MD5 : 24e4473633a41c8ecef8ac9fa5b5684e
02-20 11:55:21.586 21975 21975 I flutter : Epoch Time= 1771577721586 seconds ago. = 1771577721586
02-20 11:55:21.586 21975 21975 I flutter : BLE: Bulundu - TEST (7C:DF:A1:B9:AD:56) RSSI: -74
02-20 11:55:21.653 23357 23896 E BluetoothRemoteDevices: Remote class is UNCATEGORIZED
02-20 11:55:21.659 23357 23896 E BluetoothRemoteDevices: Remote class is UNCATEGORIZED
02-20 11:55:24.847 23357 23896 E BluetoothRemoteDevices: Remote class is UNCATEGORIZED
02-20 11:55:25.731 22596 22947 I BluetoothDeviceBatteryManager: action: com.samsung.bluetooth.device.action.META_DATA_CHANGED
02-20 11:55:25.734 22596 22947 I BluetoothDeviceBatteryManager: # Alias(Emir's Buds FE) / Address(B05476_B)
02-20 11:55:25.736 23357 23374 I BluetoothRemoteDevices: getBatteryLevel : 96 from HFP
02-20 11:55:25.736 22596 22947 I BluetoothDeviceBatteryManager: # BatteryLevel : 96
02-20 11:55:25.736 22596 22947 I BluetoothDeviceBatteryManager: # changeType: 1
02-20 11:55:25.740 22596 22947 I BluetoothDeviceBatteryManager: parsedData : -1
02-20 11:55:25.740 22596 22947 I BluetoothDeviceBatteryManager: # Left Level: -1
02-20 11:55:25.743 22596 22947 I BluetoothDeviceBatteryManager: parsedData : 96
02-20 11:55:25.743 22596 22947 I BluetoothDeviceBatteryManager: # Right Level: 96
02-20 11:55:25.745 22596 22947 I BluetoothDeviceBatteryManager: parsedData : -1
02-20 11:55:25.745 22596 22947 I BluetoothDeviceBatteryManager: # Cradle Level: -1
02-20 11:55:25.745 22596 22947 I BluetoothDeviceBatteryManager: sendBroadcast : false
02-20 11:55:25.745 22596 22947 I BluetoothDeviceBatteryManager: level : 96
02-20 11:55:26.231 22596 22947 I BluetoothDeviceBatteryManager: action: com.samsung.bluetooth.device.action.META_DATA_CHANGED
02-20 11:55:26.235 22596 22947 I BluetoothDeviceBatteryManager: # Alias(Emir's Buds FE) / Address(B05476_B)
02-20 11:55:26.237 23357 23374 I BluetoothRemoteDevices: getBatteryLevel : 96 from HFP
02-20 11:55:26.237 22596 22947 I BluetoothDeviceBatteryManager: # BatteryLevel : 96
02-20 11:55:26.237 22596 22947 I BluetoothDeviceBatteryManager: # changeType: 0
02-20 11:55:29.427 22596 22947 I BluetoothDeviceBatteryManager: action: com.samsung.bluetooth.device.action.META_DATA_CHANGED
02-20 11:55:29.430 22596 22947 I BluetoothDeviceBatteryManager: # Alias(Emir's Buds FE) / Address(B05476_B)
02-20 11:55:29.431 23357 23374 I BluetoothRemoteDevices: getBatteryLevel : 96 from HFP
02-20 11:55:29.431 22596 22947 I BluetoothDeviceBatteryManager: # BatteryLevel : 96
02-20 11:55:29.431 22596 22947 I BluetoothDeviceBatteryManager: # changeType: 1
02-20 11:55:29.435 22596 22947 I BluetoothDeviceBatteryManager: parsedData : -1
02-20 11:55:29.435 22596 22947 I BluetoothDeviceBatteryManager: # Left Level: -1
02-20 11:55:29.441 22596 22947 I BluetoothDeviceBatteryManager: parsedData : 96
02-20 11:55:29.442 22596 22947 I BluetoothDeviceBatteryManager: # Right Level: 96
02-20 11:55:29.444 22596 22947 I BluetoothDeviceBatteryManager: parsedData : -1
02-20 11:55:29.444 22596 22947 I BluetoothDeviceBatteryManager: # Cradle Level: -1
02-20 11:55:29.444 22596 22947 I BluetoothDeviceBatteryManager: sendBroadcast : false
02-20 11:55:29.444 22596 22947 I BluetoothDeviceBatteryManager: level : 96
02-20 11:55:30.206 22596 22947 I BluetoothDeviceBatteryManager: action: com.samsung.bluetooth.device.action.META_DATA_CHANGED
02-20 11:55:30.210 22596 22947 I BluetoothDeviceBatteryManager: # Alias(Emir's Buds FE) / Address(B05476_B)
02-20 11:55:30.211 23357 10880 I BluetoothRemoteDevices: getBatteryLevel : 96 from HFP
02-20 11:55:30.212 22596 22947 I BluetoothDeviceBatteryManager: # BatteryLevel : 96
02-20 11:55:30.212 22596 22947 I BluetoothDeviceBatteryManager: # changeType: 0
02-20 11:55:31.215 21975 21975 I flutter : BLE: Tarama durduruluyor...
02-20 11:55:31.230 21975 21975 I flutter : BLE: Tarama başarıyla durduruldu
02-20 11:55:31.235 21975 22264 D BluetoothAdapter: isLeEnabled(): ON
02-20 11:55:31.235 21975 22264 D BluetoothLeScanner: Stop Scan with callback
02-20 11:55:31.318 21975 21975 I flutter : BLE: ------------------------------11:55:31 Fri 20 Feb.
02-20 11:55:31.318 21975 21975 I flutter : BLE: Tarama başlatılıyor... (nameFilter: null, manufacturerId: None)
02-20 11:55:31.323 21975 22264 D BluetoothAdapter: isLeEnabled(): ON
02-20 11:55:31.329 21975 22264 D BluetoothLeScanner: Start Scan with callback
02-20 11:55:31.338 21975 24481 D BluetoothLeScanner: onScannerRegistered() - status=0 scannerId=9 mScannerId=0
02-20 11:55:31.378 23357 23896 E BluetoothRemoteDevices: Remote class is UNCATEGORIZED
02-20 11:55:32.230 22596 22947 I BluetoothDeviceBatteryManager: action: com.samsung.bluetooth.device.action.META_DATA_CHANGED
02-20 11:55:32.231 22596 22947 I BluetoothDeviceBatteryManager: # Alias(Emir's Buds FE) / Address(B05476_B)
02-20 11:55:32.233 23357 23807 I BluetoothRemoteDevices: getBatteryLevel : 96 from HFP
02-20 11:55:32.233 22596 22947 I BluetoothDeviceBatteryManager: # BatteryLevel : 96
02-20 11:55:32.233 22596 22947 I BluetoothDeviceBatteryManager: # changeType: 1
02-20 11:55:32.235 22596 22947 I BluetoothDeviceBatteryManager: parsedData : -1
02-20 11:55:32.235 22596 22947 I BluetoothDeviceBatteryManager: # Left Level: -1
02-20 11:55:32.237 22596 22947 I BluetoothDeviceBatteryManager: parsedData : 96
02-20 11:55:32.237 22596 22947 I BluetoothDeviceBatteryManager: # Right Level: 96
02-20 11:55:32.238 22596 22947 I BluetoothDeviceBatteryManager: parsedData : -1
02-20 11:55:32.238 22596 22947 I BluetoothDeviceBatteryManager: # Cradle Level: -1
02-20 11:55:32.239 22596 22947 I BluetoothDeviceBatteryManager: sendBroadcast : false
02-20 11:55:32.239 22596 22947 I BluetoothDeviceBatteryManager: level : 96
02-20 11:55:32.264 23357 23896 E BluetoothRemoteDevices: Remote class is UNCATEGORIZED
02-20 11:55:32.733 22596 22947 I BluetoothDeviceBatteryManager: action: com.samsung.bluetooth.device.action.META_DATA_CHANGED
02-20 11:55:32.737 22596 22947 I BluetoothDeviceBatteryManager: # Alias(Emir's Buds FE) / Address(B05476_B)
02-20 11:55:32.739 23357 23807 I BluetoothRemoteDevices: getBatteryLevel : 96 from HFP
02-20 11:55:32.739 22596 22947 I BluetoothDeviceBatteryManager: # BatteryLevel : 96
02-20 11:55:32.739 22596 22947 I BluetoothDeviceBatteryManager: # changeType: 1
02-20 11:55:32.741 22596 22947 I BluetoothDeviceBatteryManager: parsedData : -1
02-20 11:55:32.741 22596 22947 I BluetoothDeviceBatteryManager: # Left Level: -1
02-20 11:55:32.743 22596 22947 I BluetoothDeviceBatteryManager: parsedData : 96
02-20 11:55:32.744 22596 22947 I BluetoothDeviceBatteryManager: # Right Level: 96
02-20 11:55:32.747 22596 22947 I BluetoothDeviceBatteryManager: parsedData : -1
02-20 11:55:32.747 22596 22947 I BluetoothDeviceBatteryManager: # Cradle Level: -1
02-20 11:55:32.747 22596 22947 I BluetoothDeviceBatteryManager: sendBroadcast : false
02-20 11:55:32.747 22596 22947 I BluetoothDeviceBatteryManager: level : 96
02-20 11:55:33.027 22596 22947 I BluetoothDeviceBatteryManager: action: com.samsung.bluetooth.device.action.META_DATA_CHANGED
02-20 11:55:33.031 22596 22947 I BluetoothDeviceBatteryManager: # Alias(Emir's Buds FE) / Address(B05476_B)
02-20 11:55:33.032 23357 10880 I BluetoothRemoteDevices: getBatteryLevel : 96 from HFP
02-20 11:55:33.033 22596 22947 I BluetoothDeviceBatteryManager: # BatteryLevel : 96
02-20 11:55:33.033 22596 22947 I BluetoothDeviceBatteryManager: # changeType: 1
02-20 11:55:33.035 22596 22947 I BluetoothDeviceBatteryManager: parsedData : -1
02-20 11:55:33.035 22596 22947 I BluetoothDeviceBatteryManager: # Left Level: -1
02-20 11:55:33.037 22596 22947 I BluetoothDeviceBatteryManager: parsedData : 96
02-20 11:55:33.037 22596 22947 I BluetoothDeviceBatteryManager: # Right Level: 96
02-20 11:55:33.039 22596 22947 I BluetoothDeviceBatteryManager: parsedData : -1
02-20 11:55:33.039 22596 22947 I BluetoothDeviceBatteryManager: # Cradle Level: -1
02-20 11:55:33.040 22596 22947 I BluetoothDeviceBatteryManager: sendBroadcast : false
02-20 11:55:33.040 22596 22947 I BluetoothDeviceBatteryManager: level : 96
02-20 11:55:33.144 23357 23896 E BluetoothRemoteDevices: Remote class is UNCATEGORIZED
02-20 11:55:33.799 22596 22947 I BluetoothDeviceBatteryManager: action: com.samsung.bluetooth.device.action.META_DATA_CHANGED
02-20 11:55:33.801 22596 22947 I BluetoothDeviceBatteryManager: # Alias(Emir's Buds FE) / Address(B05476_B)
02-20 11:55:33.802 23357 10880 I BluetoothRemoteDevices: getBatteryLevel : 96 from HFP
02-20 11:55:33.802 22596 22947 I BluetoothDeviceBatteryManager: # BatteryLevel : 96
02-20 11:55:33.802 22596 22947 I BluetoothDeviceBatteryManager: # changeType: 0
02-20 11:55:36.061 23357 23896 E BluetoothRemoteDevices: Remote class is UNCATEGORIZED
02-20 11:55:36.104 23357 23896 E BluetoothRemoteDevices: Remote class is UNCATEGORIZED
02-20 11:55:41.213 21975 21975 I flutter : BLE: Tarama durduruluyor...
02-20 11:55:41.220 21975 21975 I flutter : BLE: Tarama başarıyla durduruldu
02-20 11:55:41.221 21975 22264 D BluetoothAdapter: isLeEnabled(): ON
02-20 11:55:41.221 21975 22264 D BluetoothLeScanner: Stop Scan with callback
02-20 11:55:41.315 21975 21975 I flutter : BLE: ------------------------------11:55:41 Fri 20 Feb.
02-20 11:55:41.316 21975 21975 I flutter : BLE: Tarama başlatılıyor... (nameFilter: null, manufacturerId: None)
02-20 11:55:41.319 21975 22264 D BluetoothAdapter: isLeEnabled(): ON
02-20 11:55:41.322 21975 22264 D BluetoothLeScanner: Start Scan with callback
02-20 11:55:41.327 21975 24481 D BluetoothLeScanner: onScannerRegistered() - status=0 scannerId=9 mScannerId=0
02-20 11:55:41.640 23357 23896 E BluetoothRemoteDevices: Remote class is UNCATEGORIZED
02-20 11:55:42.286 23357 23896 E BluetoothRemoteDevices: Remote class is UNCATEGORIZED
02-20 11:55:43.395 23357 23896 E BluetoothRemoteDevices: Remote class is UNCATEGORIZED
02-20 11:55:43.708 23357 23896 E BluetoothRemoteDevices: Remote class is UNCATEGORIZED
02-20 11:55:49.749 23357 23896 E BluetoothRemoteDevices: Remote class is UNCATEGORIZED
02-20 11:55:51.213 21975 21975 I flutter : BLE: Tarama durduruluyor...
02-20 11:55:51.223 21975 21975 I flutter : BLE: Tarama başarıyla durduruldu
02-20 11:55:51.229 21975 22264 D BluetoothAdapter: isLeEnabled(): ON
02-20 11:55:51.229 21975 22264 D BluetoothLeScanner: Stop Scan with callback
02-20 11:55:51.314 21975 21975 I flutter : BLE: ------------------------------11:55:51 Fri 20 Feb.
02-20 11:55:51.314 21975 21975 I flutter : BLE: Tarama başlatılıyor... (nameFilter: null, manufacturerId: None)
02-20 11:55:51.319 21975 22264 D BluetoothAdapter: isLeEnabled(): ON
02-20 11:55:51.322 21975 22264 D BluetoothLeScanner: Start Scan with callback
02-20 11:55:51.325 21975 22265 D BluetoothLeScanner: onScannerRegistered() - status=0 scannerId=9 mScannerId=0
02-20 11:55:51.458 23357 23896 E BluetoothRemoteDevices: Remote class is UNCATEGORIZED
02-20 11:55:51.910 23357 23896 E BluetoothRemoteDevices: Remote class is UNCATEGORIZED
02-20 11:55:52.659 23357 23896 E BluetoothRemoteDevices: Remote class is UNCATEGORIZED
02-20 11:55:57.741 23357 23896 E BluetoothRemoteDevices: Remote class is UNCATEGORIZED
02-20 11:56:01.213 21975 21975 I flutter : BLE: Tarama durduruluyor...
02-20 11:56:01.217 21975 21975 I flutter : BLE: Tarama başarıyla durduruldu
02-20 11:56:01.218 21975 22264 D BluetoothAdapter: isLeEnabled(): ON
02-20 11:56:01.218 21975 22264 D BluetoothLeScanner: Stop Scan with callback
02-20 11:56:01.316 21975 21975 I flutter : BLE: ------------------------------11:56:01 Fri 20 Feb.
02-20 11:56:01.316 21975 21975 I flutter : BLE: Tarama başlatılıyor... (nameFilter: null, manufacturerId: None)
02-20 11:56:01.319 21975 22264 D BluetoothAdapter: isLeEnabled(): ON
02-20 11:56:01.321 21975 22264 D BluetoothLeScanner: Start Scan with callback
02-20 11:56:01.326 21975 21986 D BluetoothLeScanner: onScannerRegistered() - status=0 scannerId=9 mScannerId=0
02-20 11:56:01.392 21975 21975 I flutter : BLE: POLITEKNIK DEVICE FOUND DName=TEST,rn=10254850
02-20 11:56:01.392 21975 21975 I flutter : MD5 : b39f9ddec5b9bffcc55c3ca221fe8b70
02-20 11:56:01.392 21975 21975 I flutter : Epoch Time= 1771577761392 seconds ago. = 1771577761392
02-20 11:56:01.392 21975 21975 I flutter : BLE: Bulundu - TEST (7C:DF:A1:B9:AD:56) RSSI: -51
02-20 11:56:01.753 23357 23896 E BluetoothRemoteDevices: Remote class is UNCATEGORIZED
02-20 11:56:01.865 23357 23896 E BluetoothRemoteDevices: Remote class is UNCATEGORIZED
02-20 11:56:02.025 21975 21975 I flutter : BLE: POLITEKNIK DEVICE FOUND DName=TURNIKE2,rn=79841841
02-20 11:56:02.026 21975 21975 I flutter : MD5 : a84b67f9e4d3c8644f93601d16ac404e
02-20 11:56:02.026 21975 21975 I flutter : Epoch Time= 1771577762026 seconds ago. = 1771577762026
02-20 11:56:02.026 21975 21975 I flutter : BLE: Bulundu -  (7C:DF:A1:B7:2F:D2) RSSI: -91
02-20 11:56:03.037 23357 23896 E BluetoothRemoteDevices: Remote class is UNCATEGORIZED
02-20 11:56:03.233 22596 22947 I BluetoothDeviceBatteryManager: action: com.samsung.bluetooth.device.action.META_DATA_CHANGED
02-20 11:56:03.235 22596 22947 I BluetoothDeviceBatteryManager: # Alias(Emir's Buds FE) / Address(B05476_B)
02-20 11:56:03.237 23357 23371 I BluetoothRemoteDevices: getBatteryLevel : 96 from HFP
02-20 11:56:03.237 22596 22947 I BluetoothDeviceBatteryManager: # BatteryLevel : 96
02-20 11:56:03.237 22596 22947 I BluetoothDeviceBatteryManager: # changeType: 1
02-20 11:56:03.240 22596 22947 I BluetoothDeviceBatteryManager: parsedData : -1
02-20 11:56:03.240 22596 22947 I BluetoothDeviceBatteryManager: # Left Level: -1
02-20 11:56:03.242 22596 22947 I BluetoothDeviceBatteryManager: parsedData : 96
02-20 11:56:03.242 22596 22947 I BluetoothDeviceBatteryManager: # Right Level: 96
02-20 11:56:03.243 22596 22947 I BluetoothDeviceBatteryManager: parsedData : -1
02-20 11:56:03.244 22596 22947 I BluetoothDeviceBatteryManager: # Cradle Level: -1
02-20 11:56:03.244 22596 22947 I BluetoothDeviceBatteryManager: sendBroadcast : false
02-20 11:56:03.244 22596 22947 I BluetoothDeviceBatteryManager: level : 96
02-20 11:56:03.604 22596 22947 I BluetoothDeviceBatteryManager: action: com.samsung.bluetooth.device.action.META_DATA_CHANGED
02-20 11:56:03.606 22596 22947 I BluetoothDeviceBatteryManager: # Alias(Emir's Buds FE) / Address(B05476_B)
02-20 11:56:03.608 23357 23371 I BluetoothRemoteDevices: getBatteryLevel : 96 from HFP
02-20 11:56:03.608 22596 22947 I BluetoothDeviceBatteryManager: # BatteryLevel : 96
02-20 11:56:03.608 22596 22947 I BluetoothDeviceBatteryManager: # changeType: 0
02-20 11:56:05.355 22596 22947 I BluetoothDeviceBatteryManager: action: com.samsung.bluetooth.device.action.META_DATA_CHANGED
02-20 11:56:05.358 22596 22947 I BluetoothDeviceBatteryManager: # Alias(Emir's Buds FE) / Address(B05476_B)
02-20 11:56:05.360 23357 23807 I BluetoothRemoteDevices: getBatteryLevel : 96 from HFP
02-20 11:56:05.360 22596 22947 I BluetoothDeviceBatteryManager: # BatteryLevel : 96
02-20 11:56:05.360 22596 22947 I BluetoothDeviceBatteryManager: # changeType: 1
02-20 11:56:05.363 22596 22947 I BluetoothDeviceBatteryManager: parsedData : -1
02-20 11:56:05.363 22596 22947 I BluetoothDeviceBatteryManager: # Left Level: -1
02-20 11:56:05.365 22596 22947 I BluetoothDeviceBatteryManager: parsedData : 96
02-20 11:56:05.365 22596 22947 I BluetoothDeviceBatteryManager: # Right Level: 96
02-20 11:56:05.367 22596 22947 I BluetoothDeviceBatteryManager: parsedData : -1
02-20 11:56:05.368 22596 22947 I BluetoothDeviceBatteryManager: # Cradle Level: -1
02-20 11:56:05.368 22596 22947 I BluetoothDeviceBatteryManager: sendBroadcast : false
02-20 11:56:05.368 22596 22947 I BluetoothDeviceBatteryManager: level : 96
02-20 11:56:06.166 22596 22947 I BluetoothDeviceBatteryManager: action: com.samsung.bluetooth.device.action.META_DATA_CHANGED
02-20 11:56:06.170 22596 22947 I BluetoothDeviceBatteryManager: # Alias(Emir's Buds FE) / Address(B05476_B)
02-20 11:56:06.172 23357 23371 I BluetoothRemoteDevices: getBatteryLevel : 96 from HFP
02-20 11:56:06.172 22596 22947 I BluetoothDeviceBatteryManager: # BatteryLevel : 96
02-20 11:56:06.173 22596 22947 I BluetoothDeviceBatteryManager: # changeType: 0
02-20 11:56:06.354 23357 23896 E BluetoothRemoteDevices: Remote class is UNCATEGORIZED
02-20 11:56:07.676 23357 23896 E BluetoothRemoteDevices: Remote class is UNCATEGORIZED
02-20 11:56:11.214 21975 21975 I flutter : BLE: Tarama durduruluyor...
02-20 11:56:11.218 21975 21975 I flutter : BLE: Tarama başarıyla durduruldu
02-20 11:56:11.219 21975 22264 D BluetoothAdapter: isLeEnabled(): ON
02-20 11:56:11.219 21975 22264 D BluetoothLeScanner: Stop Scan with callback
02-20 11:56:11.315 21975 21975 I flutter : BLE: ------------------------------11:56:11 Fri 20 Feb.
02-20 11:56:11.315 21975 21975 I flutter : BLE: Tarama başlatılıyor... (nameFilter: null, manufacturerId: None)
02-20 11:56:11.319 21975 22264 D BluetoothAdapter: isLeEnabled(): ON
02-20 11:56:11.321 21975 22264 D BluetoothLeScanner: Start Scan with callback
02-20 11:56:11.325 21975 21986 D BluetoothLeScanner: onScannerRegistered() - status=0 scannerId=9 mScannerId=0
02-20 11:56:11.570 23357 23896 E BluetoothRemoteDevices: Remote class is UNCATEGORIZED
02-20 11:56:11.776 23357 23896 E BluetoothRemoteDevices: Remote class is UNCATEGORIZED
02-20 11:56:13.737 23357 23896 E BluetoothRemoteDevices: Remote class is UNCATEGORIZED
02-20 11:56:21.214 21975 21975 I flutter : BLE: Tarama durduruluyor...
02-20 11:56:21.217 21975 21975 I flutter : BLE: Tarama başarıyla durduruldu
02-20 11:56:21.218 21975 22264 D BluetoothAdapter: isLeEnabled(): ON
02-20 11:56:21.218 21975 22264 D BluetoothLeScanner: Stop Scan with callback
02-20 11:56:21.316 21975 21975 I flutter : BLE: ------------------------------11:56:21 Fri 20 Feb.
02-20 11:56:21.316 21975 21975 I flutter : BLE: Tarama başlatılıyor... (nameFilter: null, manufacturerId: None)
02-20 11:56:21.320 21975 22264 D BluetoothAdapter: isLeEnabled(): ON
02-20 11:56:21.322 21975 22264 D BluetoothLeScanner: Start Scan with callback
02-20 11:56:21.327 21975 21987 D BluetoothLeScanner: onScannerRegistered() - status=0 scannerId=9 mScannerId=0
02-20 11:56:21.440 23357 23896 E BluetoothRemoteDevices: Remote class is UNCATEGORIZED
02-20 11:56:21.801 23357 23896 E BluetoothRemoteDevices: Remote class is UNCATEGORIZED
02-20 11:56:22.349 23357 23896 E BluetoothRemoteDevices: Remote class is UNCATEGORIZED
02-20 11:56:25.868 23357 23896 E BluetoothRemoteDevices: Remote class is UNCATEGORIZED
02-20 11:56:29.379 21975 21975 I flutter : Find Device
02-20 11:56:29.379 21975 21975 I flutter : Find Card
02-20 11:56:31.214 21975 21975 I flutter : BLE: Tarama durduruluyor...
02-20 11:56:31.219 21975 21975 I flutter : BLE: Tarama başarıyla durduruldu
02-20 11:56:31.219 21975 22264 D BluetoothAdapter: isLeEnabled(): ON
02-20 11:56:31.220 21975 22264 D BluetoothLeScanner: Stop Scan with callback
02-20 11:56:31.316 21975 21975 I flutter : BLE: ------------------------------11:56:31 Fri 20 Feb.
02-20 11:56:31.316 21975 21975 I flutter : BLE: Tarama başlatılıyor... (nameFilter: null, manufacturerId: None)
02-20 11:56:31.319 21975 22264 D BluetoothAdapter: isLeEnabled(): ON
02-20 11:56:31.321 21975 22264 D BluetoothLeScanner: Start Scan with callback
02-20 11:56:31.327 21975 24481 D BluetoothLeScanner: onScannerRegistered() - status=0 scannerId=9 mScannerId=0
02-20 11:56:31.511 23357 23896 E BluetoothRemoteDevices: Remote class is UNCATEGORIZED
02-20 11:56:32.967 23357 23896 E BluetoothRemoteDevices: Remote class is UNCATEGORIZED
02-20 11:56:33.833 23357 23896 E BluetoothRemoteDevices: Remote class is UNCATEGORIZED
02-20 11:56:35.403 23357 23896 E BluetoothRemoteDevices: Remote class is UNCATEGORIZED
02-20 11:56:36.238 23357 23896 E BluetoothRemoteDevices: Remote class is UNCATEGORIZED
02-20 11:56:38.740 22380 22380 V MediaRouter: Selecting route: RouteInfo{ name=Emir's Buds FE, description=Bluetooth audio, status=null, category=RouteCategory{ name=System types=ROUTE_TYPE_LIVE_AUDIO ROUTE_TYPE_LIVE_VIDEO  groupable=false }, supportedTypes=ROUTE_TYPE_LIVE_AUDIO , presentationDisplay=null }
02-20 11:56:38.740 22380 22380 I MediaRouter: Skip setBluetoothA2dpOn(): types=1, isPlaybackActive()=false, BT route=RouteInfo{ name=Emir's Buds FE, description=Bluetooth audio, status=null, category=RouteCategory{ name=System types=ROUTE_TYPE_LIVE_AUDIO ROUTE_TYPE_LIVE_VIDEO  groupable=false }, supportedTypes=ROUTE_TYPE_LIVE_AUDIO , presentationDisplay=null }
02-20 11:56:38.822 22380 22380 I BluetoothAdapter: BluetoothAdapter() : com.teslacoilsw.launcher
02-20 11:56:39.152 22596 22620 D ScreenCapture: [Capture_TEST] : setIsScreenShotBySystem false
02-20 11:56:39.566 23357 23896 E BluetoothRemoteDevices: Remote class is UNCATEGORIZED
02-20 11:56:39.614 21975 21975 I SV[161403044 MainActivity]: windowStopped(true) false io.flutter.embedding.android.FlutterSurfaceView{99ed0a4 V.E...... ........ 0,0-1080,2340} of VRI[MainActivity]@377eb79
02-20 11:56:39.637 21975 21975 I SV[161403044 MainActivity]: surfaceDestroyed callback.size 1 #1 io.flutter.embedding.android.FlutterSurfaceView{99ed0a4 V.E...... ........ 0,0-1080,2340}
02-20 11:56:39.686 21975 21975 I SV[161403044 MainActivity]: onWindowVisibilityChanged(8) false io.flutter.embedding.android.FlutterSurfaceView{99ed0a4 G.E...... ......I. 0,0-1080,2340} of VRI[MainActivity]@377eb79
02-20 11:56:41.213 21975 21975 I flutter : BLE: Tarama durduruluyor...
02-20 11:56:41.226 21975 21975 I flutter : BLE: Tarama başarıyla durduruldu
02-20 11:56:41.228 21975 22264 D BluetoothAdapter: isLeEnabled(): ON
02-20 11:56:41.229 21975 22264 D BluetoothLeScanner: Stop Scan with callback
02-20 11:56:41.318 21975 21975 I flutter : BLE: ------------------------------11:56:41 Fri 20 Feb.
02-20 11:56:41.318 21975 21975 I flutter : BLE: Tarama başlatılıyor... (nameFilter: null, manufacturerId: None)
02-20 11:56:41.324 21975 22264 D BluetoothAdapter: isLeEnabled(): ON
02-20 11:56:41.326 21975 22264 D BluetoothLeScanner: Start Scan with callback
02-20 11:56:41.339 21975 24481 D BluetoothLeScanner: onScannerRegistered() - status=0 scannerId=9 mScannerId=0
02-20 11:56:41.388 21975 21975 I flutter : BLE: POLITEKNIK DEVICE FOUND DName=TEST,rn=73519250
02-20 11:56:41.390 21975 21975 I flutter : MD5 : f9e0a83bfde04662ece3e25b73bac55c
02-20 11:56:41.390 21975 21975 I flutter : Epoch Time= 1771577801390 seconds ago. = 1771577801390
02-20 11:56:41.391 21975 21975 I flutter : BLE: Bulundu - TEST (7C:DF:A1:B9:AD:56) RSSI: -49
02-20 11:56:41.540 23357 23896 E BluetoothRemoteDevices: Remote class is UNCATEGORIZED
02-20 11:56:41.546 23357 23896 E BluetoothRemoteDevices: Remote class is UNCATEGORIZED
02-20 11:56:43.211 21975 21975 I flutter : BLE: POLITEKNIK DEVICE FOUND DName=TURNIKE2,rn=11668011
02-20 11:56:43.213 21975 21975 I flutter : MD5 : 14cce412aebe4aeafababff539b90594
02-20 11:56:43.214 21975 21975 I flutter : Epoch Time= 1771577803213 seconds ago. = 1771577803213
02-20 11:56:43.214 21975 21975 I flutter : BLE: Bulundu -  (7C:DF:A1:B7:2F:D2) RSSI: -82
02-20 11:56:43.538 28816 28853 D nativeloader: Load /data/app/~~NPTROxKpcecLISuNaAuxUw==/com.example.test2-DSuek9z2u2Q_bm4ohWhuOQ==/base.apk!/lib/arm64-v8a/libflutter.so using class loader ns clns-9 (caller=/data/app/~~NPTROxKpcecLISuNaAuxUw==/com.example.test2-DSuek9z2u2Q_bm4ohWhuOQ==/base.apk): ok
02-20 11:56:43.614 28816 28855 I flutter : [IMPORTANT:flutter/shell/platform/android/android_context_vk_impeller.cc(62)] Using the Impeller rendering backend (Vulkan).
02-20 11:56:43.793 28816 28816 I flutter : BLE: ------------------------------11:56:43 Fri 20 Feb.
02-20 11:56:43.793 28816 28816 I flutter : BLE: Tarama başlatılıyor... (nameFilter: null, manufacturerId: None)
02-20 11:56:43.961 28816 28816 I BluetoothAdapter: BluetoothAdapter() : com.example.test2
02-20 11:56:43.961 28816 28816 I BluetoothAdapter: BluetoothAdapter() : com.example.test2
02-20 11:56:43.989 28816 28892 D BluetoothAdapter: isLeEnabled(): ON
02-20 11:56:43.996 28816 28892 D BluetoothLeScanner: Start Scan with callback
02-20 11:56:43.999 28816 28825 D BluetoothLeScanner: onScannerRegistered() - status=0 scannerId=10 mScannerId=0
02-20 11:56:44.053 28816 28816 I flutter : BLE: POLITEKNIK DEVICE FOUND DName=TURNIKE2,rn=11668011
02-20 11:56:44.053 28816 28816 I flutter : MD5 : 14cce412aebe4aeafababff539b90594
02-20 11:56:44.053 28816 28816 I flutter : Epoch Time= 1771577804053 seconds ago. = 1771577804053
02-20 11:56:44.054 28816 28816 I flutter : BLE: Bulundu -  (7C:DF:A1:B7:2F:D2) RSSI: -84
02-20 11:56:44.059 28816 28816 I flutter : BLE: POLITEKNIK DEVICE FOUND DName=TEST,rn=73519250
02-20 11:56:44.059 28816 28816 I flutter : MD5 : f9e0a83bfde04662ece3e25b73bac55c
02-20 11:56:44.059 28816 28816 I flutter : Epoch Time= 1771577804059 seconds ago. = 1771577804059
02-20 11:56:44.059 28816 28816 I flutter : BLE: Bulundu - TEST (7C:DF:A1:B9:AD:56) RSSI: -49
02-20 11:56:44.127 23357 23896 E BluetoothRemoteDevices: Remote class is UNCATEGORIZED
02-20 11:56:44.538 23357 23896 E BluetoothRemoteDevices: Remote class is UNCATEGORIZED
02-20 11:56:45.105 23357 23896 E BluetoothRemoteDevices: Remote class is UNCATEGORIZED
02-20 11:56:46.808 28816 28816 I flutter : BLE: Tarama zaten durmuş durumda
02-20 11:56:46.895 28816 28816 I flutter : BLE: ------------------------------11:56:46 Fri 20 Feb.
02-20 11:56:46.895 28816 28816 I flutter : BLE: Tarama başlatılıyor... (nameFilter: null, manufacturerId: None)
02-20 11:56:46.896 28816 28816 I flutter : BLE: Tarama tamamlandı
02-20 11:56:46.896 28816 28892 D BluetoothAdapter: isLeEnabled(): ON
02-20 11:56:46.896 28816 28892 D BluetoothLeScanner: Stop Scan with callback
02-20 11:56:46.905 28816 28892 D BluetoothAdapter: isLeEnabled(): ON
02-20 11:56:46.906 28816 28892 D BluetoothLeScanner: Start Scan with callback
02-20 11:56:46.909 28816 28898 D BluetoothLeScanner: onScannerRegistered() - status=0 scannerId=10 mScannerId=0
02-20 11:56:46.957 28816 28816 I flutter : BLE: POLITEKNIK DEVICE FOUND DName=TURNIKE2,rn=88046418
02-20 11:56:46.957 28816 28816 I flutter : MD5 : 0ff341538feb2170dd4a165a8a5a5a81
02-20 11:56:46.958 28816 28816 I flutter : Epoch Time= 1771577806958 seconds ago. = 1771577806958
02-20 11:56:46.958 28816 28816 I flutter : BLE: Bulundu -  (7C:DF:A1:B7:2F:D2) RSSI: -81
02-20 11:56:47.055 28816 28816 I flutter : BLE: POLITEKNIK DEVICE FOUND DName=TEST,rn=20745963
02-20 11:56:47.055 28816 28816 I flutter : MD5 : 2db4675f4eb3852ac9aa4026b291779d
02-20 11:56:47.056 28816 28816 I flutter : Epoch Time= 1771577807055 seconds ago. = 1771577807056
02-20 11:56:47.056 28816 28816 I flutter : BLE: Bulundu - TEST (7C:DF:A1:B9:AD:56) RSSI: -57
02-20 11:56:47.075 23357 23896 E BluetoothRemoteDevices: Remote class is UNCATEGORIZED
02-20 11:56:47.101 28816 28816 I flutter : BLE: Tarama zaten durmuş durumda
02-20 11:56:47.632 22596 22620 D ScreenCapture: [Capture_TEST] : setIsScreenShotBySystem false
02-20 11:56:48.130 23357 23896 E BluetoothRemoteDevices: Remote class is UNCATEGORIZED
02-20 11:56:48.408 23357 23896 E BluetoothRemoteDevices: Remote class is UNCATEGORIZED
02-20 11:56:49.851 21975 21975 I SV[161403044 MainActivity]: onWindowVisibilityChanged(0) false io.flutter.embedding.android.FlutterSurfaceView{99ed0a4 V.E...... ......ID 0,0-1080,2340} of VRI[MainActivity]@377eb79
02-20 11:56:49.879 21975 21975 I SV[161403044 MainActivity]: windowStopped(false) true io.flutter.embedding.android.FlutterSurfaceView{99ed0a4 V.E...... ......ID 0,0-1080,2340} of VRI[MainActivity]@377eb79
02-20 11:56:49.885 21975 21975 I SV[161403044 MainActivity]: surfaceCreated 1 #1 io.flutter.embedding.android.FlutterSurfaceView{99ed0a4 V.E...... ......ID 0,0-1080,2340}
02-20 11:56:49.907 21975 21975 I SV[161403044 MainActivity]: surfaceChanged (1080,2340) 1 #1 io.flutter.embedding.android.FlutterSurfaceView{99ed0a4 V.E...... ......ID 0,0-1080,2340}
02-20 11:56:50.027 23357 23896 E BluetoothRemoteDevices: Remote class is UNCATEGORIZED
02-20 11:56:50.134 22596 24177 W Binder  : 	at android.bluetooth.IBluetoothGatt$Stub$Proxy.getAdvertisingSetUids(IBluetoothGatt.java:1678)
02-20 11:56:50.134 22596 24177 W Binder  : 	at android.bluetooth.BluetoothAdapter.getAdvertisingSetUids(BluetoothAdapter.java:8476)
02-20 11:56:50.134 22596 24177 W Binder  : 	at android.bluetooth.BluetoothAdapter.getHWUsingApps(BluetoothAdapter.java:1342)
02-20 11:56:50.658 23357 23896 E BluetoothRemoteDevices: Remote class is UNCATEGORIZED
02-20 11:56:50.769 23357 23896 E BluetoothRemoteDevices: Remote class is UNCATEGORIZED
02-20 11:56:51.214 21975 21975 I flutter : BLE: Tarama durduruluyor...
02-20 11:56:51.217 21975 21975 I flutter : BLE: Tarama başarıyla durduruldu
02-20 11:56:51.218 21975 22264 D BluetoothAdapter: isLeEnabled(): ON
02-20 11:56:51.218 21975 22264 D BluetoothLeScanner: Stop Scan with callback
02-20 11:56:51.315 21975 21975 I flutter : BLE: ------------------------------11:56:51 Fri 20 Feb.
02-20 11:56:51.316 21975 21975 I flutter : BLE: Tarama başlatılıyor... (nameFilter: null, manufacturerId: None)
02-20 11:56:51.319 21975 22264 D BluetoothAdapter: isLeEnabled(): ON
02-20 11:56:51.322 21975 22264 D BluetoothLeScanner: Start Scan with callback
02-20 11:56:51.326 21975 24481 D BluetoothLeScanner: onScannerRegistered() - status=0 scannerId=9 mScannerId=0
02-20 11:56:51.520 23357 23896 E BluetoothRemoteDevices: Remote class is UNCATEGORIZED
02-20 11:56:51.670 23357 23896 E BluetoothRemoteDevices: Remote class is UNCATEGORIZED
02-20 11:56:52.284 23357 23896 E BluetoothRemoteDevices: Remote class is UNCATEGORIZED
02-20 11:56:52.843 23357 23896 E BluetoothRemoteDevices: Remote class is UNCATEGORIZED
02-20 11:56:54.086 23357 23896 E BluetoothRemoteDevices: Remote class is UNCATEGORIZED
02-20 11:56:59.894 23357 23896 E BluetoothRemoteDevices: Remote class is UNCATEGORIZED
02-20 11:57:01.214 21975 21975 I flutter : BLE: Tarama durduruluyor...
02-20 11:57:01.224 21975 21975 I flutter : BLE: Tarama başarıyla durduruldu
02-20 11:57:01.225 21975 22264 D BluetoothAdapter: isLeEnabled(): ON
02-20 11:57:01.225 21975 22264 D BluetoothLeScanner: Stop Scan with callback
02-20 11:57:01.247 23357 23896 E BluetoothRemoteDevices: Remote class is UNCATEGORIZED
02-20 11:57:01.318 21975 21975 I flutter : BLE: ------------------------------11:57:01 Fri 20 Feb.
02-20 11:57:01.318 21975 21975 I flutter : BLE: Tarama başlatılıyor... (nameFilter: null, manufacturerId: None)
02-20 11:57:01.321 21975 22264 D BluetoothAdapter: isLeEnabled(): ON
02-20 11:57:01.322 21975 22264 D BluetoothLeScanner: Start Scan with callback
02-20 11:57:01.324 21975 21987 D BluetoothLeScanner: onScannerRegistered() - status=0 scannerId=9 mScannerId=0
02-20 11:57:01.434 23357 23896 E BluetoothRemoteDevices: Remote class is UNCATEGORIZED
02-20 11:57:01.778 23357 23896 E BluetoothRemoteDevices: Remote class is UNCATEGORIZED
02-20 11:57:01.795 28816 28816 I flutter : BLE: Tarama durduruluyor...
02-20 11:57:01.797 28816 28816 I flutter : BLE: Tarama başarıyla durduruldu
02-20 11:57:01.798 28816 28892 D BluetoothAdapter: isLeEnabled(): ON
02-20 11:57:01.798 28816 28892 D BluetoothLeScanner: Stop Scan with callback
02-20 11:57:01.896 28816 28816 I flutter : BLE: ------------------------------11:57:01 Fri 20 Feb.
02-20 11:57:01.896 28816 28816 I flutter : BLE: Tarama başlatılıyor... (nameFilter: null, manufacturerId: None)
02-20 11:57:01.898 28816 28892 D BluetoothAdapter: isLeEnabled(): ON
02-20 11:57:01.899 28816 28892 D BluetoothLeScanner: Start Scan with callback
02-20 11:57:01.902 28816 28825 D BluetoothLeScanner: onScannerRegistered() - status=0 scannerId=10 mScannerId=0
02-20 11:57:01.925 28816 28816 I flutter : BLE: POLITEKNIK DEVICE FOUND DName=TEST,rn=96852160
02-20 11:57:01.925 28816 28816 I flutter : MD5 : 07553f3a57a04d00fc68652d3ccb723f
02-20 11:57:01.925 28816 28816 I flutter : Epoch Time= 1771577821925 seconds ago. = 1771577821925
02-20 11:57:01.925 28816 28816 I flutter : BLE: Bulundu - TEST (7C:DF:A1:B9:AD:56) RSSI: -48
02-20 11:57:02.171 22596 24177 W Binder  : 	at android.bluetooth.IBluetoothGatt$Stub$Proxy.getAdvertisingSetUids(IBluetoothGatt.java:1678)
02-20 11:57:02.171 22596 24177 W Binder  : 	at android.bluetooth.BluetoothAdapter.getAdvertisingSetUids(BluetoothAdapter.java:8476)
02-20 11:57:02.171 22596 24177 W Binder  : 	at android.bluetooth.BluetoothAdapter.getHWUsingApps(BluetoothAdapter.java:1342)
02-20 11:57:02.377 28816 28816 I flutter : BLE: POLITEKNIK DEVICE FOUND DName=TURNIKE2,rn=43236364
02-20 11:57:02.377 28816 28816 I flutter : MD5 : 9bbdbbba15a1216bc1c2e9fed637b987
02-20 11:57:02.377 28816 28816 I flutter : Epoch Time= 1771577822377 seconds ago. = 1771577822377
02-20 11:57:02.377 28816 28816 I flutter : BLE: Bulundu -  (7C:DF:A1:B7:2F:D2) RSSI: -88
02-20 11:57:03.216 23357 23896 E BluetoothRemoteDevices: Remote class is UNCATEGORIZED
02-20 11:57:03.902 23357 23896 E BluetoothRemoteDevices: Remote class is UNCATEGORIZED
02-20 11:57:11.213 21975 21975 I flutter : BLE: Tarama durduruluyor...
02-20 11:57:11.216 21975 21975 I flutter : BLE: Tarama başarıyla durduruldu
02-20 11:57:11.217 21975 22264 D BluetoothAdapter: isLeEnabled(): ON
02-20 11:57:11.217 21975 22264 D BluetoothLeScanner: Stop Scan with callback
02-20 11:57:11.314 21975 21975 I flutter : BLE: ------------------------------11:57:11 Fri 20 Feb.
02-20 11:57:11.314 21975 21975 I flutter : BLE: Tarama başlatılıyor... (nameFilter: null, manufacturerId: None)
02-20 11:57:11.317 21975 22264 D BluetoothAdapter: isLeEnabled(): ON
02-20 11:57:11.319 21975 22264 D BluetoothLeScanner: Start Scan with callback
02-20 11:57:11.323 21975 21987 D BluetoothLeScanner: onScannerRegistered() - status=0 scannerId=9 mScannerId=0
02-20 11:57:11.521 23357 23896 E BluetoothRemoteDevices: Remote class is UNCATEGORIZED
02-20 11:57:11.905 23357 23896 E BluetoothRemoteDevices: Remote class is UNCATEGORIZED
02-20 11:57:16.795 28816 28816 I flutter : BLE: Tarama durduruluyor...
02-20 11:57:16.799 28816 28816 I flutter : BLE: Tarama başarıyla durduruldu
02-20 11:57:16.800 28816 28892 D BluetoothAdapter: isLeEnabled(): ON
02-20 11:57:16.800 28816 28892 D BluetoothLeScanner: Stop Scan with callback
02-20 11:57:16.897 28816 28816 I flutter : BLE: ------------------------------11:57:16 Fri 20 Feb.
02-20 11:57:16.897 28816 28816 I flutter : BLE: Tarama başlatılıyor... (nameFilter: null, manufacturerId: None)
02-20 11:57:16.900 28816 28892 D BluetoothAdapter: isLeEnabled(): ON
02-20 11:57:16.901 28816 28892 D BluetoothLeScanner: Start Scan with callback
02-20 11:57:16.903 28816 28825 D BluetoothLeScanner: onScannerRegistered() - status=0 scannerId=10 mScannerId=0
02-20 11:57:17.338 28816 28816 I flutter : BLE: POLITEKNIK DEVICE FOUND DName=TEST,rn=61334917
02-20 11:57:17.338 28816 28816 I flutter : MD5 : 763e4ad355021d0e70d7b4b5061bb6dc
02-20 11:57:17.338 28816 28816 I flutter : Epoch Time= 1771577837338 seconds ago. = 1771577837338
02-20 11:57:17.338 28816 28816 I flutter : BLE: Bulundu - TEST (7C:DF:A1:B9:AD:56) RSSI: -76
02-20 11:57:17.435 28816 28816 I flutter : BLE: POLITEKNIK DEVICE FOUND DName=TURNIKE2,rn=96282895
02-20 11:57:17.436 28816 28816 I flutter : MD5 : d943076cad06cc6f4a4ea1fd21d5603b
02-20 11:57:17.436 28816 28816 I flutter : Epoch Time= 1771577837436 seconds ago. = 1771577837436
02-20 11:57:17.436 28816 28816 I flutter : BLE: Bulundu -  (7C:DF:A1:B7:2F:D2) RSSI: -80
02-20 11:57:17.445 23357 23896 E BluetoothRemoteDevices: Remote class is UNCATEGORIZED
02-20 11:57:21.205 23357 23896 E BluetoothRemoteDevices: Remote class is UNCATEGORIZED
02-20 11:57:21.215 21975 21975 I flutter : BLE: Tarama durduruluyor...
02-20 11:57:21.219 21975 21975 I flutter : BLE: Tarama başarıyla durduruldu
02-20 11:57:21.220 21975 22264 D BluetoothAdapter: isLeEnabled(): ON
02-20 11:57:21.220 21975 22264 D BluetoothLeScanner: Stop Scan with callback
02-20 11:57:21.317 21975 21975 I flutter : BLE: ------------------------------11:57:21 Fri 20 Feb.
02-20 11:57:21.317 21975 21975 I flutter : BLE: Tarama başlatılıyor... (nameFilter: null, manufacturerId: None)
02-20 11:57:21.320 21975 22264 D BluetoothAdapter: isLeEnabled(): ON
02-20 11:57:21.322 21975 22264 D BluetoothLeScanner: Start Scan with callback
02-20 11:57:21.325 21975 22265 D BluetoothLeScanner: onScannerRegistered() - status=0 scannerId=9 mScannerId=0
02-20 11:57:21.449 21975 21975 I flutter : BLE: POLITEKNIK DEVICE FOUND DName=TEST,rn=61334917
02-20 11:57:21.450 21975 21975 I flutter : MD5 : 763e4ad355021d0e70d7b4b5061bb6dc
02-20 11:57:21.450 21975 21975 I flutter : Epoch Time= 1771577841450 seconds ago. = 1771577841450
02-20 11:57:21.450 21975 21975 I flutter : BLE: Bulundu - TEST (7C:DF:A1:B9:AD:56) RSSI: -55
02-20 11:57:21.499 23357 23896 E BluetoothRemoteDevices: Remote class is UNCATEGORIZED
02-20 11:57:21.535 23357 23896 E BluetoothRemoteDevices: Remote class is UNCATEGORIZED
02-20 11:57:21.544 21975 21975 I flutter : BLE: POLITEKNIK DEVICE FOUND DName=TURNIKE2,rn=96282895
02-20 11:57:21.545 21975 21975 I flutter : MD5 : d943076cad06cc6f4a4ea1fd21d5603b
02-20 11:57:21.545 21975 21975 I flutter : Epoch Time= 1771577841545 seconds ago. = 1771577841545
02-20 11:57:21.545 21975 21975 I flutter : BLE: Bulundu -  (7C:DF:A1:B7:2F:D2) RSSI: -84
02-20 11:57:23.212 23357 23896 E BluetoothRemoteDevices: Remote class is UNCATEGORIZED
02-20 11:57:23.973 23357 23896 E BluetoothRemoteDevices: Remote class is UNCATEGORIZED
02-20 11:57:25.221 23357 23896 E BluetoothRemoteDevices: Remote class is UNCATEGORIZED
02-20 11:57:27.084 21975 21975 I flutter : Find Device
02-20 11:57:27.084 21975 21975 I flutter : Find Card
02-20 11:57:31.215 21975 21975 I flutter : BLE: Tarama durduruluyor...
02-20 11:57:31.226 21975 21975 I flutter : BLE: Tarama başarıyla durduruldu
02-20 11:57:31.227 21975 22264 D BluetoothAdapter: isLeEnabled(): ON
02-20 11:57:31.227 21975 22264 D BluetoothLeScanner: Stop Scan with callback
02-20 11:57:31.317 21975 21975 I flutter : BLE: ------------------------------11:57:31 Fri 20 Feb.
02-20 11:57:31.318 21975 21975 I flutter : BLE: Tarama başlatılıyor... (nameFilter: null, manufacturerId: None)
02-20 11:57:31.321 21975 22264 D BluetoothAdapter: isLeEnabled(): ON
02-20 11:57:31.323 21975 22264 D BluetoothLeScanner: Start Scan with callback
02-20 11:57:31.327 21975 22265 D BluetoothLeScanner: onScannerRegistered() - status=0 scannerId=9 mScannerId=0
02-20 11:57:31.539 23357 23896 E BluetoothRemoteDevices: Remote class is UNCATEGORIZED
02-20 11:57:31.795 28816 28816 I flutter : BLE: Tarama durduruluyor...
02-20 11:57:31.798 28816 28816 I flutter : BLE: Tarama başarıyla durduruldu
02-20 11:57:31.799 28816 28892 D BluetoothAdapter: isLeEnabled(): ON
02-20 11:57:31.799 28816 28892 D BluetoothLeScanner: Stop Scan with callback
02-20 11:57:31.896 28816 28816 I flutter : BLE: ------------------------------11:57:31 Fri 20 Feb.
02-20 11:57:31.896 28816 28816 I flutter : BLE: Tarama başlatılıyor... (nameFilter: null, manufacturerId: None)
02-20 11:57:31.900 28816 28892 D BluetoothAdapter: isLeEnabled(): ON
02-20 11:57:31.901 28816 28892 D BluetoothLeScanner: Start Scan with callback
02-20 11:57:31.903 28816 28923 D BluetoothLeScanner: onScannerRegistered() - status=0 scannerId=10 mScannerId=0
02-20 11:57:32.016 28816 28816 I flutter : BLE: POLITEKNIK DEVICE FOUND DName=TANIMSIZ NOKTA,rn=82329117
02-20 11:57:32.016 28816 28816 I flutter : MD5 : 21029b9588157935ee2a3d142ee32906
02-20 11:57:32.016 28816 28816 I flutter : Epoch Time= 1771577852016 seconds ago. = 1771577852016
02-20 11:57:32.016 28816 28816 I flutter : BLE: Bulundu - TEST (7C:DF:A1:B9:AD:56) RSSI: -51
02-20 11:57:32.202 28816 28816 I flutter : BLE: POLITEKNIK DEVICE FOUND DName=TURNIKE2,rn=38394305
02-20 11:57:32.203 28816 28816 I flutter : MD5 : 75c0a87f7456ec529ac2837bf14892b4
02-20 11:57:32.203 28816 28816 I flutter : Epoch Time= 1771577852203 seconds ago. = 1771577852203
02-20 11:57:32.203 28816 28816 I flutter : BLE: Bulundu -  (7C:DF:A1:B7:2F:D2) RSSI: -81
02-20 11:57:32.283 23357 23896 E BluetoothRemoteDevices: Remote class is UNCATEGORIZED
02-20 11:57:32.514 22596 22620 D ScreenCapture: [Capture_TEST] : setIsScreenShotBySystem false
02-20 11:57:33.136 23357 23896 E BluetoothRemoteDevices: Remote class is UNCATEGORIZED
02-20 11:57:33.199 21975 21975 I SV[161403044 MainActivity]: onWindowVisibilityChanged(8) false io.flutter.embedding.android.FlutterSurfaceView{99ed0a4 V.E...... ........ 0,0-1080,2340} of VRI[MainActivity]@377eb79
02-20 11:57:33.201 21975 21975 I SV[161403044 MainActivity]: surfaceDestroyed callback.size 1 #2 io.flutter.embedding.android.FlutterSurfaceView{99ed0a4 V.E...... ........ 0,0-1080,2340}
02-20 11:57:33.235 23357 23896 E BluetoothRemoteDevices: Remote class is UNCATEGORIZED
02-20 11:57:33.235 21975 21975 I SV[161403044 MainActivity]: windowStopped(true) false io.flutter.embedding.android.FlutterSurfaceView{99ed0a4 V.E...... ........ 0,0-1080,2340} of VRI[MainActivity]@377eb79
02-20 11:57:33.377 23357 23896 E BluetoothRemoteDevices: Remote class is UNCATEGORIZED
02-20 11:57:33.516 23357 23896 E BluetoothRemoteDevices: Remote class is UNCATEGORIZED
02-20 11:57:34.867 23357 23896 E BluetoothRemoteDevices: Remote class is UNCATEGORIZED
02-20 11:57:35.240 23357 23896 E BluetoothRemoteDevices: Remote class is UNCATEGORIZED
02-20 11:57:36.430 23357 23896 E BluetoothRemoteDevices: Remote class is UNCATEGORIZED
02-20 11:57:37.679 23357 23896 E BluetoothRemoteDevices: Remote class is UNCATEGORIZED
02-20 11:57:37.719 22596 24177 W Binder  : 	at android.bluetooth.IBluetoothGatt$Stub$Proxy.getAdvertisingSetUids(IBluetoothGatt.java:1678)
02-20 11:57:37.719 22596 24177 W Binder  : 	at android.bluetooth.BluetoothAdapter.getAdvertisingSetUids(BluetoothAdapter.java:8476)
02-20 11:57:37.719 22596 24177 W Binder  : 	at android.bluetooth.BluetoothAdapter.getHWUsingApps(BluetoothAdapter.java:1342)
02-20 11:57:37.983 28816 28816 I flutter : BLE: Tarama durduruluyor...
02-20 11:57:37.986 28816 28816 I flutter : BLE: Tarama başarıyla durduruldu
02-20 11:57:37.987 28816 28892 D BluetoothAdapter: isLeEnabled(): ON
02-20 11:57:37.987 28816 28892 D BluetoothLeScanner: Stop Scan with callback
02-20 11:57:38.020 23357 23896 E BluetoothRemoteDevices: Remote class is UNCATEGORIZED
02-20 11:57:38.084 28816 28816 I flutter : BLE: ------------------------------11:57:38 Fri 20 Feb.
02-20 11:57:38.084 28816 28816 I flutter : BLE: Tarama başlatılıyor... (nameFilter: null, manufacturerId: None)
02-20 11:57:38.086 28816 28892 D BluetoothAdapter: isLeEnabled(): ON
02-20 11:57:38.088 28816 28892 D BluetoothLeScanner: Start Scan with callback
02-20 11:57:38.091 28816 28923 D BluetoothLeScanner: onScannerRegistered() - status=0 scannerId=10 mScannerId=0
02-20 11:57:38.133 28816 28816 I flutter : BLE: POLITEKNIK DEVICE FOUND DName=TANIMSIZ NOKTA,rn=82329117
02-20 11:57:38.133 28816 28816 I flutter : MD5 : 21029b9588157935ee2a3d142ee32906
02-20 11:57:38.133 28816 28816 I flutter : Epoch Time= 1771577858133 seconds ago. = 1771577858133
02-20 11:57:38.133 28816 28816 I flutter : BLE: Bulundu - TEST (7C:DF:A1:B9:AD:56) RSSI: -46
02-20 11:57:38.181 28816 28816 I flutter : BLE: POLITEKNIK DEVICE FOUND DName=TURNIKE2,rn=37261327
02-20 11:57:38.181 28816 28816 I flutter : MD5 : f514d8aa54628d4d47eb90c5ea747b57
02-20 11:57:38.181 28816 28816 I flutter : Epoch Time= 1771577858181 seconds ago. = 1771577858181
02-20 11:57:38.181 28816 28816 I flutter : BLE: Bulundu -  (7C:DF:A1:B7:2F:D2) RSSI: -88
02-20 11:57:38.189 23357 23896 E BluetoothRemoteDevices: Remote class is UNCATEGORIZED
02-20 11:57:38.206 23357 23896 E BluetoothRemoteDevices: Remote class is UNCATEGORIZED
02-20 11:57:38.500 23357 23896 E BluetoothRemoteDevices: Remote class is UNCATEGORIZED
02-20 11:57:41.213 21975 21975 I flutter : BLE: Tarama durduruluyor...
02-20 11:57:41.223 21975 21975 I flutter : BLE: Tarama başarıyla durduruldu
02-20 11:57:41.224 21975 22264 D BluetoothAdapter: isLeEnabled(): ON
02-20 11:57:41.224 21975 22264 D BluetoothLeScanner: Stop Scan with callback
02-20 11:57:41.316 21975 21975 I flutter : BLE: ------------------------------11:57:41 Fri 20 Feb.
02-20 11:57:41.317 21975 21975 I flutter : BLE: Tarama başlatılıyor... (nameFilter: null, manufacturerId: None)
02-20 11:57:41.324 21975 22264 D BluetoothAdapter: isLeEnabled(): ON
02-20 11:57:41.327 21975 22264 D BluetoothLeScanner: Start Scan with callback
02-20 11:57:41.330 21975 22265 D BluetoothLeScanner: onScannerRegistered() - status=0 scannerId=9 mScannerId=0
02-20 11:57:43.732 22596 24177 W Binder  : 	at android.bluetooth.IBluetoothGatt$Stub$Proxy.getAdvertisingSetUids(IBluetoothGatt.java:1678)
02-20 11:57:43.732 22596 24177 W Binder  : 	at android.bluetooth.BluetoothAdapter.getAdvertisingSetUids(BluetoothAdapter.java:8476)
02-20 11:57:43.732 22596 24177 W Binder  : 	at android.bluetooth.BluetoothAdapter.getHWUsingApps(BluetoothAdapter.java:1342)
02-20 11:57:43.893 23357 23896 E BluetoothRemoteDevices: Remote class is UNCATEGORIZED
02-20 11:57:44.139 28816 28816 I flutter : BLE: Tarama durduruluyor...
02-20 11:57:44.142 28816 28816 I flutter : BLE: Tarama başarıyla durduruldu
02-20 11:57:44.143 28816 28892 D BluetoothAdapter: isLeEnabled(): ON
02-20 11:57:44.143 28816 28892 D BluetoothLeScanner: Stop Scan with callback
02-20 11:57:44.241 28816 28816 I flutter : BLE: ------------------------------11:57:44 Fri 20 Feb.
02-20 11:57:44.241 28816 28816 I flutter : BLE: Tarama başlatılıyor... (nameFilter: null, manufacturerId: None)
02-20 11:57:44.243 28816 28892 D BluetoothAdapter: isLeEnabled(): ON
02-20 11:57:44.244 28816 28892 D BluetoothLeScanner: Start Scan with callback
02-20 11:57:44.247 28816 28925 D BluetoothLeScanner: onScannerRegistered() - status=0 scannerId=10 mScannerId=0
02-20 11:57:44.381 28816 28816 I flutter : BLE: POLITEKNIK DEVICE FOUND DName=TURNIKE2,rn=37261327
02-20 11:57:44.382 28816 28816 I flutter : MD5 : f514d8aa54628d4d47eb90c5ea747b57
02-20 11:57:44.382 28816 28816 I flutter : Epoch Time= 1771577864382 seconds ago. = 1771577864382
02-20 11:57:44.382 28816 28816 I flutter : BLE: Bulundu -  (7C:DF:A1:B7:2F:D2) RSSI: -81
02-20 11:57:44.503 23357 23896 E BluetoothRemoteDevices: Remote class is UNCATEGORIZED
02-20 11:57:45.964 23357 23896 E BluetoothRemoteDevices: Remote class is UNCATEGORIZED
02-20 11:57:46.043 23357 23896 E BluetoothRemoteDevices: Remote class is UNCATEGORIZED
02-20 11:57:46.795 28816 28816 I flutter : BLE: Tarama durduruluyor...
02-20 11:57:46.797 28816 28816 I flutter : BLE: Tarama başarıyla durduruldu
02-20 11:57:46.798 28816 28892 D BluetoothAdapter: isLeEnabled(): ON
